Archive member included to satisfy reference by file (symbol)

c:/mounriver/mounriver_studio2/resources/app/resources/win32/components/wch/toolchain/risc-v embedded gcc/bin/../lib/gcc/riscv-none-embed/8.2.0/rv32imacxw/ilp32\libgcc.a(save-restore.o)
                              ./User/rtc.o (__riscv_save_12)
c:/mounriver/mounriver_studio2/resources/app/resources/win32/components/wch/toolchain/risc-v embedded gcc/bin/../lib/gcc/riscv-none-embed/8.2.0/../../../../riscv-none-embed/lib/rv32imacxw/ilp32\libg_nano.a(lib_a-sprintf.o)
                              ./User/main.o (sprintf)
c:/mounriver/mounriver_studio2/resources/app/resources/win32/components/wch/toolchain/risc-v embedded gcc/bin/../lib/gcc/riscv-none-embed/8.2.0/../../../../riscv-none-embed/lib/rv32imacxw/ilp32\libg_nano.a(lib_a-sscanf.o)
                              ./User/main.o (sscanf)
c:/mounriver/mounriver_studio2/resources/app/resources/win32/components/wch/toolchain/risc-v embedded gcc/bin/../lib/gcc/riscv-none-embed/8.2.0/../../../../riscv-none-embed/lib/rv32imacxw/ilp32\libg_nano.a(lib_a-stdio.o)
                              c:/mounriver/mounriver_studio2/resources/app/resources/win32/components/wch/toolchain/risc-v embedded gcc/bin/../lib/gcc/riscv-none-embed/8.2.0/../../../../riscv-none-embed/lib/rv32imacxw/ilp32\libg_nano.a(lib_a-sscanf.o) (__seofread)
c:/mounriver/mounriver_studio2/resources/app/resources/win32/components/wch/toolchain/risc-v embedded gcc/bin/../lib/gcc/riscv-none-embed/8.2.0/../../../../riscv-none-embed/lib/rv32imacxw/ilp32\libg_nano.a(lib_a-strlen.o)
                              c:/mounriver/mounriver_studio2/resources/app/resources/win32/components/wch/toolchain/risc-v embedded gcc/bin/../lib/gcc/riscv-none-embed/8.2.0/../../../../riscv-none-embed/lib/rv32imacxw/ilp32\libg_nano.a(lib_a-sscanf.o) (strlen)
c:/mounriver/mounriver_studio2/resources/app/resources/win32/components/wch/toolchain/risc-v embedded gcc/bin/../lib/gcc/riscv-none-embed/8.2.0/../../../../riscv-none-embed/lib/rv32imacxw/ilp32\libg_nano.a(lib_a-writer.o)
                              c:/mounriver/mounriver_studio2/resources/app/resources/win32/components/wch/toolchain/risc-v embedded gcc/bin/../lib/gcc/riscv-none-embed/8.2.0/../../../../riscv-none-embed/lib/rv32imacxw/ilp32\libg_nano.a(lib_a-stdio.o) (_write_r)
c:/mounriver/mounriver_studio2/resources/app/resources/win32/components/wch/toolchain/risc-v embedded gcc/bin/../lib/gcc/riscv-none-embed/8.2.0/../../../../riscv-none-embed/lib/rv32imacxw/ilp32\libg_nano.a(lib_a-closer.o)
                              c:/mounriver/mounriver_studio2/resources/app/resources/win32/components/wch/toolchain/risc-v embedded gcc/bin/../lib/gcc/riscv-none-embed/8.2.0/../../../../riscv-none-embed/lib/rv32imacxw/ilp32\libg_nano.a(lib_a-stdio.o) (_close_r)
c:/mounriver/mounriver_studio2/resources/app/resources/win32/components/wch/toolchain/risc-v embedded gcc/bin/../lib/gcc/riscv-none-embed/8.2.0/../../../../riscv-none-embed/lib/rv32imacxw/ilp32\libg_nano.a(lib_a-impure.o)
                              c:/mounriver/mounriver_studio2/resources/app/resources/win32/components/wch/toolchain/risc-v embedded gcc/bin/../lib/gcc/riscv-none-embed/8.2.0/../../../../riscv-none-embed/lib/rv32imacxw/ilp32\libg_nano.a(lib_a-sprintf.o) (_impure_ptr)
c:/mounriver/mounriver_studio2/resources/app/resources/win32/components/wch/toolchain/risc-v embedded gcc/bin/../lib/gcc/riscv-none-embed/8.2.0/../../../../riscv-none-embed/lib/rv32imacxw/ilp32\libg_nano.a(lib_a-lseekr.o)
                              c:/mounriver/mounriver_studio2/resources/app/resources/win32/components/wch/toolchain/risc-v embedded gcc/bin/../lib/gcc/riscv-none-embed/8.2.0/../../../../riscv-none-embed/lib/rv32imacxw/ilp32\libg_nano.a(lib_a-stdio.o) (_lseek_r)
c:/mounriver/mounriver_studio2/resources/app/resources/win32/components/wch/toolchain/risc-v embedded gcc/bin/../lib/gcc/riscv-none-embed/8.2.0/../../../../riscv-none-embed/lib/rv32imacxw/ilp32\libg_nano.a(lib_a-nano-svfprintf.o)
                              c:/mounriver/mounriver_studio2/resources/app/resources/win32/components/wch/toolchain/risc-v embedded gcc/bin/../lib/gcc/riscv-none-embed/8.2.0/../../../../riscv-none-embed/lib/rv32imacxw/ilp32\libg_nano.a(lib_a-sprintf.o) (_svfprintf_r)
c:/mounriver/mounriver_studio2/resources/app/resources/win32/components/wch/toolchain/risc-v embedded gcc/bin/../lib/gcc/riscv-none-embed/8.2.0/../../../../riscv-none-embed/lib/rv32imacxw/ilp32\libg_nano.a(lib_a-nano-svfscanf.o)
                              c:/mounriver/mounriver_studio2/resources/app/resources/win32/components/wch/toolchain/risc-v embedded gcc/bin/../lib/gcc/riscv-none-embed/8.2.0/../../../../riscv-none-embed/lib/rv32imacxw/ilp32\libg_nano.a(lib_a-sscanf.o) (__ssvfscanf_r)
[...]
Memory Configuration

Name             Origin             Length             Attributes
FLASH            0x0000000000000000 0x0000000000010000 xr
RAM              0x0000000020000000 0x0000000000005000 xrw
*default*        0x0000000000000000 0xffffffffffffffff

Linker script and memory map

LOAD ./User/USBLIB/USB-Driver/src/usb_core.o
LOAD ./User/USBLIB/USB-Driver/src/usb_init.o
LOAD ./User/USBLIB/USB-Driver/src/usb_int.o
LOAD ./User/USBLIB/USB-Driver/src/usb_mem.o
LOAD ./User/USBLIB/USB-Driver/src/usb_regs.o
LOAD ./User/USBLIB/USB-Driver/src/usb_sil.o
LOAD ./User/USBLIB/CONFIG/hw_config.o
LOAD ./User/USBLIB/CONFIG/usb_desc.o
LOAD ./User/USBLIB/CONFIG/usb_endp.o
LOAD ./User/USBLIB/CONFIG/usb_istr.o
LOAD ./User/USBLIB/CONFIG/usb_prop.o
LOAD ./User/USBLIB/CONFIG/usb_pwr.o
LOAD ./User/ch32v20x_it.o
LOAD ./User/main.o
LOAD ./User/rtc.o
LOAD ./User/system_ch32v20x.o
LOAD ./User/usb_serial.o
LOAD ./Startup/startup_ch32v20x_D6.o
LOAD ./Peripheral/src/ch32v20x_adc.o
LOAD ./Peripheral/src/ch32v20x_bkp.o
LOAD ./Peripheral/src/ch32v20x_can.o
LOAD ./Peripheral/src/ch32v20x_crc.o
LOAD ./Peripheral/src/ch32v20x_dbgmcu.o
LOAD ./Peripheral/src/ch32v20x_dma.o
LOAD ./Peripheral/src/ch32v20x_exti.o
LOAD ./Peripheral/src/ch32v20x_flash.o
LOAD ./Peripheral/src/ch32v20x_gpio.o
LOAD ./Peripheral/src/ch32v20x_i2c.o
LOAD ./Peripheral/src/ch32v20x_iwdg.o
LOAD ./Peripheral/src/ch32v20x_misc.o
LOAD ./Peripheral/src/ch32v20x_opa.o
LOAD ./Peripheral/src/ch32v20x_pwr.o
LOAD ./Peripheral/src/ch32v20x_rcc.o
LOAD ./Peripheral/src/ch32v20x_rtc.o
LOAD ./Peripheral/src/ch32v20x_spi.o
LOAD ./Peripheral/src/ch32v20x_tim.o
LOAD ./Peripheral/src/ch32v20x_usart.o
LOAD ./Peripheral/src/ch32v20x_wwdg.o
LOAD ./Debug/debug.o
LOAD ./Core/core_riscv.o
LOAD c:/mounriver/mounriver_studio2/resources/app/resources/win32/components/wch/toolchain/risc-v embedded gcc/bin/../lib/gcc/riscv-none-embed/8.2.0/rv32imacxw/ilp32\libgcc.a
LOAD c:/mounriver/mounriver_studio2/resources/app/resources/win32/components/wch/toolchain/risc-v embedded gcc/bin/../lib/gcc/riscv-none-embed/8.2.0/../../../../riscv-none-embed/lib/rv32imacxw/ilp32\libg_nano.a
LOAD c:/mounriver/mounriver_studio2/resources/app/resources/win32/components/wch/toolchain/risc-v embedded gcc/bin/../lib/gcc/riscv-none-embed/8.2.0/../../../../riscv-none-embed/lib/rv32imacxw/ilp32\libc_nano.a
LOAD c:/mounriver/mounriver_studio2/resources/app/resources/win32/components/wch/toolchain/risc-v embedded gcc/bin/../lib/gcc/riscv-none-embed/8.2.0/rv32imacxw/ilp32\libgcc.a
START GROUP
LOAD c:/mounriver/mounriver_studio2/resources/app/resources/win32/components/wch/toolchain/risc-v embedded gcc/bin/../lib/gcc/riscv-none-embed/8.2.0/rv32imacxw/ilp32\libgcc.a
LOAD c:/mounriver/mounriver_studio2/resources/app/resources/win32/components/wch/toolchain/risc-v embedded gcc/bin/../lib/gcc/riscv-none-embed/8.2.0/../../../../riscv-none-embed/lib/rv32imacxw/ilp32\libc_nano.a
LOAD c:/mounriver/mounriver_studio2/resources/app/resources/win32/components/wch/toolchain/risc-v embedded gcc/bin/../lib/gcc/riscv-none-embed/8.2.0/../../../../riscv-none-embed/lib/rv32imacxw/ilp32\libnosys.a
END GROUP
START GROUP
LOAD c:/mounriver/mounriver_studio2/resources/app/resources/win32/components/wch/toolchain/risc-v embedded gcc/bin/../lib/gcc/riscv-none-embed/8.2.0/rv32imacxw/ilp32\libgcc.a
LOAD c:/mounriver/mounriver_studio2/resources/app/resources/win32/components/wch/toolchain/risc-v embedded gcc/bin/../lib/gcc/riscv-none-embed/8.2.0/../../../../riscv-none-embed/lib/rv32imacxw/ilp32\libc_nano.a
LOAD c:/mounriver/mounriver_studio2/resources/app/resources/win32/components/wch/toolchain/risc-v embedded gcc/bin/../lib/gcc/riscv-none-embed/8.2.0/../../../../riscv-none-embed/lib/rv32imacxw/ilp32\libnosys.a
END GROUP
                0x0000000000000800                __stack_size = 0x800
                [!provide]                        PROVIDE (_stack_size = __stack_size)

.init           0x0000000000000000        0x4
                0x0000000000000000                _sinit = .
                0x0000000000000000                . = ALIGN (0x4)
 *(SORT_NONE(.init))
 .init          0x0000000000000000        0x4 ./Startup/startup_ch32v20x_D6.o
                0x0000000000000000                _start
                0x0000000000000004                . = ALIGN (0x4)
                0x0000000000000004                _einit = .

.vector         0x0000000000000004       0xfc
 *(.vector)
 .vector        0x0000000000000004       0xfc ./Startup/startup_ch32v20x_D6.o
                0x0000000000000100                . = ALIGN (0x40)

.text           0x0000000000000100     0x3e88
                0x0000000000000100                . = ALIGN (0x4)
 *(.text)
 .text          0x0000000000000100       0x60 c:/mounriver/mounriver_studio2/resources/app/resources/win32/components/wch/toolchain/risc-v embedded gcc/bin/../lib/gcc/riscv-none-embed/8.2.0/rv32imacxw/ilp32\libgcc.a(save-restore.o)
                0x0000000000000100                __riscv_save_12
                0x0000000000000108                __riscv_save_9
                0x0000000000000108                __riscv_save_11
                0x0000000000000108                __riscv_save_10
                0x0000000000000108                __riscv_save_8
                0x0000000000000116                __riscv_save_4
                0x0000000000000116                __riscv_save_6
                0x0000000000000116                __riscv_save_5
                0x0000000000000116                __riscv_save_7
                0x0000000000000130                __riscv_save_3
                0x0000000000000130                __riscv_save_2
                0x0000000000000130                __riscv_save_1
                0x0000000000000130                __riscv_save_0
                0x000000000000013c                __riscv_restore_12
                0x0000000000000140                __riscv_restore_11
                0x0000000000000140                __riscv_restore_9
                0x0000000000000140                __riscv_restore_10
                0x0000000000000140                __riscv_restore_8
                0x000000000000014a                __riscv_restore_5
                0x000000000000014a                __riscv_restore_7
                0x000000000000014a                __riscv_restore_6
                0x000000000000014a                __riscv_restore_4
                0x0000000000000154                __riscv_restore_3
                0x0000000000000154                __riscv_restore_0
                0x0000000000000154                __riscv_restore_2
                0x0000000000000154                __riscv_restore_1
 *(.text.*)
 .text.Standard_GetConfiguration
                0x0000000000000160       0x20 ./User/USBLIB/USB-Driver/src/usb_core.o
                0x0000000000000160                Standard_GetConfiguration
 .text.Standard_GetInterface
                0x0000000000000180       0x20 ./User/USBLIB/USB-Driver/src/usb_core.o
                0x0000000000000180                Standard_GetInterface
 .text.Standard_GetStatus
                0x00000000000001a0       0x8e ./User/USBLIB/USB-Driver/src/usb_core.o
                0x00000000000001a0                Standard_GetStatus
 .text.DataStageIn
                0x000000000000022e       0xae ./User/USBLIB/USB-Driver/src/usb_core.o
 .text.Standard_SetConfiguration
                0x00000000000002dc       0x2c ./User/USBLIB/USB-Driver/src/usb_core.o
                0x00000000000002dc                Standard_SetConfiguration
 .text.Standard_SetInterface
                0x0000000000000308       0x48 ./User/USBLIB/USB-Driver/src/usb_core.o
                0x0000000000000308                Standard_SetInterface
 .text.Standard_ClearFeature
                0x0000000000000350      0x11a ./User/USBLIB/USB-Driver/src/usb_core.o
                0x0000000000000350                Standard_ClearFeature
 .text.Standard_SetEndPointFeature
                0x000000000000046a       0xba ./User/USBLIB/USB-Driver/src/usb_core.o
                0x000000000000046a                Standard_SetEndPointFeature
 .text.Standard_SetDeviceFeature
                0x0000000000000524       0x1c ./User/USBLIB/USB-Driver/src/usb_core.o
                0x0000000000000524                Standard_SetDeviceFeature
 .text.Standard_GetDescriptorData
                0x0000000000000540       0x18 ./User/USBLIB/USB-Driver/src/usb_core.o
                0x0000000000000540                Standard_GetDescriptorData
 .text.Post0_Process
                0x0000000000000558       0x32 ./User/USBLIB/USB-Driver/src/usb_core.o
                0x0000000000000558                Post0_Process
 .text.Setup0_Process
                0x000000000000058a      0x2f0 ./User/USBLIB/USB-Driver/src/usb_core.o
                0x000000000000058a                Setup0_Process
 .text.Out0_Process
                0x000000000000087a       0xca ./User/USBLIB/USB-Driver/src/usb_core.o
                0x000000000000087a                Out0_Process
 .text.SetDeviceAddress
                0x0000000000000944       0x4a ./User/USBLIB/USB-Driver/src/usb_core.o
                0x0000000000000944                SetDeviceAddress
 .text.In0_Process
                0x000000000000098e       0x5a ./User/USBLIB/USB-Driver/src/usb_core.o
                0x000000000000098e                In0_Process
 .text.NOP_Process
                0x00000000000009e8        0x2 ./User/USBLIB/USB-Driver/src/usb_core.o
                0x00000000000009e8                NOP_Process
 .text.USB_Init
                0x00000000000009ea       0x32 ./User/USBLIB/USB-Driver/src/usb_init.o
                0x00000000000009ea                USB_Init
 .text.CTR_LP   0x0000000000000a1c      0x3b8 ./User/USBLIB/USB-Driver/src/usb_int.o
                0x0000000000000a1c                CTR_LP
 .text.UserToPMABufferCopy
                0x0000000000000dd4       0x24 ./User/USBLIB/USB-Driver/src/usb_mem.o
                0x0000000000000dd4                UserToPMABufferCopy
 .text.PMAToUserBufferCopy
                0x0000000000000df8       0x1e ./User/USBLIB/USB-Driver/src/usb_mem.o
                0x0000000000000df8                PMAToUserBufferCopy
 .text.SetBTABLE
                0x0000000000000e16       0x10 ./User/USBLIB/USB-Driver/src/usb_regs.o
                0x0000000000000e16                SetBTABLE
 .text.SetEPType
                0x0000000000000e26       0x20 ./User/USBLIB/USB-Driver/src/usb_regs.o
                0x0000000000000e26                SetEPType
 .text.SetEPTxStatus
                0x0000000000000e46       0x48 ./User/USBLIB/USB-Driver/src/usb_regs.o
                0x0000000000000e46                SetEPTxStatus
 .text.SetEPRxStatus
                0x0000000000000e8e       0x56 ./User/USBLIB/USB-Driver/src/usb_regs.o
                0x0000000000000e8e                SetEPRxStatus
 .text.SetEPRxValid
                0x0000000000000ee4       0x42 ./User/USBLIB/USB-Driver/src/usb_regs.o
                0x0000000000000ee4                SetEPRxValid
 .text.ClearEP_KIND
                0x0000000000000f26       0x26 ./User/USBLIB/USB-Driver/src/usb_regs.o
                0x0000000000000f26                ClearEP_KIND
 .text.Clear_Status_Out
                0x0000000000000f4c        0xa ./User/USBLIB/USB-Driver/src/usb_regs.o
                0x0000000000000f4c                Clear_Status_Out
 .text.ClearDTOG_RX
                0x0000000000000f56       0x34 ./User/USBLIB/USB-Driver/src/usb_regs.o
                0x0000000000000f56                ClearDTOG_RX
 .text.ClearDTOG_TX
                0x0000000000000f8a       0x30 ./User/USBLIB/USB-Driver/src/usb_regs.o
                0x0000000000000f8a                ClearDTOG_TX
 .text.SetEPTxAddr
                0x0000000000000fba       0x20 ./User/USBLIB/USB-Driver/src/usb_regs.o
                0x0000000000000fba                SetEPTxAddr
 .text.SetEPRxAddr
                0x0000000000000fda       0x22 ./User/USBLIB/USB-Driver/src/usb_regs.o
                0x0000000000000fda                SetEPRxAddr
 .text.GetEPTxAddr
                0x0000000000000ffc       0x1c ./User/USBLIB/USB-Driver/src/usb_regs.o
                0x0000000000000ffc                GetEPTxAddr
 .text.GetEPRxAddr
                0x0000000000001018       0x1e ./User/USBLIB/USB-Driver/src/usb_regs.o
                0x0000000000001018                GetEPRxAddr
 .text.SetEPTxCount
                0x0000000000001036       0x1e ./User/USBLIB/USB-Driver/src/usb_regs.o
                0x0000000000001036                SetEPTxCount
 .text.SetEPRxCount
                0x0000000000001054       0x82 ./User/USBLIB/USB-Driver/src/usb_regs.o
                0x0000000000001054                SetEPRxCount
 .text.GetEPRxCount
                0x00000000000010d6       0x22 ./User/USBLIB/USB-Driver/src/usb_regs.o
                0x00000000000010d6                GetEPRxCount
 .text.ByteSwap
                0x00000000000010f8        0xe ./User/USBLIB/USB-Driver/src/usb_regs.o
                0x00000000000010f8                ByteSwap
 .text.USB_SIL_Init
                0x0000000000001106       0x20 ./User/USBLIB/USB-Driver/src/usb_sil.o
                0x0000000000001106                USB_SIL_Init
 .text.USB_SIL_Write
                0x0000000000001126       0x28 ./User/USBLIB/USB-Driver/src/usb_sil.o
                0x0000000000001126                USB_SIL_Write
 .text.USB_SIL_Read
                0x000000000000114e       0x22 ./User/USBLIB/USB-Driver/src/usb_sil.o
                0x000000000000114e                USB_SIL_Read
 .text.USB_LP_CAN1_RX0_IRQHandler
                0x0000000000001170        0x6 ./User/USBLIB/CONFIG/hw_config.o
                0x0000000000001170                USB_LP_CAN1_RX0_IRQHandler
 .text.Set_USBConfig
                0x0000000000001176       0x44 ./User/USBLIB/CONFIG/hw_config.o
                0x0000000000001176                Set_USBConfig
 .text.Enter_LowPowerMode
                0x00000000000011ba        0x8 ./User/USBLIB/CONFIG/hw_config.o
                0x00000000000011ba                Enter_LowPowerMode
 .text.Leave_LowPowerMode
                0x00000000000011c2       0x12 ./User/USBLIB/CONFIG/hw_config.o
                0x00000000000011c2                Leave_LowPowerMode
 .text.USB_Interrupts_Config
                0x00000000000011d4       0x2c ./User/USBLIB/CONFIG/hw_config.o
                0x00000000000011d4                USB_Interrupts_Config
 .text.USB_Port_Set
                0x0000000000001200       0xb2 ./User/USBLIB/CONFIG/hw_config.o
                0x0000000000001200                USB_Port_Set
 .text.usbSerial_start
                0x00000000000012b2       0x42 ./User/USBLIB/CONFIG/usb_endp.o
                0x00000000000012b2                usbSerial_start
 .text.usbSerial_connected
                0x00000000000012f4       0x22 ./User/USBLIB/CONFIG/usb_endp.o
                0x00000000000012f4                usbSerial_connected
 .text.usbSerial_writeReady
                0x0000000000001316       0x30 ./User/USBLIB/CONFIG/usb_endp.o
                0x0000000000001316                usbSerial_writeReady
 .text.usbSerial_flush
                0x0000000000001346       0x4e ./User/USBLIB/CONFIG/usb_endp.o
                0x0000000000001346                usbSerial_flush
 .text.usbSerial_writeP
                0x0000000000001394       0x52 ./User/USBLIB/CONFIG/usb_endp.o
                0x0000000000001394                usbSerial_writeP
 .text.usbSerial_available
                0x00000000000013e6       0x10 ./User/USBLIB/CONFIG/usb_endp.o
                0x00000000000013e6                usbSerial_available
 .text.usbSerial_read
                0x00000000000013f6       0x2a ./User/USBLIB/CONFIG/usb_endp.o
                0x00000000000013f6                usbSerial_read
 .text.EP1_IN_Callback
                0x0000000000001420        0x2 ./User/USBLIB/CONFIG/usb_endp.o
                0x0000000000001420                EP1_IN_Callback
 .text.EP2_OUT_Callback
                0x0000000000001422       0x56 ./User/USBLIB/CONFIG/usb_endp.o
                0x0000000000001422                EP2_OUT_Callback
 .text.EP3_IN_Callback
                0x0000000000001478        0xa ./User/USBLIB/CONFIG/usb_endp.o
                0x0000000000001478                EP3_IN_Callback
 .text.USB_Istr
                0x0000000000001482      0x208 ./User/USBLIB/CONFIG/usb_istr.o
                0x0000000000001482                USB_Istr
 .text.USBD_SetConfiguration
                0x000000000000168a        0xe ./User/USBLIB/CONFIG/usb_prop.o
                0x000000000000168a                USBD_SetConfiguration
 .text.USBD_SetDeviceAddress
                0x0000000000001698        0x8 ./User/USBLIB/CONFIG/usb_prop.o
                0x0000000000001698                USBD_SetDeviceAddress
 .text.USBD_SetDeviceFeature
                0x00000000000016a0        0x2 ./User/USBLIB/CONFIG/usb_prop.o
                0x00000000000016a0                USBD_SetDeviceFeature
 .text.USBD_Get_Interface_Setting
                0x00000000000016a2       0x10 ./User/USBLIB/CONFIG/usb_prop.o
                0x00000000000016a2                USBD_Get_Interface_Setting
 .text.USB_CDC_GetLineCoding
                0x00000000000016b2       0x12 ./User/USBLIB/CONFIG/usb_prop.o
                0x00000000000016b2                USB_CDC_GetLineCoding
 .text.USB_CDC_SetLineCoding
                0x00000000000016c4        0xa ./User/USBLIB/CONFIG/usb_prop.o
                0x00000000000016c4                USB_CDC_SetLineCoding
 .text.USBD_Data_Setup
                0x00000000000016ce       0x4a ./User/USBLIB/CONFIG/usb_prop.o
                0x00000000000016ce                USBD_Data_Setup
 .text.USBD_NoData_Setup
                0x0000000000001718       0x28 ./User/USBLIB/CONFIG/usb_prop.o
                0x0000000000001718                USBD_NoData_Setup
 .text.USBD_init
                0x0000000000001740       0x46 ./User/USBLIB/CONFIG/usb_prop.o
                0x0000000000001740                USBD_init
 .text.USBD_Reset
                0x0000000000001786      0x258 ./User/USBLIB/CONFIG/usb_prop.o
                0x0000000000001786                USBD_Reset
 .text.USBD_GetDeviceDescriptor
                0x00000000000019de       0x10 ./User/USBLIB/CONFIG/usb_prop.o
                0x00000000000019de                USBD_GetDeviceDescriptor
 .text.USBD_GetConfigDescriptor
                0x00000000000019ee       0x10 ./User/USBLIB/CONFIG/usb_prop.o
                0x00000000000019ee                USBD_GetConfigDescriptor
 .text.USBD_GetStringDescriptor
                0x00000000000019fe       0x28 ./User/USBLIB/CONFIG/usb_prop.o
                0x00000000000019fe                USBD_GetStringDescriptor
 .text.USBD_Status_Out
                0x0000000000001a26        0x2 ./User/USBLIB/CONFIG/usb_prop.o
                0x0000000000001a26                USBD_Status_Out
 .text.USBD_ClearFeature
                0x0000000000001a28        0x2 ./User/USBLIB/CONFIG/usb_prop.o
                0x0000000000001a28                USBD_ClearFeature
 .text.USBD_Status_In
                0x0000000000001a2a        0x2 ./User/USBLIB/CONFIG/usb_prop.o
                0x0000000000001a2a                USBD_Status_In
 .text.PowerOn  0x0000000000001a2c       0x2a ./User/USBLIB/CONFIG/usb_pwr.o
                0x0000000000001a2c                PowerOn
 .text.Suspend  0x0000000000001a56       0xba ./User/USBLIB/CONFIG/usb_pwr.o
                0x0000000000001a56                Suspend
 .text.Resume_Init
                0x0000000000001b10       0x2c ./User/USBLIB/CONFIG/usb_pwr.o
                0x0000000000001b10                Resume_Init
 .text.Resume   0x0000000000001b3c       0xb6 ./User/USBLIB/CONFIG/usb_pwr.o
                0x0000000000001b3c                Resume
 .text.NMI_Handler
                0x0000000000001bf2        0x2 ./User/ch32v20x_it.o
                0x0000000000001bf2                NMI_Handler
 .text.HardFault_Handler
                0x0000000000001bf4        0x2 ./User/ch32v20x_it.o
                0x0000000000001bf4                HardFault_Handler
 .text.processUSBData
                0x0000000000001bf6       0xb2 ./User/main.o
                0x0000000000001bf6                processUSBData
 .text.startup.main
                0x0000000000001ca8       0x58 ./User/main.o
                0x0000000000001ca8                main
 .text.Is_Leap_Year
                0x0000000000001d00       0x26 ./User/rtc.o
                0x0000000000001d00                Is_Leap_Year
 .text.RTC_Set  0x0000000000001d26       0xd6 ./User/rtc.o
                0x0000000000001d26                RTC_Set
 .text.RTC_Get_Week
                0x0000000000001dfc       0x4e ./User/rtc.o
                0x0000000000001dfc                RTC_Get_Week
 .text.RTC_Get  0x0000000000001e4a       0xf6 ./User/rtc.o
                0x0000000000001e4a                RTC_Get
 .text.RTC_Init
                0x0000000000001f40       0xb8 ./User/rtc.o
                0x0000000000001f40                RTC_Init
 .text.RTC_IRQHandler
                0x0000000000001ff8       0x1e ./User/rtc.o
                0x0000000000001ff8                RTC_IRQHandler
 .text.SystemInit
                0x0000000000002016       0xa8 ./User/system_ch32v20x.o
                0x0000000000002016                SystemInit
 .text.SystemCoreClockUpdate
                0x00000000000020be       0x8e ./User/system_ch32v20x.o
                0x00000000000020be                SystemCoreClockUpdate
 .text.getLen   0x000000000000214c       0x2a ./User/usb_serial.o
                0x000000000000214c                getLen
 .text.usbSerial_println_s
                0x0000000000002176       0x44 ./User/usb_serial.o
                0x0000000000002176                usbSerial_println_s
 .text.vector_handler
                0x00000000000021ba        0x2 ./Startup/startup_ch32v20x_D6.o
                0x00000000000021ba                EXTI2_IRQHandler
                0x00000000000021ba                TIM1_CC_IRQHandler
                0x00000000000021ba                SysTick_Handler
                0x00000000000021ba                PVD_IRQHandler
                0x00000000000021ba                EXTI3_IRQHandler
                0x00000000000021ba                USBFS_IRQHandler
                0x00000000000021ba                EXTI0_IRQHandler
                0x00000000000021ba                I2C2_EV_IRQHandler
                0x00000000000021ba                ADC1_2_IRQHandler
                0x00000000000021ba                Break_Point_Handler
                0x00000000000021ba                SPI1_IRQHandler
                0x00000000000021ba                TAMPER_IRQHandler
                0x00000000000021ba                Ecall_M_Mode_Handler
                0x00000000000021ba                DMA1_Channel4_IRQHandler
                0x00000000000021ba                USART3_IRQHandler
                0x00000000000021ba                DMA1_Channel7_IRQHandler
                0x00000000000021ba                CAN1_RX1_IRQHandler
                0x00000000000021ba                TIM4_IRQHandler
                0x00000000000021ba                I2C1_EV_IRQHandler
                0x00000000000021ba                DMA1_Channel6_IRQHandler
                0x00000000000021ba                UART4_IRQHandler
                0x00000000000021ba                TIM3_IRQHandler
                0x00000000000021ba                RCC_IRQHandler
                0x00000000000021ba                TIM1_TRG_COM_IRQHandler
                0x00000000000021ba                DMA1_Channel1_IRQHandler
                0x00000000000021ba                EXTI15_10_IRQHandler
                0x00000000000021ba                DMA1_Channel8_IRQHandler
                0x00000000000021ba                EXTI9_5_IRQHandler
                0x00000000000021ba                SPI2_IRQHandler
                0x00000000000021ba                DMA1_Channel5_IRQHandler
                0x00000000000021ba                EXTI4_IRQHandler
                0x00000000000021ba                USB_HP_CAN1_TX_IRQHandler
                0x00000000000021ba                DMA1_Channel3_IRQHandler
                0x00000000000021ba                TIM1_UP_IRQHandler
                0x00000000000021ba                WWDG_IRQHandler
                0x00000000000021ba                Ecall_U_Mode_Handler
                0x00000000000021ba                TIM2_IRQHandler
                0x00000000000021ba                SW_Handler
                0x00000000000021ba                TIM1_BRK_IRQHandler
                0x00000000000021ba                EXTI1_IRQHandler
                0x00000000000021ba                RTCAlarm_IRQHandler
                0x00000000000021ba                USART2_IRQHandler
                0x00000000000021ba                I2C2_ER_IRQHandler
                0x00000000000021ba                DMA1_Channel2_IRQHandler
                0x00000000000021ba                CAN1_SCE_IRQHandler
                0x00000000000021ba                FLASH_IRQHandler
                0x00000000000021ba                USBFSWakeUp_IRQHandler
                0x00000000000021ba                USART1_IRQHandler
                0x00000000000021ba                I2C1_ER_IRQHandler
                0x00000000000021ba                USBWakeUp_IRQHandler
 .text.handle_reset
                0x00000000000021bc       0x86 ./Startup/startup_ch32v20x_D6.o
                0x00000000000021bc                handle_reset
 .text.BKP_DeInit
                0x0000000000002242       0x10 ./Peripheral/src/ch32v20x_bkp.o
                0x0000000000002242                BKP_DeInit
 .text.BKP_WriteBackupRegister
                0x0000000000002252       0x1c ./Peripheral/src/ch32v20x_bkp.o
                0x0000000000002252                BKP_WriteBackupRegister
 .text.BKP_ReadBackupRegister
                0x000000000000226e       0x1c ./Peripheral/src/ch32v20x_bkp.o
                0x000000000000226e                BKP_ReadBackupRegister
 .text.NVIC_PriorityGroupConfig
                0x000000000000228a        0x6 ./Peripheral/src/ch32v20x_misc.o
                0x000000000000228a                NVIC_PriorityGroupConfig
 .text.NVIC_Init
                0x0000000000002290       0x54 ./Peripheral/src/ch32v20x_misc.o
                0x0000000000002290                NVIC_Init
 .text.PWR_BackupAccessCmd
                0x00000000000022e4       0x16 ./Peripheral/src/ch32v20x_pwr.o
                0x00000000000022e4                PWR_BackupAccessCmd
 .text.PWR_WakeUpPinCmd
                0x00000000000022fa       0x16 ./Peripheral/src/ch32v20x_pwr.o
                0x00000000000022fa                PWR_WakeUpPinCmd
 .text.RCC_USBCLKConfig
                0x0000000000002310       0x1a ./Peripheral/src/ch32v20x_rcc.o
                0x0000000000002310                RCC_USBCLKConfig
 .text.RCC_LSEConfig
                0x000000000000232a       0x28 ./Peripheral/src/ch32v20x_rcc.o
                0x000000000000232a                RCC_LSEConfig
 .text.RCC_RTCCLKConfig
                0x0000000000002352        0xc ./Peripheral/src/ch32v20x_rcc.o
                0x0000000000002352                RCC_RTCCLKConfig
 .text.RCC_RTCCLKCmd
                0x000000000000235e       0x20 ./Peripheral/src/ch32v20x_rcc.o
                0x000000000000235e                RCC_RTCCLKCmd
 .text.RCC_APB2PeriphClockCmd
                0x000000000000237e       0x1e ./Peripheral/src/ch32v20x_rcc.o
                0x000000000000237e                RCC_APB2PeriphClockCmd
 .text.RCC_APB1PeriphClockCmd
                0x000000000000239c       0x1e ./Peripheral/src/ch32v20x_rcc.o
                0x000000000000239c                RCC_APB1PeriphClockCmd
 .text.RCC_BackupResetCmd
                0x00000000000023ba       0x20 ./Peripheral/src/ch32v20x_rcc.o
                0x00000000000023ba                RCC_BackupResetCmd
 .text.RCC_GetFlagStatus
                0x00000000000023da       0x2e ./Peripheral/src/ch32v20x_rcc.o
                0x00000000000023da                RCC_GetFlagStatus
 .text.RTC_ITConfig
                0x0000000000002408       0x1a ./Peripheral/src/ch32v20x_rtc.o
                0x0000000000002408                RTC_ITConfig
 .text.RTC_EnterConfigMode
                0x0000000000002422       0x12 ./Peripheral/src/ch32v20x_rtc.o
                0x0000000000002422                RTC_EnterConfigMode
 .text.RTC_ExitConfigMode
                0x0000000000002434       0x18 ./Peripheral/src/ch32v20x_rtc.o
                0x0000000000002434                RTC_ExitConfigMode
 .text.RTC_GetCounter
                0x000000000000244c       0x5a ./Peripheral/src/ch32v20x_rtc.o
                0x000000000000244c                RTC_GetCounter
 .text.RTC_SetCounter
                0x00000000000024a6       0x28 ./Peripheral/src/ch32v20x_rtc.o
                0x00000000000024a6                RTC_SetCounter
 .text.RTC_SetPrescaler
                0x00000000000024ce       0x2a ./Peripheral/src/ch32v20x_rtc.o
                0x00000000000024ce                RTC_SetPrescaler
 .text.RTC_WaitForLastTask
                0x00000000000024f8       0x10 ./Peripheral/src/ch32v20x_rtc.o
                0x00000000000024f8                RTC_WaitForLastTask
 .text.RTC_WaitForSynchro
                0x0000000000002508       0x24 ./Peripheral/src/ch32v20x_rtc.o
                0x0000000000002508                RTC_WaitForSynchro
 .text.RTC_ClearFlag
                0x000000000000252c       0x14 ./Peripheral/src/ch32v20x_rtc.o
                0x000000000000252c                RTC_ClearFlag
 .text.RTC_GetITStatus
                0x0000000000002540       0x20 ./Peripheral/src/ch32v20x_rtc.o
                0x0000000000002540                RTC_GetITStatus
 .text.RTC_ClearITPendingBit
                0x0000000000002560        0xa ./Peripheral/src/ch32v20x_rtc.o
                0x0000000000002560                RTC_ClearITPendingBit
 .text.Delay_Init
                0x000000000000256a       0x26 ./Debug/debug.o
                0x000000000000256a                Delay_Init
 .text.Delay_Ms
                0x0000000000002590       0x36 ./Debug/debug.o
                0x0000000000002590                Delay_Ms
 .text._sbrk    0x00000000000025c6       0x26 ./Debug/debug.o
                0x00000000000025c6                _sbrk
 .text.sprintf  0x00000000000025ec       0x44 c:/mounriver/mounriver_studio2/resources/app/resources/win32/components/wch/toolchain/risc-v embedded gcc/bin/../lib/gcc/riscv-none-embed/8.2.0/../../../../riscv-none-embed/lib/rv32imacxw/ilp32\libg_nano.a(lib_a-sprintf.o)
                0x00000000000025ec                siprintf
                0x00000000000025ec                sprintf
 .text.sscanf   0x0000000000002630       0x50 c:/mounriver/mounriver_studio2/resources/app/resources/win32/components/wch/toolchain/risc-v embedded gcc/bin/../lib/gcc/riscv-none-embed/8.2.0/../../../../riscv-none-embed/lib/rv32imacxw/ilp32\libg_nano.a(lib_a-sscanf.o)
                0x0000000000002630                siscanf
                0x0000000000002630                sscanf
 .text.__seofread
                0x0000000000002680        0x4 c:/mounriver/mounriver_studio2/resources/app/resources/win32/components/wch/toolchain/risc-v embedded gcc/bin/../lib/gcc/riscv-none-embed/8.2.0/../../../../riscv-none-embed/lib/rv32imacxw/ilp32\libg_nano.a(lib_a-stdio.o)
                0x0000000000002680                __seofread
 .text.strlen   0x0000000000002684       0x12 c:/mounriver/mounriver_studio2/resources/app/resources/win32/components/wch/toolchain/risc-v embedded gcc/bin/../lib/gcc/riscv-none-embed/8.2.0/../../../../riscv-none-embed/lib/rv32imacxw/ilp32\libg_nano.a(lib_a-strlen.o)
                0x0000000000002684                strlen
 .text.__ssputs_r
                0x0000000000002696       0xe4 c:/mounriver/mounriver_studio2/resources/app/resources/win32/components/wch/toolchain/risc-v embedded gcc/bin/../lib/gcc/riscv-none-embed/8.2.0/../../../../riscv-none-embed/lib/rv32imacxw/ilp32\libg_nano.a(lib_a-nano-svfprintf.o)
                0x0000000000002696                __ssputs_r
 .text._svfprintf_r
                0x000000000000277a      0x26a c:/mounriver/mounriver_studio2/resources/app/resources/win32/components/wch/toolchain/risc-v embedded gcc/bin/../lib/gcc/riscv-none-embed/8.2.0/../../../../riscv-none-embed/lib/rv32imacxw/ilp32\libg_nano.a(lib_a-nano-svfprintf.o)
                0x000000000000277a                _svfiprintf_r
                0x000000000000277a                _svfprintf_r
 .text._sungetc_r
                0x00000000000029e4       0x96 c:/mounriver/mounriver_studio2/resources/app/resources/win32/components/wch/toolchain/risc-v embedded gcc/bin/../lib/gcc/riscv-none-embed/8.2.0/../../../../riscv-none-embed/lib/rv32imacxw/ilp32\libg_nano.a(lib_a-nano-svfscanf.o)
                0x00000000000029e4                _sungetc_r
 .text.__ssrefill_r
                0x0000000000002a7a       0x44 c:/mounriver/mounriver_studio2/resources/app/resources/win32/components/wch/toolchain/risc-v embedded gcc/bin/../lib/gcc/riscv-none-embed/8.2.0/../../../../riscv-none-embed/lib/rv32imacxw/ilp32\libg_nano.a(lib_a-nano-svfscanf.o)
                0x0000000000002a7a                __ssrefill_r
 .text.__ssvfscanf_r
                0x0000000000002abe      0x3a4 c:/mounriver/mounriver_studio2/resources/app/resources/win32/components/wch/toolchain/risc-v embedded gcc/bin/../lib/gcc/riscv-none-embed/8.2.0/../../../../riscv-none-embed/lib/rv32imacxw/ilp32\libg_nano.a(lib_a-nano-svfscanf.o)
                0x0000000000002abe                __ssvfiscanf_r
                0x0000000000002abe                __ssvfscanf_r
 .text._printf_common
                0x0000000000002e62      0x10c c:/mounriver/mounriver_studio2/resources/app/resources/win32/components/wch/toolchain/risc-v embedded gcc/bin/../lib/gcc/riscv-none-embed/8.2.0/../../../../riscv-none-embed/lib/rv32imacxw/ilp32\libg_nano.a(lib_a-nano-vfprintf_i.o)
                0x0000000000002e62                _printf_common
 .text._printf_i
                0x0000000000002f6e      0x2a4 c:/mounriver/mounriver_studio2/resources/app/resources/win32/components/wch/toolchain/risc-v embedded gcc/bin/../lib/gcc/riscv-none-embed/8.2.0/../../../../riscv-none-embed/lib/rv32imacxw/ilp32\libg_nano.a(lib_a-nano-vfprintf_i.o)
                0x0000000000002f6e                _printf_i
 .text._scanf_chars
                0x0000000000003212       0xe0 c:/mounriver/mounriver_studio2/resources/app/resources/win32/components/wch/toolchain/risc-v embedded gcc/bin/../lib/gcc/riscv-none-embed/8.2.0/../../../../riscv-none-embed/lib/rv32imacxw/ilp32\libg_nano.a(lib_a-nano-vfscanf_i.o)
                0x0000000000003212                _scanf_chars
 .text._scanf_i
                0x00000000000032f2      0x256 c:/mounriver/mounriver_studio2/resources/app/resources/win32/components/wch/toolchain/risc-v embedded gcc/bin/../lib/gcc/riscv-none-embed/8.2.0/../../../../riscv-none-embed/lib/rv32imacxw/ilp32\libg_nano.a(lib_a-nano-vfscanf_i.o)
                0x00000000000032f2                _scanf_i
 .text.__sccl   0x0000000000003548       0x82 c:/mounriver/mounriver_studio2/resources/app/resources/win32/components/wch/toolchain/risc-v embedded gcc/bin/../lib/gcc/riscv-none-embed/8.2.0/../../../../riscv-none-embed/lib/rv32imacxw/ilp32\libg_nano.a(lib_a-sccl.o)
                0x0000000000003548                __sccl
 .text._strtol_l.isra.0
                0x00000000000035ca      0x138 c:/mounriver/mounriver_studio2/resources/app/resources/win32/components/wch/toolchain/risc-v embedded gcc/bin/../lib/gcc/riscv-none-embed/8.2.0/../../../../riscv-none-embed/lib/rv32imacxw/ilp32\libg_nano.a(lib_a-strtol.o)
 .text._strtol_r
                0x0000000000003702       0x16 c:/mounriver/mounriver_studio2/resources/app/resources/win32/components/wch/toolchain/risc-v embedded gcc/bin/../lib/gcc/riscv-none-embed/8.2.0/../../../../riscv-none-embed/lib/rv32imacxw/ilp32\libg_nano.a(lib_a-strtol.o)
                0x0000000000003702                _strtol_r
 .text._strtoul_l.isra.0
                0x0000000000003718      0x12e c:/mounriver/mounriver_studio2/resources/app/resources/win32/components/wch/toolchain/risc-v embedded gcc/bin/../lib/gcc/riscv-none-embed/8.2.0/../../../../riscv-none-embed/lib/rv32imacxw/ilp32\libg_nano.a(lib_a-strtoul.o)
 .text._strtoul_r
                0x0000000000003846       0x16 c:/mounriver/mounriver_studio2/resources/app/resources/win32/components/wch/toolchain/risc-v embedded gcc/bin/../lib/gcc/riscv-none-embed/8.2.0/../../../../riscv-none-embed/lib/rv32imacxw/ilp32\libg_nano.a(lib_a-strtoul.o)
                0x0000000000003846                _strtoul_r
 .text.__submore
                0x000000000000385c       0x80 c:/mounriver/mounriver_studio2/resources/app/resources/win32/components/wch/toolchain/risc-v embedded gcc/bin/../lib/gcc/riscv-none-embed/8.2.0/../../../../riscv-none-embed/lib/rv32imacxw/ilp32\libg_nano.a(lib_a-ungetc.o)
                0x000000000000385c                __submore
 .text.__locale_ctype_ptr_l
                0x00000000000038dc        0x6 c:/mounriver/mounriver_studio2/resources/app/resources/win32/components/wch/toolchain/risc-v embedded gcc/bin/../lib/gcc/riscv-none-embed/8.2.0/../../../../riscv-none-embed/lib/rv32imacxw/ilp32\libg_nano.a(lib_a-locale.o)
                0x00000000000038dc                __locale_ctype_ptr_l
 .text.__locale_ctype_ptr
                0x00000000000038e2       0x18 c:/mounriver/mounriver_studio2/resources/app/resources/win32/components/wch/toolchain/risc-v embedded gcc/bin/../lib/gcc/riscv-none-embed/8.2.0/../../../../riscv-none-embed/lib/rv32imacxw/ilp32\libg_nano.a(lib_a-locale.o)
                0x00000000000038e2                __locale_ctype_ptr
 .text.__ascii_mbtowc
                0x00000000000038fa       0x32 c:/mounriver/mounriver_studio2/resources/app/resources/win32/components/wch/toolchain/risc-v embedded gcc/bin/../lib/gcc/riscv-none-embed/8.2.0/../../../../riscv-none-embed/lib/rv32imacxw/ilp32\libg_nano.a(lib_a-mbtowc_r.o)
                0x00000000000038fa                __ascii_mbtowc
 .text.memchr   0x000000000000392c       0x18 c:/mounriver/mounriver_studio2/resources/app/resources/win32/components/wch/toolchain/risc-v embedded gcc/bin/../lib/gcc/riscv-none-embed/8.2.0/../../../../riscv-none-embed/lib/rv32imacxw/ilp32\libg_nano.a(lib_a-memchr.o)
                0x000000000000392c                memchr
 .text.memcpy   0x0000000000003944       0xb2 c:/mounriver/mounriver_studio2/resources/app/resources/win32/components/wch/toolchain/risc-v embedded gcc/bin/../lib/gcc/riscv-none-embed/8.2.0/../../../../riscv-none-embed/lib/rv32imacxw/ilp32\libg_nano.a(lib_a-memcpy.o)
                0x0000000000003944                memcpy
 .text.memmove  0x00000000000039f6       0x46 c:/mounriver/mounriver_studio2/resources/app/resources/win32/components/wch/toolchain/risc-v embedded gcc/bin/../lib/gcc/riscv-none-embed/8.2.0/../../../../riscv-none-embed/lib/rv32imacxw/ilp32\libg_nano.a(lib_a-memmove.o)
                0x00000000000039f6                memmove
 .text._free_r  0x0000000000003a3c       0xa4 c:/mounriver/mounriver_studio2/resources/app/resources/win32/components/wch/toolchain/risc-v embedded gcc/bin/../lib/gcc/riscv-none-embed/8.2.0/../../../../riscv-none-embed/lib/rv32imacxw/ilp32\libg_nano.a(lib_a-nano-freer.o)
                0x0000000000003a3c                _free_r
 .text._malloc_r
                0x0000000000003ae0       0xce c:/mounriver/mounriver_studio2/resources/app/resources/win32/components/wch/toolchain/risc-v embedded gcc/bin/../lib/gcc/riscv-none-embed/8.2.0/../../../../riscv-none-embed/lib/rv32imacxw/ilp32\libg_nano.a(lib_a-nano-mallocr.o)
                0x0000000000003ae0                _malloc_r
 .text._realloc_r
                0x0000000000003bae       0x58 c:/mounriver/mounriver_studio2/resources/app/resources/win32/components/wch/toolchain/risc-v embedded gcc/bin/../lib/gcc/riscv-none-embed/8.2.0/../../../../riscv-none-embed/lib/rv32imacxw/ilp32\libg_nano.a(lib_a-nano-reallocr.o)
                0x0000000000003bae                _realloc_r
 .text._sbrk_r  0x0000000000003c06       0x2a c:/mounriver/mounriver_studio2/resources/app/resources/win32/components/wch/toolchain/risc-v embedded gcc/bin/../lib/gcc/riscv-none-embed/8.2.0/../../../../riscv-none-embed/lib/rv32imacxw/ilp32\libg_nano.a(lib_a-sbrkr.o)
                0x0000000000003c06                _sbrk_r
 .text.__ascii_wctomb
                0x0000000000003c30       0x1e c:/mounriver/mounriver_studio2/resources/app/resources/win32/components/wch/toolchain/risc-v embedded gcc/bin/../lib/gcc/riscv-none-embed/8.2.0/../../../../riscv-none-embed/lib/rv32imacxw/ilp32\libg_nano.a(lib_a-wctomb_r.o)
                0x0000000000003c30                __ascii_wctomb
 .text.__malloc_lock
                0x0000000000003c4e        0x2 c:/mounriver/mounriver_studio2/resources/app/resources/win32/components/wch/toolchain/risc-v embedded gcc/bin/../lib/gcc/riscv-none-embed/8.2.0/../../../../riscv-none-embed/lib/rv32imacxw/ilp32\libg_nano.a(lib_a-mlock.o)
                0x0000000000003c4e                __malloc_lock
 .text.__malloc_unlock
                0x0000000000003c50        0x2 c:/mounriver/mounriver_studio2/resources/app/resources/win32/components/wch/toolchain/risc-v embedded gcc/bin/../lib/gcc/riscv-none-embed/8.2.0/../../../../riscv-none-embed/lib/rv32imacxw/ilp32\libg_nano.a(lib_a-mlock.o)
                0x0000000000003c50                __malloc_unlock
 .text._malloc_usable_size_r
                0x0000000000003c52       0x14 c:/mounriver/mounriver_studio2/resources/app/resources/win32/components/wch/toolchain/risc-v embedded gcc/bin/../lib/gcc/riscv-none-embed/8.2.0/../../../../riscv-none-embed/lib/rv32imacxw/ilp32\libg_nano.a(lib_a-nano-msizer.o)
                0x0000000000003c52                _malloc_usable_size_r
 *(.rodata)
 *(.rodata*)
 *fill*         0x0000000000003c66        0x2 
 .rodata.USBD_ConfigDescriptor
                0x0000000000003c68       0x43 ./User/USBLIB/CONFIG/usb_desc.o
                0x0000000000003c68                USBD_ConfigDescriptor
 *fill*         0x0000000000003cab        0x1 
 .rodata.USBD_DeviceDescriptor
                0x0000000000003cac       0x12 ./User/USBLIB/CONFIG/usb_desc.o
                0x0000000000003cac                USBD_DeviceDescriptor
 *fill*         0x0000000000003cbe        0x2 
 .rodata.USBD_StringProduct
                0x0000000000003cc0       0x16 ./User/USBLIB/CONFIG/usb_desc.o
                0x0000000000003cc0                USBD_StringProduct
 *fill*         0x0000000000003cd6        0x2 
 .rodata.USBD_StringVendor
                0x0000000000003cd8        0xe ./User/USBLIB/CONFIG/usb_desc.o
                0x0000000000003cd8                USBD_StringVendor
 *fill*         0x0000000000003ce6        0x2 
 .rodata.Resume
                0x0000000000003ce8       0x18 ./User/USBLIB/CONFIG/usb_pwr.o
 .rodata.main.str1.4
                0x0000000000003d00       0x1b ./User/main.o
 *fill*         0x0000000000003d1b        0x1 
 .rodata.processUSBData.str1.4
                0x0000000000003d1c       0x82 ./User/main.o
 *fill*         0x0000000000003d9e        0x2 
 .rodata.mon_table
                0x0000000000003da0        0xc ./User/rtc.o
                0x0000000000003da0                mon_table
 .rodata.table_week
                0x0000000000003dac        0xc ./User/rtc.o
                0x0000000000003dac                table_week
 .rodata._svfprintf_r.str1.4
                0x0000000000003db8       0x13 c:/mounriver/mounriver_studio2/resources/app/resources/win32/components/wch/toolchain/risc-v embedded gcc/bin/../lib/gcc/riscv-none-embed/8.2.0/../../../../riscv-none-embed/lib/rv32imacxw/ilp32\libg_nano.a(lib_a-nano-svfprintf.o)
 .rodata.__ssvfscanf_r.str1.4
                0x0000000000003dcb        0x4 c:/mounriver/mounriver_studio2/resources/app/resources/win32/components/wch/toolchain/risc-v embedded gcc/bin/../lib/gcc/riscv-none-embed/8.2.0/../../../../riscv-none-embed/lib/rv32imacxw/ilp32\libg_nano.a(lib_a-nano-svfscanf.o)
 *fill*         0x0000000000003dcb        0x1 
 .rodata._printf_i.str1.4
                0x0000000000003dcc       0x25 c:/mounriver/mounriver_studio2/resources/app/resources/win32/components/wch/toolchain/risc-v embedded gcc/bin/../lib/gcc/riscv-none-embed/8.2.0/../../../../riscv-none-embed/lib/rv32imacxw/ilp32\libg_nano.a(lib_a-nano-vfprintf_i.o)
 *fill*         0x0000000000003df1        0x3 
 .rodata._scanf_i.str1.4
                0x0000000000003df4       0x12 c:/mounriver/mounriver_studio2/resources/app/resources/win32/components/wch/toolchain/risc-v embedded gcc/bin/../lib/gcc/riscv-none-embed/8.2.0/../../../../riscv-none-embed/lib/rv32imacxw/ilp32\libg_nano.a(lib_a-nano-vfscanf_i.o)
 *fill*         0x0000000000003e06        0x2 
 .rodata.str1.4
                0x0000000000003e08        0xb c:/mounriver/mounriver_studio2/resources/app/resources/win32/components/wch/toolchain/risc-v embedded gcc/bin/../lib/gcc/riscv-none-embed/8.2.0/../../../../riscv-none-embed/lib/rv32imacxw/ilp32\libg_nano.a(lib_a-nano-vfscanf_i.o)
 *fill*         0x0000000000003e13        0x1 
 .rodata.__sf_fake_stderr
                0x0000000000003e14       0x20 c:/mounriver/mounriver_studio2/resources/app/resources/win32/components/wch/toolchain/risc-v embedded gcc/bin/../lib/gcc/riscv-none-embed/8.2.0/../../../../riscv-none-embed/lib/rv32imacxw/ilp32\libg_nano.a(lib_a-findfp.o)
                0x0000000000003e14                __sf_fake_stderr
 .rodata.__sf_fake_stdin
                0x0000000000003e34       0x20 c:/mounriver/mounriver_studio2/resources/app/resources/win32/components/wch/toolchain/risc-v embedded gcc/bin/../lib/gcc/riscv-none-embed/8.2.0/../../../../riscv-none-embed/lib/rv32imacxw/ilp32\libg_nano.a(lib_a-findfp.o)
                0x0000000000003e34                __sf_fake_stdin
 .rodata.__sf_fake_stdout
                0x0000000000003e54       0x20 c:/mounriver/mounriver_studio2/resources/app/resources/win32/components/wch/toolchain/risc-v embedded gcc/bin/../lib/gcc/riscv-none-embed/8.2.0/../../../../riscv-none-embed/lib/rv32imacxw/ilp32\libg_nano.a(lib_a-findfp.o)
                0x0000000000003e54                __sf_fake_stdout
 .rodata._setlocale_r.str1.4
                0x0000000000003e74        0xa c:/mounriver/mounriver_studio2/resources/app/resources/win32/components/wch/toolchain/risc-v embedded gcc/bin/../lib/gcc/riscv-none-embed/8.2.0/../../../../riscv-none-embed/lib/rv32imacxw/ilp32\libg_nano.a(lib_a-locale.o)
                                          0xd (size before relaxing)
 *fill*         0x0000000000003e7e        0x2 
 .rodata.str1.4
                0x0000000000003e80        0x4 c:/mounriver/mounriver_studio2/resources/app/resources/win32/components/wch/toolchain/risc-v embedded gcc/bin/../lib/gcc/riscv-none-embed/8.2.0/../../../../riscv-none-embed/lib/rv32imacxw/ilp32\libg_nano.a(lib_a-locale.o)
                                          0x2 (size before relaxing)
 .rodata._ctype_
                0x0000000000003e84      0x101 c:/mounriver/mounriver_studio2/resources/app/resources/win32/components/wch/toolchain/risc-v embedded gcc/bin/../lib/gcc/riscv-none-embed/8.2.0/../../../../riscv-none-embed/lib/rv32imacxw/ilp32\libg_nano.a(lib_a-ctype_.o)
                0x0000000000003e84                _ctype_
 *(.gnu.linkonce.t.*)
                0x0000000000003f88                . = ALIGN (0x4)
 *fill*         0x0000000000003f85        0x3 

.rela.dyn       0x0000000000003f88        0x0
 .rela.init     0x0000000000003f88        0x0 ./User/USBLIB/USB-Driver/src/usb_core.o
 .rela.vector   0x0000000000003f88        0x0 ./User/USBLIB/USB-Driver/src/usb_core.o
 .rela.text.handle_reset
                0x0000000000003f88        0x0 ./User/USBLIB/USB-Driver/src/usb_core.o
 .rela.text._sbrk
                0x0000000000003f88        0x0 ./User/USBLIB/USB-Driver/src/usb_core.o
 .rela.sdata.curbrk.4673
                0x0000000000003f88        0x0 ./User/USBLIB/USB-Driver/src/usb_core.o
 .rela.text._svfprintf_r
                0x0000000000003f88        0x0 ./User/USBLIB/USB-Driver/src/usb_core.o
 .rela.text.__ssvfscanf_r
                0x0000000000003f88        0x0 ./User/USBLIB/USB-Driver/src/usb_core.o
 .rela.text._sbrk_r
                0x0000000000003f88        0x0 ./User/USBLIB/USB-Driver/src/usb_core.o

.fini           0x0000000000003f88        0x0
 *(SORT_NONE(.fini))
                0x0000000000003f88                . = ALIGN (0x4)
                [!provide]                        PROVIDE (_etext = .)
                [!provide]                        PROVIDE (_eitcm = .)

.preinit_array  0x0000000000003f88        0x0
                [!provide]                        PROVIDE (__preinit_array_start = .)
 *(.preinit_array)
                [!provide]                        PROVIDE (__preinit_array_end = .)

.init_array     0x0000000000003f88        0x0
                [!provide]                        PROVIDE (__init_array_start = .)
 *(SORT_BY_INIT_PRIORITY(.init_array.*) SORT_BY_INIT_PRIORITY(.ctors.*))
 *(.init_array EXCLUDE_FILE(*crtend?.o *crtend.o *crtbegin?.o *crtbegin.o) .ctors)
                [!provide]                        PROVIDE (__init_array_end = .)

.fini_array     0x0000000000003f88        0x0
                [!provide]                        PROVIDE (__fini_array_start = .)
 *(SORT_BY_INIT_PRIORITY(.fini_array.*) SORT_BY_INIT_PRIORITY(.dtors.*))
 *(.fini_array EXCLUDE_FILE(*crtend?.o *crtend.o *crtbegin?.o *crtbegin.o) .dtors)
                [!provide]                        PROVIDE (__fini_array_end = .)

.ctors
 *crtbegin.o(.ctors)
 *crtbegin?.o(.ctors)
 *(EXCLUDE_FILE(*crtend?.o *crtend.o) .ctors)
 *(SORT_BY_NAME(.ctors.*))
 *(.ctors)

.dtors
 *crtbegin.o(.dtors)
 *crtbegin?.o(.dtors)
 *(EXCLUDE_FILE(*crtend?.o *crtend.o) .dtors)
 *(SORT_BY_NAME(.dtors.*))
 *(.dtors)

.dalign         0x0000000020000000        0x0 load address 0x0000000000003f88
                0x0000000020000000                . = ALIGN (0x4)
                0x0000000020000000                PROVIDE (_data_vma = .)

.dlalign        0x0000000000003f88        0x0
                0x0000000000003f88                . = ALIGN (0x4)
                0x0000000000003f88                PROVIDE (_data_lma = .)

.data           0x0000000020000000      0x2d8 load address 0x0000000000003f88
 *(.gnu.linkonce.r.*)
 *(.data .data.*)
 .data.USBD_StringSerial
                0x0000000020000000       0x16 ./User/USBLIB/CONFIG/usb_desc.o
                0x0000000020000000                USBD_StringSerial
 *fill*         0x0000000020000016        0x2 
 .data.pEpInt_IN
                0x0000000020000018       0x1c ./User/USBLIB/CONFIG/usb_istr.o
                0x0000000020000018                pEpInt_IN
 .data.pEpInt_OUT
                0x0000000020000034       0x1c ./User/USBLIB/CONFIG/usb_istr.o
                0x0000000020000034                pEpInt_OUT
 .data.Device_Property
                0x0000000020000050       0x30 ./User/USBLIB/CONFIG/usb_prop.o
                0x0000000020000050                Device_Property
 .data.String_Descriptor
                0x0000000020000080       0x20 ./User/USBLIB/CONFIG/usb_prop.o
                0x0000000020000080                String_Descriptor
 .data.User_Standard_Requests
                0x00000000200000a0       0x24 ./User/USBLIB/CONFIG/usb_prop.o
                0x00000000200000a0                User_Standard_Requests
 .data.AHBPrescTable
                0x00000000200000c4       0x10 ./User/system_ch32v20x.o
                0x00000000200000c4                AHBPrescTable
 .data.impure_data
                0x00000000200000d4       0x60 c:/mounriver/mounriver_studio2/resources/app/resources/win32/components/wch/toolchain/risc-v embedded gcc/bin/../lib/gcc/riscv-none-embed/8.2.0/../../../../riscv-none-embed/lib/rv32imacxw/ilp32\libg_nano.a(lib_a-impure.o)
 .data.__global_locale
                0x0000000020000134      0x16c c:/mounriver/mounriver_studio2/resources/app/resources/win32/components/wch/toolchain/risc-v embedded gcc/bin/../lib/gcc/riscv-none-embed/8.2.0/../../../../riscv-none-embed/lib/rv32imacxw/ilp32\libg_nano.a(lib_a-locale.o)
                0x0000000020000134                __global_locale
 *(.gnu.linkonce.d.*)
                0x00000000200002a0                . = ALIGN (0x8)
                0x0000000020000aa0                PROVIDE (__global_pointer$ = (. + 0x800))
 *(.sdata .sdata.*)
 .sdata.USBD_Endp3_Busy
                0x00000000200002a0        0x1 ./User/USBLIB/CONFIG/usb_endp.o
                0x00000000200002a0                USBD_Endp3_Busy
 .sdata.usbNotReady
                0x00000000200002a1        0x1 ./User/USBLIB/CONFIG/usb_endp.o
                0x00000000200002a1                usbNotReady
 *fill*         0x00000000200002a2        0x2 
 .sdata.Config_Descriptor
                0x00000000200002a4        0x8 ./User/USBLIB/CONFIG/usb_prop.o
                0x00000000200002a4                Config_Descriptor
 .sdata.Device_Descriptor
                0x00000000200002ac        0x8 ./User/USBLIB/CONFIG/usb_prop.o
                0x00000000200002ac                Device_Descriptor
 .sdata.Device_Table
                0x00000000200002b4        0x2 ./User/USBLIB/CONFIG/usb_prop.o
                0x00000000200002b4                Device_Table
 *fill*         0x00000000200002b6        0x2 
 .sdata.cdc_comconfig
                0x00000000200002b8        0x8 ./User/USBLIB/CONFIG/usb_prop.o
                0x00000000200002b8                cdc_comconfig
 .sdata.fSuspendEnabled
                0x00000000200002c0        0x4 ./User/USBLIB/CONFIG/usb_pwr.o
                0x00000000200002c0                fSuspendEnabled
 .sdata.SystemCoreClock
                0x00000000200002c4        0x4 ./User/system_ch32v20x.o
                0x00000000200002c4                SystemCoreClock
 .sdata.curbrk.4673
                0x00000000200002c8        0x4 ./Debug/debug.o
 .sdata._impure_ptr
                0x00000000200002cc        0x4 c:/mounriver/mounriver_studio2/resources/app/resources/win32/components/wch/toolchain/risc-v embedded gcc/bin/../lib/gcc/riscv-none-embed/8.2.0/../../../../riscv-none-embed/lib/rv32imacxw/ilp32\libg_nano.a(lib_a-impure.o)
                0x00000000200002cc                _impure_ptr
 *(.sdata2.*)
 .sdata2.USBD_StringLangID
                0x00000000200002d0        0x4 ./User/USBLIB/CONFIG/usb_desc.o
                0x00000000200002d0                USBD_StringLangID
 *(.gnu.linkonce.s.*)
                0x00000000200002d8                . = ALIGN (0x8)
 *fill*         0x00000000200002d4        0x4 
 *(.srodata.cst16)
 *(.srodata.cst8)
 *(.srodata.cst4)
 *(.srodata.cst2)
 *(.srodata .srodata.*)
                0x00000000200002d8                . = ALIGN (0x4)
                0x00000000200002d8                PROVIDE (_edata = .)

.bss            0x00000000200002d8      0x220 load address 0x0000000000004260
                0x00000000200002d8                . = ALIGN (0x4)
                0x00000000200002d8                PROVIDE (_sbss = .)
 *(.sbss*)
 .sbss.Data_Mul_MaxPacketSize
                0x00000000200002d8        0x4 ./User/USBLIB/USB-Driver/src/usb_core.o
                0x00000000200002d8                Data_Mul_MaxPacketSize
 .sbss.StatusInfo
                0x00000000200002dc        0x2 ./User/USBLIB/USB-Driver/src/usb_core.o
                0x00000000200002dc                StatusInfo
 .sbss.EPindex  0x00000000200002de        0x1 ./User/USBLIB/USB-Driver/src/usb_init.o
                0x00000000200002de                EPindex
 *fill*         0x00000000200002df        0x1 
 .sbss.pInformation
                0x00000000200002e0        0x4 ./User/USBLIB/USB-Driver/src/usb_init.o
                0x00000000200002e0                pInformation
 .sbss.pProperty
                0x00000000200002e4        0x4 ./User/USBLIB/USB-Driver/src/usb_init.o
                0x00000000200002e4                pProperty
 .sbss.pUser_Standard_Requests
                0x00000000200002e8        0x4 ./User/USBLIB/USB-Driver/src/usb_init.o
                0x00000000200002e8                pUser_Standard_Requests
 .sbss.wInterrupt_Mask
                0x00000000200002ec        0x2 ./User/USBLIB/USB-Driver/src/usb_init.o
                0x00000000200002ec                wInterrupt_Mask
 .sbss.SaveRState
                0x00000000200002ee        0x2 ./User/USBLIB/USB-Driver/src/usb_int.o
                0x00000000200002ee                SaveRState
 .sbss.SaveTState
                0x00000000200002f0        0x2 ./User/USBLIB/USB-Driver/src/usb_int.o
                0x00000000200002f0                SaveTState
 .sbss.rxDataHead
                0x00000000200002f2        0x1 ./User/USBLIB/CONFIG/usb_endp.o
                0x00000000200002f2                rxDataHead
 .sbss.rxDataTail
                0x00000000200002f3        0x1 ./User/USBLIB/CONFIG/usb_endp.o
                0x00000000200002f3                rxDataTail
 .sbss.txCount  0x00000000200002f4        0x1 ./User/USBLIB/CONFIG/usb_endp.o
                0x00000000200002f4                txCount
 *fill*         0x00000000200002f5        0x1 
 .sbss.Ep0RxBlks
                0x00000000200002f6        0x2 ./User/USBLIB/CONFIG/usb_istr.o
                0x00000000200002f6                Ep0RxBlks
 .sbss.bIntPackSOF
                0x00000000200002f8        0x1 ./User/USBLIB/CONFIG/usb_istr.o
                0x00000000200002f8                bIntPackSOF
 *fill*         0x00000000200002f9        0x3 
 .sbss.esof_counter
                0x00000000200002fc        0x4 ./User/USBLIB/CONFIG/usb_istr.o
                0x00000000200002fc                esof_counter
 .sbss.wCNTR    0x0000000020000300        0x4 ./User/USBLIB/CONFIG/usb_istr.o
                0x0000000020000300                wCNTR
 .sbss.wIstr    0x0000000020000304        0x2 ./User/USBLIB/CONFIG/usb_istr.o
                0x0000000020000304                wIstr
 *fill*         0x0000000020000306        0x2 
 .sbss.ResumeS  0x0000000020000308        0x8 ./User/USBLIB/CONFIG/usb_pwr.o
                0x0000000020000308                ResumeS
 .sbss.bDeviceState
                0x0000000020000310        0x4 ./User/USBLIB/CONFIG/usb_pwr.o
                0x0000000020000310                bDeviceState
 .sbss.remotewakeupon
                0x0000000020000314        0x4 ./User/USBLIB/CONFIG/usb_pwr.o
                0x0000000020000314                remotewakeupon
 .sbss.len      0x0000000020000318        0x2 ./User/main.o
                0x0000000020000318                len
 .sbss.daycnt.4717
                0x000000002000031a        0x2 ./User/rtc.o
 .sbss.NVIC_Priority_Group
                0x000000002000031c        0x4 ./Peripheral/src/ch32v20x_misc.o
                0x000000002000031c                NVIC_Priority_Group
 .sbss.p_ms     0x0000000020000320        0x2 ./Debug/debug.o
 .sbss.p_us     0x0000000020000322        0x1 ./Debug/debug.o
 *fill*         0x0000000020000323        0x1 
 .sbss.__malloc_free_list
                0x0000000020000324        0x4 c:/mounriver/mounriver_studio2/resources/app/resources/win32/components/wch/toolchain/risc-v embedded gcc/bin/../lib/gcc/riscv-none-embed/8.2.0/../../../../riscv-none-embed/lib/rv32imacxw/ilp32\libg_nano.a(lib_a-nano-mallocr.o)
                0x0000000020000324                __malloc_free_list
 .sbss.__malloc_sbrk_start
                0x0000000020000328        0x4 c:/mounriver/mounriver_studio2/resources/app/resources/win32/components/wch/toolchain/risc-v embedded gcc/bin/../lib/gcc/riscv-none-embed/8.2.0/../../../../riscv-none-embed/lib/rv32imacxw/ilp32\libg_nano.a(lib_a-nano-mallocr.o)
                0x0000000020000328                __malloc_sbrk_start
 *(.gnu.linkonce.sb.*)
 *(.bss*)
 .bss.Device_Info
                0x000000002000032c       0x1c ./User/USBLIB/USB-Driver/src/usb_init.o
                0x000000002000032c                Device_Info
 .bss.rxData    0x0000000020000348      0x100 ./User/USBLIB/CONFIG/usb_endp.o
                0x0000000020000348                rxData
 .bss.txData    0x0000000020000448       0x40 ./User/USBLIB/CONFIG/usb_endp.o
                0x0000000020000448                txData
 .bss.EP        0x0000000020000488       0x20 ./User/USBLIB/CONFIG/usb_pwr.o
                0x0000000020000488                EP
 .bss.buffer    0x00000000200004a8       0x20 ./User/main.o
                0x00000000200004a8                buffer
 .bss.incommingData
                0x00000000200004c8       0x20 ./User/main.o
                0x00000000200004c8                incommingData
 .bss.calendar  0x00000000200004e8        0xa ./User/rtc.o
                0x00000000200004e8                calendar
 *(.gnu.linkonce.b.*)
 *(COMMON*)
 *fill*         0x00000000200004f2        0x2 
 COMMON         0x00000000200004f4        0x4 c:/mounriver/mounriver_studio2/resources/app/resources/win32/components/wch/toolchain/risc-v embedded gcc/bin/../lib/gcc/riscv-none-embed/8.2.0/../../../../riscv-none-embed/lib/rv32imacxw/ilp32\libg_nano.a(lib_a-reent.o)
                0x00000000200004f4                errno
                0x00000000200004f8                . = ALIGN (0x4)
                0x00000000200004f8                PROVIDE (_ebss = .)
                0x00000000200004f8                PROVIDE (_end = _ebss)
                [!provide]                        PROVIDE (end = .)

.stack          0x0000000020004800      0x800
                0x0000000020004800                PROVIDE (_heap_end = .)
                0x0000000020004800                . = ALIGN (0x4)
                [!provide]                        PROVIDE (_susrstack = .)
                0x0000000020005000                . = (. + __stack_size)
 *fill*         0x0000000020004800      0x800 
                0x0000000020005000                PROVIDE (_eusrstack = .)
OUTPUT(RTC_CDC_USB.elf elf32-littleriscv)

.debug_info     0x0000000000000000    0x17e17
 .debug_info    0x0000000000000000     0x1802 ./User/USBLIB/USB-Driver/src/usb_core.o
 .debug_info    0x0000000000001802      0xde5 ./User/USBLIB/USB-Driver/src/usb_init.o
 .debug_info    0x00000000000025e7      0xef1 ./User/USBLIB/USB-Driver/src/usb_int.o
 .debug_info    0x00000000000034d8      0xe81 ./User/USBLIB/USB-Driver/src/usb_mem.o
 .debug_info    0x0000000000004359     0x19df ./User/USBLIB/USB-Driver/src/usb_regs.o
 .debug_info    0x0000000000005d38      0xeeb ./User/USBLIB/USB-Driver/src/usb_sil.o
 .debug_info    0x0000000000006c23     0x127b ./User/USBLIB/CONFIG/hw_config.o
 .debug_info    0x0000000000007e9e      0xe83 ./User/USBLIB/CONFIG/usb_desc.o
 .debug_info    0x0000000000008d21     0x12a9 ./User/USBLIB/CONFIG/usb_endp.o
 .debug_info    0x0000000000009fca      0xf3b ./User/USBLIB/CONFIG/usb_istr.o
 .debug_info    0x000000000000af05     0x1517 ./User/USBLIB/CONFIG/usb_prop.o
 .debug_info    0x000000000000c41c      0xfe1 ./User/USBLIB/CONFIG/usb_pwr.o
 .debug_info    0x000000000000d3fd      0x962 ./User/ch32v20x_it.o
 .debug_info    0x000000000000dd5f     0x11a5 ./User/main.o
 .debug_info    0x000000000000ef04     0x13fa ./User/rtc.o
 .debug_info    0x00000000000102fe      0xb3b ./User/system_ch32v20x.o
 .debug_info    0x0000000000010e39     0x1105 ./User/usb_serial.o
 .debug_info    0x0000000000011f3e       0x22 ./Startup/startup_ch32v20x_D6.o
 .debug_info    0x0000000000011f60     0x109a ./Peripheral/src/ch32v20x_bkp.o
 .debug_info    0x0000000000012ffa      0xe6c ./Peripheral/src/ch32v20x_misc.o
 .debug_info    0x0000000000013e66     0x1054 ./Peripheral/src/ch32v20x_pwr.o
 .debug_info    0x0000000000014eba     0x125c ./Peripheral/src/ch32v20x_rcc.o
 .debug_info    0x0000000000016116      0xdd4 ./Peripheral/src/ch32v20x_rtc.o
 .debug_info    0x0000000000016eea      0xf2d ./Debug/debug.o

.debug_abbrev   0x0000000000000000     0x45f0
 .debug_abbrev  0x0000000000000000      0x553 ./User/USBLIB/USB-Driver/src/usb_core.o
 .debug_abbrev  0x0000000000000553      0x223 ./User/USBLIB/USB-Driver/src/usb_init.o
 .debug_abbrev  0x0000000000000776      0x279 ./User/USBLIB/USB-Driver/src/usb_int.o
 .debug_abbrev  0x00000000000009ef      0x25a ./User/USBLIB/USB-Driver/src/usb_mem.o
 .debug_abbrev  0x0000000000000c49      0x3b2 ./User/USBLIB/USB-Driver/src/usb_regs.o
 .debug_abbrev  0x0000000000000ffb      0x2a0 ./User/USBLIB/USB-Driver/src/usb_sil.o
 .debug_abbrev  0x000000000000129b      0x2c7 ./User/USBLIB/CONFIG/hw_config.o
 .debug_abbrev  0x0000000000001562      0x205 ./User/USBLIB/CONFIG/usb_desc.o
 .debug_abbrev  0x0000000000001767      0x3f0 ./User/USBLIB/CONFIG/usb_endp.o
 .debug_abbrev  0x0000000000001b57      0x2af ./User/USBLIB/CONFIG/usb_istr.o
 .debug_abbrev  0x0000000000001e06      0x3ce ./User/USBLIB/CONFIG/usb_prop.o
 .debug_abbrev  0x00000000000021d4      0x2fa ./User/USBLIB/CONFIG/usb_pwr.o
 .debug_abbrev  0x00000000000024ce      0x1cf ./User/ch32v20x_it.o
 .debug_abbrev  0x000000000000269d      0x2f0 ./User/main.o
 .debug_abbrev  0x000000000000298d      0x428 ./User/rtc.o
 .debug_abbrev  0x0000000000002db5      0x2b0 ./User/system_ch32v20x.o
 .debug_abbrev  0x0000000000003065      0x2ec ./User/usb_serial.o
 .debug_abbrev  0x0000000000003351       0x12 ./Startup/startup_ch32v20x_D6.o
 .debug_abbrev  0x0000000000003363      0x2cc ./Peripheral/src/ch32v20x_bkp.o
 .debug_abbrev  0x000000000000362f      0x2ea ./Peripheral/src/ch32v20x_misc.o
 .debug_abbrev  0x0000000000003919      0x399 ./Peripheral/src/ch32v20x_pwr.o
 .debug_abbrev  0x0000000000003cb2      0x351 ./Peripheral/src/ch32v20x_rcc.o
 .debug_abbrev  0x0000000000004003      0x30b ./Peripheral/src/ch32v20x_rtc.o
 .debug_abbrev  0x000000000000430e      0x2e2 ./Debug/debug.o

.debug_loc      0x0000000000000000     0x37eb
 .debug_loc     0x0000000000000000      0xa1e ./User/USBLIB/USB-Driver/src/usb_core.o
 .debug_loc     0x0000000000000a1e       0xfa ./User/USBLIB/USB-Driver/src/usb_int.o
 .debug_loc     0x0000000000000b18      0x1dc ./User/USBLIB/USB-Driver/src/usb_mem.o
 .debug_loc     0x0000000000000cf4      0xb6f ./User/USBLIB/USB-Driver/src/usb_regs.o
 .debug_loc     0x0000000000001863       0xc4 ./User/USBLIB/USB-Driver/src/usb_sil.o
 .debug_loc     0x0000000000001927       0x3c ./User/USBLIB/CONFIG/hw_config.o
 .debug_loc     0x0000000000001963      0x106 ./User/USBLIB/CONFIG/usb_endp.o
 .debug_loc     0x0000000000001a69       0x42 ./User/USBLIB/CONFIG/usb_istr.o
 .debug_loc     0x0000000000001aab      0x1ca ./User/USBLIB/CONFIG/usb_prop.o
 .debug_loc     0x0000000000001c75      0x139 ./User/USBLIB/CONFIG/usb_pwr.o
 .debug_loc     0x0000000000001dae      0x5ed ./User/rtc.o
 .debug_loc     0x000000000000239b       0xac ./User/system_ch32v20x.o
 .debug_loc     0x0000000000002447      0x37c ./User/usb_serial.o
 .debug_loc     0x00000000000027c3       0xd8 ./Peripheral/src/ch32v20x_bkp.o
 .debug_loc     0x000000000000289b       0x2d ./Peripheral/src/ch32v20x_misc.o
 .debug_loc     0x00000000000028c8      0x29e ./Peripheral/src/ch32v20x_pwr.o
 .debug_loc     0x0000000000002b66      0x797 ./Peripheral/src/ch32v20x_rcc.o
 .debug_loc     0x00000000000032fd      0x377 ./Peripheral/src/ch32v20x_rtc.o
 .debug_loc     0x0000000000003674      0x177 ./Debug/debug.o

.debug_aranges  0x0000000000000000      0x8f8
 .debug_aranges
                0x0000000000000000       0x98 ./User/USBLIB/USB-Driver/src/usb_core.o
 .debug_aranges
                0x0000000000000098       0x20 ./User/USBLIB/USB-Driver/src/usb_init.o
 .debug_aranges
                0x00000000000000b8       0x28 ./User/USBLIB/USB-Driver/src/usb_int.o
 .debug_aranges
                0x00000000000000e0       0x28 ./User/USBLIB/USB-Driver/src/usb_mem.o
 .debug_aranges
                0x0000000000000108      0x1a0 ./User/USBLIB/USB-Driver/src/usb_regs.o
 .debug_aranges
                0x00000000000002a8       0x30 ./User/USBLIB/USB-Driver/src/usb_sil.o
 .debug_aranges
                0x00000000000002d8       0x48 ./User/USBLIB/CONFIG/hw_config.o
 .debug_aranges
                0x0000000000000320       0x18 ./User/USBLIB/CONFIG/usb_desc.o
 .debug_aranges
                0x0000000000000338       0x70 ./User/USBLIB/CONFIG/usb_endp.o
 .debug_aranges
                0x00000000000003a8       0x20 ./User/USBLIB/CONFIG/usb_istr.o
 .debug_aranges
                0x00000000000003c8       0x78 ./User/USBLIB/CONFIG/usb_prop.o
 .debug_aranges
                0x0000000000000440       0x40 ./User/USBLIB/CONFIG/usb_pwr.o
 .debug_aranges
                0x0000000000000480       0x28 ./User/ch32v20x_it.o
 .debug_aranges
                0x00000000000004a8       0x28 ./User/main.o
 .debug_aranges
                0x00000000000004d0       0x50 ./User/rtc.o
 .debug_aranges
                0x0000000000000520       0x28 ./User/system_ch32v20x.o
 .debug_aranges
                0x0000000000000548       0x60 ./User/usb_serial.o
 .debug_aranges
                0x00000000000005a8       0x30 ./Startup/startup_ch32v20x_D6.o
 .debug_aranges
                0x00000000000005d8       0x78 ./Peripheral/src/ch32v20x_bkp.o
 .debug_aranges
                0x0000000000000650       0x28 ./Peripheral/src/ch32v20x_misc.o
 .debug_aranges
                0x0000000000000678       0x88 ./Peripheral/src/ch32v20x_pwr.o
 .debug_aranges
                0x0000000000000700      0x128 ./Peripheral/src/ch32v20x_rcc.o
 .debug_aranges
                0x0000000000000828       0x80 ./Peripheral/src/ch32v20x_rtc.o
 .debug_aranges
                0x00000000000008a8       0x50 ./Debug/debug.o

.debug_ranges   0x0000000000000000      0xb18
 .debug_ranges  0x0000000000000000      0x148 ./User/USBLIB/USB-Driver/src/usb_core.o
 .debug_ranges  0x0000000000000148       0x10 ./User/USBLIB/USB-Driver/src/usb_init.o
 .debug_ranges  0x0000000000000158       0x60 ./User/USBLIB/USB-Driver/src/usb_int.o
 .debug_ranges  0x00000000000001b8       0x18 ./User/USBLIB/USB-Driver/src/usb_mem.o
 .debug_ranges  0x00000000000001d0      0x338 ./User/USBLIB/USB-Driver/src/usb_regs.o
 .debug_ranges  0x0000000000000508       0x20 ./User/USBLIB/USB-Driver/src/usb_sil.o
 .debug_ranges  0x0000000000000528       0x38 ./User/USBLIB/CONFIG/hw_config.o
 .debug_ranges  0x0000000000000560       0xa0 ./User/USBLIB/CONFIG/usb_endp.o
 .debug_ranges  0x0000000000000600       0x10 ./User/USBLIB/CONFIG/usb_istr.o
 .debug_ranges  0x0000000000000610       0x68 ./User/USBLIB/CONFIG/usb_prop.o
 .debug_ranges  0x0000000000000678       0x30 ./User/USBLIB/CONFIG/usb_pwr.o
 .debug_ranges  0x00000000000006a8       0x18 ./User/ch32v20x_it.o
 .debug_ranges  0x00000000000006c0       0x48 ./User/main.o
 .debug_ranges  0x0000000000000708       0x58 ./User/rtc.o
 .debug_ranges  0x0000000000000760       0x18 ./User/system_ch32v20x.o
 .debug_ranges  0x0000000000000778       0x88 ./User/usb_serial.o
 .debug_ranges  0x0000000000000800       0x28 ./Startup/startup_ch32v20x_D6.o
 .debug_ranges  0x0000000000000828       0x68 ./Peripheral/src/ch32v20x_bkp.o
 .debug_ranges  0x0000000000000890       0x48 ./Peripheral/src/ch32v20x_misc.o
 .debug_ranges  0x00000000000008d8       0x78 ./Peripheral/src/ch32v20x_pwr.o
 .debug_ranges  0x0000000000000950      0x118 ./Peripheral/src/ch32v20x_rcc.o
 .debug_ranges  0x0000000000000a68       0x70 ./Peripheral/src/ch32v20x_rtc.o
 .debug_ranges  0x0000000000000ad8       0x40 ./Debug/debug.o

.debug_line     0x0000000000000000     0xc9e0
 .debug_line    0x0000000000000000     0x1ac1 ./User/USBLIB/USB-Driver/src/usb_core.o
 .debug_line    0x0000000000001ac1      0x348 ./User/USBLIB/USB-Driver/src/usb_init.o
 .debug_line    0x0000000000001e09      0x991 ./User/USBLIB/USB-Driver/src/usb_int.o
 .debug_line    0x000000000000279a      0x46e ./User/USBLIB/USB-Driver/src/usb_mem.o
 .debug_line    0x0000000000002c08     0x11e3 ./User/USBLIB/USB-Driver/src/usb_regs.o
 .debug_line    0x0000000000003deb      0x3de ./User/USBLIB/USB-Driver/src/usb_sil.o
 .debug_line    0x00000000000041c9      0x678 ./User/USBLIB/CONFIG/hw_config.o
 .debug_line    0x0000000000004841      0x2e3 ./User/USBLIB/CONFIG/usb_desc.o
 .debug_line    0x0000000000004b24      0x951 ./User/USBLIB/CONFIG/usb_endp.o
 .debug_line    0x0000000000005475      0x6e3 ./User/USBLIB/CONFIG/usb_istr.o
 .debug_line    0x0000000000005b58      0x8c7 ./User/USBLIB/CONFIG/usb_prop.o
 .debug_line    0x000000000000641f      0x82f ./User/USBLIB/CONFIG/usb_pwr.o
 .debug_line    0x0000000000006c4e      0x2b3 ./User/ch32v20x_it.o
 .debug_line    0x0000000000006f01      0x5ec ./User/main.o
 .debug_line    0x00000000000074ed      0xe29 ./User/rtc.o
 .debug_line    0x0000000000008316      0x5ce ./User/system_ch32v20x.o
 .debug_line    0x00000000000088e4      0x712 ./User/usb_serial.o
 .debug_line    0x0000000000008ff6      0x125 ./Startup/startup_ch32v20x_D6.o
 .debug_line    0x000000000000911b      0x68a ./Peripheral/src/ch32v20x_bkp.o
 .debug_line    0x00000000000097a5      0x3fd ./Peripheral/src/ch32v20x_misc.o
 .debug_line    0x0000000000009ba2      0xb8b ./Peripheral/src/ch32v20x_pwr.o
 .debug_line    0x000000000000a72d     0x118f ./Peripheral/src/ch32v20x_rcc.o
 .debug_line    0x000000000000b8bc      0x9c5 ./Peripheral/src/ch32v20x_rtc.o
 .debug_line    0x000000000000c281      0x75f ./Debug/debug.o

.debug_str      0x0000000000000000     0x2f26
 .debug_str     0x0000000000000000      0xda6 ./User/USBLIB/USB-Driver/src/usb_core.o
                                        0xf6e (size before relaxing)
 .debug_str     0x0000000000000da6       0x32 ./User/USBLIB/USB-Driver/src/usb_init.o
                                        0x9db (size before relaxing)
 .debug_str     0x0000000000000dd8       0x68 ./User/USBLIB/USB-Driver/src/usb_int.o
                                        0xa39 (size before relaxing)
 .debug_str     0x0000000000000e40       0x58 ./User/USBLIB/USB-Driver/src/usb_mem.o
                                        0xa29 (size before relaxing)
 .debug_str     0x0000000000000e98      0x389 ./User/USBLIB/USB-Driver/src/usb_regs.o
                                        0xdb1 (size before relaxing)
 .debug_str     0x0000000000001221       0x7e ./User/USBLIB/USB-Driver/src/usb_sil.o
                                        0xa81 (size before relaxing)
 .debug_str     0x000000000000129f      0x5af ./User/USBLIB/CONFIG/hw_config.o
                                        0xf6d (size before relaxing)
 .debug_str     0x000000000000184e       0x21 ./User/USBLIB/CONFIG/usb_desc.o
                                        0xa3f (size before relaxing)
 .debug_str     0x000000000000186f      0x143 ./User/USBLIB/CONFIG/usb_endp.o
                                        0xc1a (size before relaxing)
 .debug_str     0x00000000000019b2       0xc4 ./User/USBLIB/CONFIG/usb_istr.o
                                        0xabf (size before relaxing)
 .debug_str     0x0000000000001a76      0x1b1 ./User/USBLIB/CONFIG/usb_prop.o
                                        0xde3 (size before relaxing)
 .debug_str     0x0000000000001c27       0x63 ./User/USBLIB/CONFIG/usb_pwr.o
                                        0xb57 (size before relaxing)
 .debug_str     0x0000000000001c8a       0x34 ./User/ch32v20x_it.o
                                        0x5b0 (size before relaxing)
 .debug_str     0x0000000000001cbe       0xef ./User/main.o
                                        0xaf7 (size before relaxing)
 .debug_str     0x0000000000001dad      0x1f9 ./User/rtc.o
                                        0xbd0 (size before relaxing)
 .debug_str     0x0000000000001fa6       0xc4 ./User/system_ch32v20x.o
                                        0x699 (size before relaxing)
 .debug_str     0x000000000000206a       0x99 ./User/usb_serial.o
                                        0xa7e (size before relaxing)
 .debug_str     0x0000000000002103       0x31 ./Startup/startup_ch32v20x_D6.o
                                         0x57 (size before relaxing)
 .debug_str     0x0000000000002134      0x45b ./Peripheral/src/ch32v20x_bkp.o
                                        0xaa3 (size before relaxing)
 .debug_str     0x000000000000258f       0xfc ./Peripheral/src/ch32v20x_misc.o
                                        0xa7c (size before relaxing)
 .debug_str     0x000000000000268b      0x19d ./Peripheral/src/ch32v20x_pwr.o
                                        0x85a (size before relaxing)
 .debug_str     0x0000000000002828      0x368 ./Peripheral/src/ch32v20x_rcc.o
                                        0xaba (size before relaxing)
 .debug_str     0x0000000000002b90       0xf5 ./Peripheral/src/ch32v20x_rtc.o
                                        0x804 (size before relaxing)
 .debug_str     0x0000000000002c85      0x2a1 ./Debug/debug.o
                                        0x90f (size before relaxing)

.comment        0x0000000000000000       0x33
 .comment       0x0000000000000000       0x33 ./User/USBLIB/USB-Driver/src/usb_core.o
                                         0x34 (size before relaxing)
 .comment       0x0000000000000033       0x34 ./User/USBLIB/USB-Driver/src/usb_init.o
 .comment       0x0000000000000033       0x34 ./User/USBLIB/USB-Driver/src/usb_int.o
 .comment       0x0000000000000033       0x34 ./User/USBLIB/USB-Driver/src/usb_mem.o
 .comment       0x0000000000000033       0x34 ./User/USBLIB/USB-Driver/src/usb_regs.o
 .comment       0x0000000000000033       0x34 ./User/USBLIB/USB-Driver/src/usb_sil.o
 .comment       0x0000000000000033       0x34 ./User/USBLIB/CONFIG/hw_config.o
 .comment       0x0000000000000033       0x34 ./User/USBLIB/CONFIG/usb_desc.o
 .comment       0x0000000000000033       0x34 ./User/USBLIB/CONFIG/usb_endp.o
 .comment       0x0000000000000033       0x34 ./User/USBLIB/CONFIG/usb_istr.o
 .comment       0x0000000000000033       0x34 ./User/USBLIB/CONFIG/usb_prop.o
 .comment       0x0000000000000033       0x34 ./User/USBLIB/CONFIG/usb_pwr.o
 .comment       0x0000000000000033       0x34 ./User/ch32v20x_it.o
 .comment       0x0000000000000033       0x34 ./User/main.o
 .comment       0x0000000000000033       0x34 ./User/rtc.o
 .comment       0x0000000000000033       0x34 ./User/system_ch32v20x.o
 .comment       0x0000000000000033       0x34 ./User/usb_serial.o
 .comment       0x0000000000000033       0x34 ./Peripheral/src/ch32v20x_bkp.o
 .comment       0x0000000000000033       0x34 ./Peripheral/src/ch32v20x_misc.o
 .comment       0x0000000000000033       0x34 ./Peripheral/src/ch32v20x_pwr.o
 .comment       0x0000000000000033       0x34 ./Peripheral/src/ch32v20x_rcc.o
 .comment       0x0000000000000033       0x34 ./Peripheral/src/ch32v20x_rtc.o
 .comment       0x0000000000000033       0x34 ./Debug/debug.o

.debug_frame    0x0000000000000000     0x1ea0
 .debug_frame   0x0000000000000000      0x204 ./User/USBLIB/USB-Driver/src/usb_core.o
 .debug_frame   0x0000000000000204       0x2c ./User/USBLIB/USB-Driver/src/usb_init.o
 .debug_frame   0x0000000000000230       0x78 ./User/USBLIB/USB-Driver/src/usb_int.o
 .debug_frame   0x00000000000002a8       0x30 ./User/USBLIB/USB-Driver/src/usb_mem.o
 .debug_frame   0x00000000000002d8      0x438 ./User/USBLIB/USB-Driver/src/usb_regs.o
 .debug_frame   0x0000000000000710       0x68 ./User/USBLIB/USB-Driver/src/usb_sil.o
 .debug_frame   0x0000000000000778       0xa0 ./User/USBLIB/CONFIG/hw_config.o
 .debug_frame   0x0000000000000818      0x134 ./User/USBLIB/CONFIG/usb_endp.o
 .debug_frame   0x000000000000094c       0x3c ./User/USBLIB/CONFIG/usb_istr.o
 .debug_frame   0x0000000000000988      0x164 ./User/USBLIB/CONFIG/usb_prop.o
 .debug_frame   0x0000000000000aec       0x88 ./User/USBLIB/CONFIG/usb_pwr.o
 .debug_frame   0x0000000000000b74       0x30 ./User/ch32v20x_it.o
 .debug_frame   0x0000000000000ba4       0x64 ./User/main.o
 .debug_frame   0x0000000000000c08      0x140 ./User/rtc.o
 .debug_frame   0x0000000000000d48       0x30 ./User/system_ch32v20x.o
 .debug_frame   0x0000000000000d78      0x10c ./User/usb_serial.o
 .debug_frame   0x0000000000000e84       0xec ./Peripheral/src/ch32v20x_bkp.o
 .debug_frame   0x0000000000000f70       0x30 ./Peripheral/src/ch32v20x_misc.o
 .debug_frame   0x0000000000000fa0       0xfc ./Peripheral/src/ch32v20x_pwr.o
 .debug_frame   0x000000000000109c      0x244 ./Peripheral/src/ch32v20x_rcc.o
 .debug_frame   0x00000000000012e0      0x12c ./Peripheral/src/ch32v20x_rtc.o
 .debug_frame   0x000000000000140c       0xb8 ./Debug/debug.o
 .debug_frame   0x00000000000014c4       0x48 c:/mounriver/mounriver_studio2/resources/app/resources/win32/components/wch/toolchain/risc-v embedded gcc/bin/../lib/gcc/riscv-none-embed/8.2.0/../../../../riscv-none-embed/lib/rv32imacxw/ilp32\libg_nano.a(lib_a-sprintf.o)
 .debug_frame   0x000000000000150c       0x54 c:/mounriver/mounriver_studio2/resources/app/resources/win32/components/wch/toolchain/risc-v embedded gcc/bin/../lib/gcc/riscv-none-embed/8.2.0/../../../../riscv-none-embed/lib/rv32imacxw/ilp32\libg_nano.a(lib_a-sscanf.o)
 .debug_frame   0x0000000000001560       0xa4 c:/mounriver/mounriver_studio2/resources/app/resources/win32/components/wch/toolchain/risc-v embedded gcc/bin/../lib/gcc/riscv-none-embed/8.2.0/../../../../riscv-none-embed/lib/rv32imacxw/ilp32\libg_nano.a(lib_a-stdio.o)
 .debug_frame   0x0000000000001604       0x20 c:/mounriver/mounriver_studio2/resources/app/resources/win32/components/wch/toolchain/risc-v embedded gcc/bin/../lib/gcc/riscv-none-embed/8.2.0/../../../../riscv-none-embed/lib/rv32imacxw/ilp32\libg_nano.a(lib_a-strlen.o)
 .debug_frame   0x0000000000001624       0xe0 c:/mounriver/mounriver_studio2/resources/app/resources/win32/components/wch/toolchain/risc-v embedded gcc/bin/../lib/gcc/riscv-none-embed/8.2.0/../../../../riscv-none-embed/lib/rv32imacxw/ilp32\libg_nano.a(lib_a-nano-svfprintf.o)
 .debug_frame   0x0000000000001704       0xb4 c:/mounriver/mounriver_studio2/resources/app/resources/win32/components/wch/toolchain/risc-v embedded gcc/bin/../lib/gcc/riscv-none-embed/8.2.0/../../../../riscv-none-embed/lib/rv32imacxw/ilp32\libg_nano.a(lib_a-nano-svfscanf.o)
 .debug_frame   0x00000000000017b8       0x8c c:/mounriver/mounriver_studio2/resources/app/resources/win32/components/wch/toolchain/risc-v embedded gcc/bin/../lib/gcc/riscv-none-embed/8.2.0/../../../../riscv-none-embed/lib/rv32imacxw/ilp32\libg_nano.a(lib_a-nano-vfprintf_i.o)
 .debug_frame   0x0000000000001844       0xa0 c:/mounriver/mounriver_studio2/resources/app/resources/win32/components/wch/toolchain/risc-v embedded gcc/bin/../lib/gcc/riscv-none-embed/8.2.0/../../../../riscv-none-embed/lib/rv32imacxw/ilp32\libg_nano.a(lib_a-nano-vfscanf_i.o)
 .debug_frame   0x00000000000018e4       0x70 c:/mounriver/mounriver_studio2/resources/app/resources/win32/components/wch/toolchain/risc-v embedded gcc/bin/../lib/gcc/riscv-none-embed/8.2.0/../../../../riscv-none-embed/lib/rv32imacxw/ilp32\libg_nano.a(lib_a-reent.o)
 .debug_frame   0x0000000000001954       0x20 c:/mounriver/mounriver_studio2/resources/app/resources/win32/components/wch/toolchain/risc-v embedded gcc/bin/../lib/gcc/riscv-none-embed/8.2.0/../../../../riscv-none-embed/lib/rv32imacxw/ilp32\libg_nano.a(lib_a-sccl.o)
 .debug_frame   0x0000000000001974       0x70 c:/mounriver/mounriver_studio2/resources/app/resources/win32/components/wch/toolchain/risc-v embedded gcc/bin/../lib/gcc/riscv-none-embed/8.2.0/../../../../riscv-none-embed/lib/rv32imacxw/ilp32\libg_nano.a(lib_a-strtol.o)
 .debug_frame   0x00000000000019e4       0x70 c:/mounriver/mounriver_studio2/resources/app/resources/win32/components/wch/toolchain/risc-v embedded gcc/bin/../lib/gcc/riscv-none-embed/8.2.0/../../../../riscv-none-embed/lib/rv32imacxw/ilp32\libg_nano.a(lib_a-strtoul.o)
 .debug_frame   0x0000000000001a54       0x84 c:/mounriver/mounriver_studio2/resources/app/resources/win32/components/wch/toolchain/risc-v embedded gcc/bin/../lib/gcc/riscv-none-embed/8.2.0/../../../../riscv-none-embed/lib/rv32imacxw/ilp32\libg_nano.a(lib_a-ungetc.o)
 .debug_frame   0x0000000000001ad8      0x148 c:/mounriver/mounriver_studio2/resources/app/resources/win32/components/wch/toolchain/risc-v embedded gcc/bin/../lib/gcc/riscv-none-embed/8.2.0/../../../../riscv-none-embed/lib/rv32imacxw/ilp32\libg_nano.a(lib_a-findfp.o)
 .debug_frame   0x0000000000001c20       0x78 c:/mounriver/mounriver_studio2/resources/app/resources/win32/components/wch/toolchain/risc-v embedded gcc/bin/../lib/gcc/riscv-none-embed/8.2.0/../../../../riscv-none-embed/lib/rv32imacxw/ilp32\libg_nano.a(lib_a-locale.o)
 .debug_frame   0x0000000000001c98       0x38 c:/mounriver/mounriver_studio2/resources/app/resources/win32/components/wch/toolchain/risc-v embedded gcc/bin/../lib/gcc/riscv-none-embed/8.2.0/../../../../riscv-none-embed/lib/rv32imacxw/ilp32\libg_nano.a(lib_a-mbtowc_r.o)
 .debug_frame   0x0000000000001cd0       0x20 c:/mounriver/mounriver_studio2/resources/app/resources/win32/components/wch/toolchain/risc-v embedded gcc/bin/../lib/gcc/riscv-none-embed/8.2.0/../../../../riscv-none-embed/lib/rv32imacxw/ilp32\libg_nano.a(lib_a-memchr.o)
 .debug_frame   0x0000000000001cf0       0x20 c:/mounriver/mounriver_studio2/resources/app/resources/win32/components/wch/toolchain/risc-v embedded gcc/bin/../lib/gcc/riscv-none-embed/8.2.0/../../../../riscv-none-embed/lib/rv32imacxw/ilp32\libg_nano.a(lib_a-memcpy.o)
 .debug_frame   0x0000000000001d10       0x20 c:/mounriver/mounriver_studio2/resources/app/resources/win32/components/wch/toolchain/risc-v embedded gcc/bin/../lib/gcc/riscv-none-embed/8.2.0/../../../../riscv-none-embed/lib/rv32imacxw/ilp32\libg_nano.a(lib_a-memmove.o)
 .debug_frame   0x0000000000001d30       0x40 c:/mounriver/mounriver_studio2/resources/app/resources/win32/components/wch/toolchain/risc-v embedded gcc/bin/../lib/gcc/riscv-none-embed/8.2.0/../../../../riscv-none-embed/lib/rv32imacxw/ilp32\libg_nano.a(lib_a-nano-freer.o)
 .debug_frame   0x0000000000001d70       0x40 c:/mounriver/mounriver_studio2/resources/app/resources/win32/components/wch/toolchain/risc-v embedded gcc/bin/../lib/gcc/riscv-none-embed/8.2.0/../../../../riscv-none-embed/lib/rv32imacxw/ilp32\libg_nano.a(lib_a-nano-mallocr.o)
 .debug_frame   0x0000000000001db0       0x40 c:/mounriver/mounriver_studio2/resources/app/resources/win32/components/wch/toolchain/risc-v embedded gcc/bin/../lib/gcc/riscv-none-embed/8.2.0/../../../../riscv-none-embed/lib/rv32imacxw/ilp32\libg_nano.a(lib_a-nano-reallocr.o)
 .debug_frame   0x0000000000001df0       0x30 c:/mounriver/mounriver_studio2/resources/app/resources/win32/components/wch/toolchain/risc-v embedded gcc/bin/../lib/gcc/riscv-none-embed/8.2.0/../../../../riscv-none-embed/lib/rv32imacxw/ilp32\libg_nano.a(lib_a-sbrkr.o)
 .debug_frame   0x0000000000001e20       0x30 c:/mounriver/mounriver_studio2/resources/app/resources/win32/components/wch/toolchain/risc-v embedded gcc/bin/../lib/gcc/riscv-none-embed/8.2.0/../../../../riscv-none-embed/lib/rv32imacxw/ilp32\libg_nano.a(lib_a-wctomb_r.o)
 .debug_frame   0x0000000000001e50       0x30 c:/mounriver/mounriver_studio2/resources/app/resources/win32/components/wch/toolchain/risc-v embedded gcc/bin/../lib/gcc/riscv-none-embed/8.2.0/../../../../riscv-none-embed/lib/rv32imacxw/ilp32\libg_nano.a(lib_a-mlock.o)
 .debug_frame   0x0000000000001e80       0x20 c:/mounriver/mounriver_studio2/resources/app/resources/win32/components/wch/toolchain/risc-v embedded gcc/bin/../lib/gcc/riscv-none-embed/8.2.0/../../../../riscv-none-embed/lib/rv32imacxw/ilp32\libg_nano.a(lib_a-nano-msizer.o)

.stabstr        0x0000000000000000       0xa9
 .stabstr       0x0000000000000000       0xa9 c:/mounriver/mounriver_studio2/resources/app/resources/win32/components/wch/toolchain/risc-v embedded gcc/bin/../lib/gcc/riscv-none-embed/8.2.0/../../../../riscv-none-embed/lib/rv32imacxw/ilp32\libnosys.a(close.o)
