Archive member included to satisfy reference by file (symbol)

c:/mounriver/mounriver_studio/toolchain/risc-v embedded gcc/bin/../lib/gcc/riscv-none-embed/8.2.0/rv32imacxw/ilp32\libgcc.a(save-restore.o)
                              ./User/Main.o (__riscv_save_10)
c:/mounriver/mounriver_studio/toolchain/risc-v embedded gcc/bin/../lib/gcc/riscv-none-embed/8.2.0/../../../../riscv-none-embed/lib/rv32imacxw/ilp32\libg_nano.a(lib_a-printf.o)
                              ./User/Main.o (printf)
c:/mounriver/mounriver_studio/toolchain/risc-v embedded gcc/bin/../lib/gcc/riscv-none-embed/8.2.0/../../../../riscv-none-embed/lib/rv32imacxw/ilp32\libg_nano.a(lib_a-strcmp.o)
                              ./User/Main.o (strcmp)
c:/mounriver/mounriver_studio/toolchain/risc-v embedded gcc/bin/../lib/gcc/riscv-none-embed/8.2.0/../../../../riscv-none-embed/lib/rv32imacxw/ilp32\libg_nano.a(lib_a-findfp.o)
                              c:/mounriver/mounriver_studio/toolchain/risc-v embedded gcc/bin/../lib/gcc/riscv-none-embed/8.2.0/../../../../riscv-none-embed/lib/rv32imacxw/ilp32\libg_nano.a(lib_a-printf.o) (__sinit)
c:/mounriver/mounriver_studio/toolchain/risc-v embedded gcc/bin/../lib/gcc/riscv-none-embed/8.2.0/../../../../riscv-none-embed/lib/rv32imacxw/ilp32\libg_nano.a(lib_a-fwalk.o)
                              c:/mounriver/mounriver_studio/toolchain/risc-v embedded gcc/bin/../lib/gcc/riscv-none-embed/8.2.0/../../../../riscv-none-embed/lib/rv32imacxw/ilp32\libg_nano.a(lib_a-findfp.o) (_fwalk)
c:/mounriver/mounriver_studio/toolchain/risc-v embedded gcc/bin/../lib/gcc/riscv-none-embed/8.2.0/../../../../riscv-none-embed/lib/rv32imacxw/ilp32\libg_nano.a(lib_a-impure.o)
                              c:/mounriver/mounriver_studio/toolchain/risc-v embedded gcc/bin/../lib/gcc/riscv-none-embed/8.2.0/../../../../riscv-none-embed/lib/rv32imacxw/ilp32\libg_nano.a(lib_a-findfp.o) (_global_impure_ptr)
c:/mounriver/mounriver_studio/toolchain/risc-v embedded gcc/bin/../lib/gcc/riscv-none-embed/8.2.0/../../../../riscv-none-embed/lib/rv32imacxw/ilp32\libg_nano.a(lib_a-memset.o)
                              c:/mounriver/mounriver_studio/toolchain/risc-v embedded gcc/bin/../lib/gcc/riscv-none-embed/8.2.0/../../../../riscv-none-embed/lib/rv32imacxw/ilp32\libg_nano.a(lib_a-findfp.o) (memset)
c:/mounriver/mounriver_studio/toolchain/risc-v embedded gcc/bin/../lib/gcc/riscv-none-embed/8.2.0/../../../../riscv-none-embed/lib/rv32imacxw/ilp32\libg_nano.a(lib_a-nano-mallocr.o)
                              c:/mounriver/mounriver_studio/toolchain/risc-v embedded gcc/bin/../lib/gcc/riscv-none-embed/8.2.0/../../../../riscv-none-embed/lib/rv32imacxw/ilp32\libg_nano.a(lib_a-findfp.o) (_malloc_r)
c:/mounriver/mounriver_studio/toolchain/risc-v embedded gcc/bin/../lib/gcc/riscv-none-embed/8.2.0/../../../../riscv-none-embed/lib/rv32imacxw/ilp32\libg_nano.a(lib_a-nano-vfprintf.o)
                              c:/mounriver/mounriver_studio/toolchain/risc-v embedded gcc/bin/../lib/gcc/riscv-none-embed/8.2.0/../../../../riscv-none-embed/lib/rv32imacxw/ilp32\libg_nano.a(lib_a-printf.o) (_vfprintf_r)
c:/mounriver/mounriver_studio/toolchain/risc-v embedded gcc/bin/../lib/gcc/riscv-none-embed/8.2.0/../../../../riscv-none-embed/lib/rv32imacxw/ilp32\libg_nano.a(lib_a-nano-vfprintf_i.o)
                              c:/mounriver/mounriver_studio/toolchain/risc-v embedded gcc/bin/../lib/gcc/riscv-none-embed/8.2.0/../../../../riscv-none-embed/lib/rv32imacxw/ilp32\libg_nano.a(lib_a-nano-vfprintf.o) (_printf_i)
c:/mounriver/mounriver_studio/toolchain/risc-v embedded gcc/bin/../lib/gcc/riscv-none-embed/8.2.0/../../../../riscv-none-embed/lib/rv32imacxw/ilp32\libg_nano.a(lib_a-sbrkr.o)
                              c:/mounriver/mounriver_studio/toolchain/risc-v embedded gcc/bin/../lib/gcc/riscv-none-embed/8.2.0/../../../../riscv-none-embed/lib/rv32imacxw/ilp32\libg_nano.a(lib_a-nano-mallocr.o) (_sbrk_r)
c:/mounriver/mounriver_studio/toolchain/risc-v embedded gcc/bin/../lib/gcc/riscv-none-embed/8.2.0/../../../../riscv-none-embed/lib/rv32imacxw/ilp32\libg_nano.a(lib_a-stdio.o)
                              c:/mounriver/mounriver_studio/toolchain/risc-v embedded gcc/bin/../lib/gcc/riscv-none-embed/8.2.0/../../../../riscv-none-embed/lib/rv32imacxw/ilp32\libg_nano.a(lib_a-findfp.o) (__sread)
c:/mounriver/mounriver_studio/toolchain/risc-v embedded gcc/bin/../lib/gcc/riscv-none-embed/8.2.0/../../../../riscv-none-embed/lib/rv32imacxw/ilp32\libg_nano.a(lib_a-wbuf.o)
                              c:/mounriver/mounriver_studio/toolchain/risc-v embedded gcc/bin/../lib/gcc/riscv-none-embed/8.2.0/../../../../riscv-none-embed/lib/rv32imacxw/ilp32\libg_nano.a(lib_a-nano-vfprintf.o) (__swbuf_r)
c:/mounriver/mounriver_studio/toolchain/risc-v embedded gcc/bin/../lib/gcc/riscv-none-embed/8.2.0/../../../../riscv-none-embed/lib/rv32imacxw/ilp32\libg_nano.a(lib_a-writer.o)
[...]
Memory Configuration

Name             Origin             Length             Attributes
FLASH            0x0000000000000000 0x0000000000010000 xr
RAM              0x0000000020000000 0x0000000000005000 xrw
*default*        0x0000000000000000 0xffffffffffffffff

Linker script and memory map

LOAD ./User/USBLIB/USB-Driver/src/usb_core.o
LOAD ./User/USBLIB/USB-Driver/src/usb_init.o
LOAD ./User/USBLIB/USB-Driver/src/usb_int.o
LOAD ./User/USBLIB/USB-Driver/src/usb_mem.o
LOAD ./User/USBLIB/USB-Driver/src/usb_regs.o
LOAD ./User/USBLIB/USB-Driver/src/usb_sil.o
LOAD ./User/USBLIB/CONFIG/hw_config.o
LOAD ./User/USBLIB/CONFIG/usb_desc.o
LOAD ./User/USBLIB/CONFIG/usb_endp.o
LOAD ./User/USBLIB/CONFIG/usb_istr.o
LOAD ./User/USBLIB/CONFIG/usb_prop.o
LOAD ./User/USBLIB/CONFIG/usb_pwr.o
LOAD ./User/Main.o
LOAD ./User/ch32v20x_it.o
LOAD ./User/system_ch32v20x.o
LOAD ./User/usb_serial.o
LOAD ./Startup/startup_ch32v20x_D6.o
LOAD ./Peripheral/src/ch32v20x_adc.o
LOAD ./Peripheral/src/ch32v20x_bkp.o
LOAD ./Peripheral/src/ch32v20x_can.o
LOAD ./Peripheral/src/ch32v20x_crc.o
LOAD ./Peripheral/src/ch32v20x_dbgmcu.o
LOAD ./Peripheral/src/ch32v20x_dma.o
LOAD ./Peripheral/src/ch32v20x_exti.o
LOAD ./Peripheral/src/ch32v20x_flash.o
LOAD ./Peripheral/src/ch32v20x_gpio.o
LOAD ./Peripheral/src/ch32v20x_i2c.o
LOAD ./Peripheral/src/ch32v20x_iwdg.o
LOAD ./Peripheral/src/ch32v20x_misc.o
LOAD ./Peripheral/src/ch32v20x_opa.o
LOAD ./Peripheral/src/ch32v20x_pwr.o
LOAD ./Peripheral/src/ch32v20x_rcc.o
LOAD ./Peripheral/src/ch32v20x_rtc.o
LOAD ./Peripheral/src/ch32v20x_spi.o
LOAD ./Peripheral/src/ch32v20x_tim.o
LOAD ./Peripheral/src/ch32v20x_usart.o
LOAD ./Peripheral/src/ch32v20x_wwdg.o
LOAD ./Debug/debug.o
LOAD ./Core/core_riscv.o
LOAD c:/mounriver/mounriver_studio/toolchain/risc-v embedded gcc/bin/../lib/gcc/riscv-none-embed/8.2.0/rv32imacxw/ilp32\libgcc.a
LOAD c:/mounriver/mounriver_studio/toolchain/risc-v embedded gcc/bin/../lib/gcc/riscv-none-embed/8.2.0/../../../../riscv-none-embed/lib/rv32imacxw/ilp32\libg_nano.a
LOAD c:/mounriver/mounriver_studio/toolchain/risc-v embedded gcc/bin/../lib/gcc/riscv-none-embed/8.2.0/../../../../riscv-none-embed/lib/rv32imacxw/ilp32\libc_nano.a
LOAD c:/mounriver/mounriver_studio/toolchain/risc-v embedded gcc/bin/../lib/gcc/riscv-none-embed/8.2.0/rv32imacxw/ilp32\libgcc.a
START GROUP
LOAD c:/mounriver/mounriver_studio/toolchain/risc-v embedded gcc/bin/../lib/gcc/riscv-none-embed/8.2.0/rv32imacxw/ilp32\libgcc.a
LOAD c:/mounriver/mounriver_studio/toolchain/risc-v embedded gcc/bin/../lib/gcc/riscv-none-embed/8.2.0/../../../../riscv-none-embed/lib/rv32imacxw/ilp32\libc_nano.a
LOAD c:/mounriver/mounriver_studio/toolchain/risc-v embedded gcc/bin/../lib/gcc/riscv-none-embed/8.2.0/../../../../riscv-none-embed/lib/rv32imacxw/ilp32\libnosys.a
END GROUP
START GROUP
LOAD c:/mounriver/mounriver_studio/toolchain/risc-v embedded gcc/bin/../lib/gcc/riscv-none-embed/8.2.0/rv32imacxw/ilp32\libgcc.a
LOAD c:/mounriver/mounriver_studio/toolchain/risc-v embedded gcc/bin/../lib/gcc/riscv-none-embed/8.2.0/../../../../riscv-none-embed/lib/rv32imacxw/ilp32\libc_nano.a
LOAD c:/mounriver/mounriver_studio/toolchain/risc-v embedded gcc/bin/../lib/gcc/riscv-none-embed/8.2.0/../../../../riscv-none-embed/lib/rv32imacxw/ilp32\libnosys.a
END GROUP
                0x0000000000000800                __stack_size = 0x800
                [!provide]                        PROVIDE (_stack_size = __stack_size)

.init           0x0000000000000000        0x4
                0x0000000000000000                _sinit = .
                0x0000000000000000                . = ALIGN (0x4)
 *(SORT_NONE(.init))
 .init          0x0000000000000000        0x4 ./Startup/startup_ch32v20x_D6.o
                0x0000000000000000                _start
                0x0000000000000004                . = ALIGN (0x4)
                0x0000000000000004                _einit = .

.vector         0x0000000000000004       0xfc
 *(.vector)
 .vector        0x0000000000000004       0xfc ./Startup/startup_ch32v20x_D6.o
                0x0000000000000100                . = ALIGN (0x40)

.text           0x0000000000000100     0x3758
                0x0000000000000100                . = ALIGN (0x4)
 *(.text)
 .text          0x0000000000000100       0x60 c:/mounriver/mounriver_studio/toolchain/risc-v embedded gcc/bin/../lib/gcc/riscv-none-embed/8.2.0/rv32imacxw/ilp32\libgcc.a(save-restore.o)
                0x0000000000000100                __riscv_save_12
                0x0000000000000108                __riscv_save_9
                0x0000000000000108                __riscv_save_11
                0x0000000000000108                __riscv_save_10
                0x0000000000000108                __riscv_save_8
                0x0000000000000116                __riscv_save_4
                0x0000000000000116                __riscv_save_6
                0x0000000000000116                __riscv_save_5
                0x0000000000000116                __riscv_save_7
                0x0000000000000130                __riscv_save_3
                0x0000000000000130                __riscv_save_2
                0x0000000000000130                __riscv_save_1
                0x0000000000000130                __riscv_save_0
                0x000000000000013c                __riscv_restore_12
                0x0000000000000140                __riscv_restore_11
                0x0000000000000140                __riscv_restore_9
                0x0000000000000140                __riscv_restore_10
                0x0000000000000140                __riscv_restore_8
                0x000000000000014a                __riscv_restore_5
                0x000000000000014a                __riscv_restore_7
                0x000000000000014a                __riscv_restore_6
                0x000000000000014a                __riscv_restore_4
                0x0000000000000154                __riscv_restore_3
                0x0000000000000154                __riscv_restore_0
                0x0000000000000154                __riscv_restore_2
                0x0000000000000154                __riscv_restore_1
 .text          0x0000000000000160      0x11a c:/mounriver/mounriver_studio/toolchain/risc-v embedded gcc/bin/../lib/gcc/riscv-none-embed/8.2.0/../../../../riscv-none-embed/lib/rv32imacxw/ilp32\libg_nano.a(lib_a-strcmp.o)
                0x0000000000000160                strcmp
 .text          0x000000000000027a       0xa8 c:/mounriver/mounriver_studio/toolchain/risc-v embedded gcc/bin/../lib/gcc/riscv-none-embed/8.2.0/../../../../riscv-none-embed/lib/rv32imacxw/ilp32\libg_nano.a(lib_a-memset.o)
                0x000000000000027a                memset
 *(.text.*)
 .text.Standard_GetConfiguration
                0x0000000000000322       0x20 ./User/USBLIB/USB-Driver/src/usb_core.o
                0x0000000000000322                Standard_GetConfiguration
 .text.Standard_GetInterface
                0x0000000000000342       0x20 ./User/USBLIB/USB-Driver/src/usb_core.o
                0x0000000000000342                Standard_GetInterface
 .text.Standard_GetStatus
                0x0000000000000362       0x8e ./User/USBLIB/USB-Driver/src/usb_core.o
                0x0000000000000362                Standard_GetStatus
 .text.DataStageIn
                0x00000000000003f0       0xae ./User/USBLIB/USB-Driver/src/usb_core.o
 .text.Standard_SetConfiguration
                0x000000000000049e       0x2c ./User/USBLIB/USB-Driver/src/usb_core.o
                0x000000000000049e                Standard_SetConfiguration
 .text.Standard_SetInterface
                0x00000000000004ca       0x48 ./User/USBLIB/USB-Driver/src/usb_core.o
                0x00000000000004ca                Standard_SetInterface
 .text.Standard_ClearFeature
                0x0000000000000512      0x11a ./User/USBLIB/USB-Driver/src/usb_core.o
                0x0000000000000512                Standard_ClearFeature
 .text.Standard_SetEndPointFeature
                0x000000000000062c       0xba ./User/USBLIB/USB-Driver/src/usb_core.o
                0x000000000000062c                Standard_SetEndPointFeature
 .text.Standard_SetDeviceFeature
                0x00000000000006e6       0x1c ./User/USBLIB/USB-Driver/src/usb_core.o
                0x00000000000006e6                Standard_SetDeviceFeature
 .text.Standard_GetDescriptorData
                0x0000000000000702       0x18 ./User/USBLIB/USB-Driver/src/usb_core.o
                0x0000000000000702                Standard_GetDescriptorData
 .text.Post0_Process
                0x000000000000071a       0x32 ./User/USBLIB/USB-Driver/src/usb_core.o
                0x000000000000071a                Post0_Process
 .text.Setup0_Process
                0x000000000000074c      0x2f0 ./User/USBLIB/USB-Driver/src/usb_core.o
                0x000000000000074c                Setup0_Process
 .text.Out0_Process
                0x0000000000000a3c       0xca ./User/USBLIB/USB-Driver/src/usb_core.o
                0x0000000000000a3c                Out0_Process
 .text.SetDeviceAddress
                0x0000000000000b06       0x4a ./User/USBLIB/USB-Driver/src/usb_core.o
                0x0000000000000b06                SetDeviceAddress
 .text.In0_Process
                0x0000000000000b50       0x5a ./User/USBLIB/USB-Driver/src/usb_core.o
                0x0000000000000b50                In0_Process
 .text.NOP_Process
                0x0000000000000baa        0x2 ./User/USBLIB/USB-Driver/src/usb_core.o
                0x0000000000000baa                NOP_Process
 .text.USB_Init
                0x0000000000000bac       0x32 ./User/USBLIB/USB-Driver/src/usb_init.o
                0x0000000000000bac                USB_Init
 .text.CTR_LP   0x0000000000000bde      0x3b8 ./User/USBLIB/USB-Driver/src/usb_int.o
                0x0000000000000bde                CTR_LP
 .text.UserToPMABufferCopy
                0x0000000000000f96       0x24 ./User/USBLIB/USB-Driver/src/usb_mem.o
                0x0000000000000f96                UserToPMABufferCopy
 .text.PMAToUserBufferCopy
                0x0000000000000fba       0x1e ./User/USBLIB/USB-Driver/src/usb_mem.o
                0x0000000000000fba                PMAToUserBufferCopy
 .text.SetBTABLE
                0x0000000000000fd8       0x10 ./User/USBLIB/USB-Driver/src/usb_regs.o
                0x0000000000000fd8                SetBTABLE
 .text.SetEPType
                0x0000000000000fe8       0x20 ./User/USBLIB/USB-Driver/src/usb_regs.o
                0x0000000000000fe8                SetEPType
 .text.SetEPTxStatus
                0x0000000000001008       0x48 ./User/USBLIB/USB-Driver/src/usb_regs.o
                0x0000000000001008                SetEPTxStatus
 .text.SetEPRxStatus
                0x0000000000001050       0x56 ./User/USBLIB/USB-Driver/src/usb_regs.o
                0x0000000000001050                SetEPRxStatus
 .text.SetEPRxValid
                0x00000000000010a6       0x42 ./User/USBLIB/USB-Driver/src/usb_regs.o
                0x00000000000010a6                SetEPRxValid
 .text.ClearEP_KIND
                0x00000000000010e8       0x26 ./User/USBLIB/USB-Driver/src/usb_regs.o
                0x00000000000010e8                ClearEP_KIND
 .text.Clear_Status_Out
                0x000000000000110e        0xa ./User/USBLIB/USB-Driver/src/usb_regs.o
                0x000000000000110e                Clear_Status_Out
 .text.ClearDTOG_RX
                0x0000000000001118       0x34 ./User/USBLIB/USB-Driver/src/usb_regs.o
                0x0000000000001118                ClearDTOG_RX
 .text.ClearDTOG_TX
                0x000000000000114c       0x30 ./User/USBLIB/USB-Driver/src/usb_regs.o
                0x000000000000114c                ClearDTOG_TX
 .text.SetEPTxAddr
                0x000000000000117c       0x20 ./User/USBLIB/USB-Driver/src/usb_regs.o
                0x000000000000117c                SetEPTxAddr
 .text.SetEPRxAddr
                0x000000000000119c       0x22 ./User/USBLIB/USB-Driver/src/usb_regs.o
                0x000000000000119c                SetEPRxAddr
 .text.GetEPTxAddr
                0x00000000000011be       0x1c ./User/USBLIB/USB-Driver/src/usb_regs.o
                0x00000000000011be                GetEPTxAddr
 .text.GetEPRxAddr
                0x00000000000011da       0x1e ./User/USBLIB/USB-Driver/src/usb_regs.o
                0x00000000000011da                GetEPRxAddr
 .text.SetEPTxCount
                0x00000000000011f8       0x1e ./User/USBLIB/USB-Driver/src/usb_regs.o
                0x00000000000011f8                SetEPTxCount
 .text.SetEPRxCount
                0x0000000000001216       0x82 ./User/USBLIB/USB-Driver/src/usb_regs.o
                0x0000000000001216                SetEPRxCount
 .text.GetEPRxCount
                0x0000000000001298       0x22 ./User/USBLIB/USB-Driver/src/usb_regs.o
                0x0000000000001298                GetEPRxCount
 .text.ByteSwap
                0x00000000000012ba        0xe ./User/USBLIB/USB-Driver/src/usb_regs.o
                0x00000000000012ba                ByteSwap
 .text.USB_SIL_Init
                0x00000000000012c8       0x20 ./User/USBLIB/USB-Driver/src/usb_sil.o
                0x00000000000012c8                USB_SIL_Init
 .text.USB_SIL_Write
                0x00000000000012e8       0x28 ./User/USBLIB/USB-Driver/src/usb_sil.o
                0x00000000000012e8                USB_SIL_Write
 .text.USB_SIL_Read
                0x0000000000001310       0x22 ./User/USBLIB/USB-Driver/src/usb_sil.o
                0x0000000000001310                USB_SIL_Read
 .text.USB_LP_CAN1_RX0_IRQHandler
                0x0000000000001332        0x6 ./User/USBLIB/CONFIG/hw_config.o
                0x0000000000001332                USB_LP_CAN1_RX0_IRQHandler
 .text.Set_USBConfig
                0x0000000000001338       0x44 ./User/USBLIB/CONFIG/hw_config.o
                0x0000000000001338                Set_USBConfig
 .text.Enter_LowPowerMode
                0x000000000000137c        0x8 ./User/USBLIB/CONFIG/hw_config.o
                0x000000000000137c                Enter_LowPowerMode
 .text.Leave_LowPowerMode
                0x0000000000001384       0x12 ./User/USBLIB/CONFIG/hw_config.o
                0x0000000000001384                Leave_LowPowerMode
 .text.USB_Interrupts_Config
                0x0000000000001396       0x2c ./User/USBLIB/CONFIG/hw_config.o
                0x0000000000001396                USB_Interrupts_Config
 .text.USB_Port_Set
                0x00000000000013c2       0xb2 ./User/USBLIB/CONFIG/hw_config.o
                0x00000000000013c2                USB_Port_Set
 .text.usbSerial_begin
                0x0000000000001474       0x42 ./User/USBLIB/CONFIG/usb_endp.o
                0x0000000000001474                usbSerial_begin
 .text.usbSerial_connected
                0x00000000000014b6       0x22 ./User/USBLIB/CONFIG/usb_endp.o
                0x00000000000014b6                usbSerial_connected
 .text.usbSerial_writeReady
                0x00000000000014d8       0x30 ./User/USBLIB/CONFIG/usb_endp.o
                0x00000000000014d8                usbSerial_writeReady
 .text.usbSerial_flush
                0x0000000000001508       0x4e ./User/USBLIB/CONFIG/usb_endp.o
                0x0000000000001508                usbSerial_flush
 .text.usbSerial_writeP
                0x0000000000001556       0x52 ./User/USBLIB/CONFIG/usb_endp.o
                0x0000000000001556                usbSerial_writeP
 .text.usbSerial_available
                0x00000000000015a8       0x10 ./User/USBLIB/CONFIG/usb_endp.o
                0x00000000000015a8                usbSerial_available
 .text.usbSerial_read
                0x00000000000015b8       0x2a ./User/USBLIB/CONFIG/usb_endp.o
                0x00000000000015b8                usbSerial_read
 .text.EP1_IN_Callback
                0x00000000000015e2        0x2 ./User/USBLIB/CONFIG/usb_endp.o
                0x00000000000015e2                EP1_IN_Callback
 .text.EP2_OUT_Callback
                0x00000000000015e4       0x56 ./User/USBLIB/CONFIG/usb_endp.o
                0x00000000000015e4                EP2_OUT_Callback
 .text.EP3_IN_Callback
                0x000000000000163a        0xa ./User/USBLIB/CONFIG/usb_endp.o
                0x000000000000163a                EP3_IN_Callback
 .text.USB_Istr
                0x0000000000001644      0x208 ./User/USBLIB/CONFIG/usb_istr.o
                0x0000000000001644                USB_Istr
 .text.USBD_SetConfiguration
                0x000000000000184c        0xe ./User/USBLIB/CONFIG/usb_prop.o
                0x000000000000184c                USBD_SetConfiguration
 .text.USBD_SetDeviceAddress
                0x000000000000185a        0x8 ./User/USBLIB/CONFIG/usb_prop.o
                0x000000000000185a                USBD_SetDeviceAddress
 .text.USBD_SetDeviceFeature
                0x0000000000001862        0x2 ./User/USBLIB/CONFIG/usb_prop.o
                0x0000000000001862                USBD_SetDeviceFeature
 .text.USBD_Get_Interface_Setting
                0x0000000000001864       0x10 ./User/USBLIB/CONFIG/usb_prop.o
                0x0000000000001864                USBD_Get_Interface_Setting
 .text.USB_CDC_GetLineCoding
                0x0000000000001874       0x12 ./User/USBLIB/CONFIG/usb_prop.o
                0x0000000000001874                USB_CDC_GetLineCoding
 .text.USB_CDC_SetLineCoding
                0x0000000000001886        0xa ./User/USBLIB/CONFIG/usb_prop.o
                0x0000000000001886                USB_CDC_SetLineCoding
 .text.USBD_Data_Setup
                0x0000000000001890       0x4a ./User/USBLIB/CONFIG/usb_prop.o
                0x0000000000001890                USBD_Data_Setup
 .text.USBD_NoData_Setup
                0x00000000000018da       0x28 ./User/USBLIB/CONFIG/usb_prop.o
                0x00000000000018da                USBD_NoData_Setup
 .text.USBD_init
                0x0000000000001902       0x46 ./User/USBLIB/CONFIG/usb_prop.o
                0x0000000000001902                USBD_init
 .text.USBD_Reset
                0x0000000000001948      0x258 ./User/USBLIB/CONFIG/usb_prop.o
                0x0000000000001948                USBD_Reset
 .text.USBD_GetDeviceDescriptor
                0x0000000000001ba0       0x10 ./User/USBLIB/CONFIG/usb_prop.o
                0x0000000000001ba0                USBD_GetDeviceDescriptor
 .text.USBD_GetConfigDescriptor
                0x0000000000001bb0       0x10 ./User/USBLIB/CONFIG/usb_prop.o
                0x0000000000001bb0                USBD_GetConfigDescriptor
 .text.USBD_GetStringDescriptor
                0x0000000000001bc0       0x28 ./User/USBLIB/CONFIG/usb_prop.o
                0x0000000000001bc0                USBD_GetStringDescriptor
 .text.USBD_Status_Out
                0x0000000000001be8        0x2 ./User/USBLIB/CONFIG/usb_prop.o
                0x0000000000001be8                USBD_Status_Out
 .text.USBD_ClearFeature
                0x0000000000001bea        0x2 ./User/USBLIB/CONFIG/usb_prop.o
                0x0000000000001bea                USBD_ClearFeature
 .text.USBD_Status_In
                0x0000000000001bec        0x2 ./User/USBLIB/CONFIG/usb_prop.o
                0x0000000000001bec                USBD_Status_In
 .text.PowerOn  0x0000000000001bee       0x2a ./User/USBLIB/CONFIG/usb_pwr.o
                0x0000000000001bee                PowerOn
 .text.Suspend  0x0000000000001c18       0xba ./User/USBLIB/CONFIG/usb_pwr.o
                0x0000000000001c18                Suspend
 .text.Resume_Init
                0x0000000000001cd2       0x2c ./User/USBLIB/CONFIG/usb_pwr.o
                0x0000000000001cd2                Resume_Init
 .text.Resume   0x0000000000001cfe       0xb6 ./User/USBLIB/CONFIG/usb_pwr.o
                0x0000000000001cfe                Resume
 .text.GPIO_INIT
                0x0000000000001db4       0x30 ./User/Main.o
                0x0000000000001db4                GPIO_INIT
 .text.startup.main
                0x0000000000001de4      0x15c ./User/Main.o
                0x0000000000001de4                main
 .text.NMI_Handler
                0x0000000000001f40        0x2 ./User/ch32v20x_it.o
                0x0000000000001f40                NMI_Handler
 .text.HardFault_Handler
                0x0000000000001f42        0x2 ./User/ch32v20x_it.o
                0x0000000000001f42                HardFault_Handler
 .text.SystemInit
                0x0000000000001f44       0xea ./User/system_ch32v20x.o
                0x0000000000001f44                SystemInit
 .text.SystemCoreClockUpdate
                0x000000000000202e       0x8e ./User/system_ch32v20x.o
                0x000000000000202e                SystemCoreClockUpdate
 .text.getLen   0x00000000000020bc       0x2a ./User/usb_serial.o
                0x00000000000020bc                getLen
 .text.usbSerial_println_s
                0x00000000000020e6       0x44 ./User/usb_serial.o
                0x00000000000020e6                usbSerial_println_s
 .text.vector_handler
                0x000000000000212a        0x2 ./Startup/startup_ch32v20x_D6.o
                0x000000000000212a                EXTI2_IRQHandler
                0x000000000000212a                TIM1_CC_IRQHandler
                0x000000000000212a                SysTick_Handler
                0x000000000000212a                PVD_IRQHandler
                0x000000000000212a                EXTI3_IRQHandler
                0x000000000000212a                USBFS_IRQHandler
                0x000000000000212a                EXTI0_IRQHandler
                0x000000000000212a                I2C2_EV_IRQHandler
                0x000000000000212a                ADC1_2_IRQHandler
                0x000000000000212a                Break_Point_Handler
                0x000000000000212a                SPI1_IRQHandler
                0x000000000000212a                TAMPER_IRQHandler
                0x000000000000212a                Ecall_M_Mode_Handler
                0x000000000000212a                DMA1_Channel4_IRQHandler
                0x000000000000212a                USART3_IRQHandler
                0x000000000000212a                RTC_IRQHandler
                0x000000000000212a                DMA1_Channel7_IRQHandler
                0x000000000000212a                CAN1_RX1_IRQHandler
                0x000000000000212a                TIM4_IRQHandler
                0x000000000000212a                I2C1_EV_IRQHandler
                0x000000000000212a                DMA1_Channel6_IRQHandler
                0x000000000000212a                UART4_IRQHandler
                0x000000000000212a                TIM3_IRQHandler
                0x000000000000212a                RCC_IRQHandler
                0x000000000000212a                TIM1_TRG_COM_IRQHandler
                0x000000000000212a                DMA1_Channel1_IRQHandler
                0x000000000000212a                EXTI15_10_IRQHandler
                0x000000000000212a                DMA1_Channel8_IRQHandler
                0x000000000000212a                EXTI9_5_IRQHandler
                0x000000000000212a                SPI2_IRQHandler
                0x000000000000212a                DMA1_Channel5_IRQHandler
                0x000000000000212a                EXTI4_IRQHandler
                0x000000000000212a                USB_HP_CAN1_TX_IRQHandler
                0x000000000000212a                DMA1_Channel3_IRQHandler
                0x000000000000212a                TIM1_UP_IRQHandler
                0x000000000000212a                WWDG_IRQHandler
                0x000000000000212a                Ecall_U_Mode_Handler
                0x000000000000212a                TIM2_IRQHandler
                0x000000000000212a                SW_Handler
                0x000000000000212a                TIM1_BRK_IRQHandler
                0x000000000000212a                EXTI1_IRQHandler
                0x000000000000212a                RTCAlarm_IRQHandler
                0x000000000000212a                USART2_IRQHandler
                0x000000000000212a                I2C2_ER_IRQHandler
                0x000000000000212a                DMA1_Channel2_IRQHandler
                0x000000000000212a                CAN1_SCE_IRQHandler
                0x000000000000212a                FLASH_IRQHandler
                0x000000000000212a                USBFSWakeUp_IRQHandler
                0x000000000000212a                USART1_IRQHandler
                0x000000000000212a                I2C1_ER_IRQHandler
                0x000000000000212a                USBWakeUp_IRQHandler
 .text.handle_reset
                0x000000000000212c       0x86 ./Startup/startup_ch32v20x_D6.o
                0x000000000000212c                handle_reset
 .text.GPIO_Init
                0x00000000000021b2       0xf2 ./Peripheral/src/ch32v20x_gpio.o
                0x00000000000021b2                GPIO_Init
 .text.GPIO_WriteBit
                0x00000000000022a4       0x1a ./Peripheral/src/ch32v20x_gpio.o
                0x00000000000022a4                GPIO_WriteBit
 .text.NVIC_PriorityGroupConfig
                0x00000000000022be        0x6 ./Peripheral/src/ch32v20x_misc.o
                0x00000000000022be                NVIC_PriorityGroupConfig
 .text.NVIC_Init
                0x00000000000022c4       0x54 ./Peripheral/src/ch32v20x_misc.o
                0x00000000000022c4                NVIC_Init
 .text.RCC_USBCLKConfig
                0x0000000000002318       0x1a ./Peripheral/src/ch32v20x_rcc.o
                0x0000000000002318                RCC_USBCLKConfig
 .text.RCC_GetClocksFreq
                0x0000000000002332       0xbe ./Peripheral/src/ch32v20x_rcc.o
                0x0000000000002332                RCC_GetClocksFreq
 .text.RCC_APB2PeriphClockCmd
                0x00000000000023f0       0x1e ./Peripheral/src/ch32v20x_rcc.o
                0x00000000000023f0                RCC_APB2PeriphClockCmd
 .text.RCC_APB1PeriphClockCmd
                0x000000000000240e       0x1e ./Peripheral/src/ch32v20x_rcc.o
                0x000000000000240e                RCC_APB1PeriphClockCmd
 .text.USART_Init
                0x000000000000242c       0x8e ./Peripheral/src/ch32v20x_usart.o
                0x000000000000242c                USART_Init
 .text.USART_Cmd
                0x00000000000024ba       0x16 ./Peripheral/src/ch32v20x_usart.o
                0x00000000000024ba                USART_Cmd
 .text.USART_SendData
                0x00000000000024d0        0x8 ./Peripheral/src/ch32v20x_usart.o
                0x00000000000024d0                USART_SendData
 .text.USART_GetFlagStatus
                0x00000000000024d8        0xa ./Peripheral/src/ch32v20x_usart.o
                0x00000000000024d8                USART_GetFlagStatus
 .text.Delay_Init
                0x00000000000024e2       0x26 ./Debug/debug.o
                0x00000000000024e2                Delay_Init
 .text.Delay_Ms
                0x0000000000002508       0x36 ./Debug/debug.o
                0x0000000000002508                Delay_Ms
 .text.USART_Printf_Init
                0x000000000000253e       0x54 ./Debug/debug.o
                0x000000000000253e                USART_Printf_Init
 .text._write   0x0000000000002592       0x3a ./Debug/debug.o
                0x0000000000002592                _write
 .text._sbrk    0x00000000000025cc       0x26 ./Debug/debug.o
                0x00000000000025cc                _sbrk
 .text.printf   0x00000000000025f2       0x3e c:/mounriver/mounriver_studio/toolchain/risc-v embedded gcc/bin/../lib/gcc/riscv-none-embed/8.2.0/../../../../riscv-none-embed/lib/rv32imacxw/ilp32\libg_nano.a(lib_a-printf.o)
                0x00000000000025f2                iprintf
                0x00000000000025f2                printf
 .text.std      0x0000000000002630       0x66 c:/mounriver/mounriver_studio/toolchain/risc-v embedded gcc/bin/../lib/gcc/riscv-none-embed/8.2.0/../../../../riscv-none-embed/lib/rv32imacxw/ilp32\libg_nano.a(lib_a-findfp.o)
 .text._cleanup_r
                0x0000000000002696        0xa c:/mounriver/mounriver_studio/toolchain/risc-v embedded gcc/bin/../lib/gcc/riscv-none-embed/8.2.0/../../../../riscv-none-embed/lib/rv32imacxw/ilp32\libg_nano.a(lib_a-findfp.o)
                0x0000000000002696                _cleanup_r
 .text.__sfmoreglue
                0x00000000000026a0       0x46 c:/mounriver/mounriver_studio/toolchain/risc-v embedded gcc/bin/../lib/gcc/riscv-none-embed/8.2.0/../../../../riscv-none-embed/lib/rv32imacxw/ilp32\libg_nano.a(lib_a-findfp.o)
                0x00000000000026a0                __sfmoreglue
 .text.__sinit  0x00000000000026e6       0x66 c:/mounriver/mounriver_studio/toolchain/risc-v embedded gcc/bin/../lib/gcc/riscv-none-embed/8.2.0/../../../../riscv-none-embed/lib/rv32imacxw/ilp32\libg_nano.a(lib_a-findfp.o)
                0x00000000000026e6                __sinit
 .text.__sfp    0x000000000000274c       0x9c c:/mounriver/mounriver_studio/toolchain/risc-v embedded gcc/bin/../lib/gcc/riscv-none-embed/8.2.0/../../../../riscv-none-embed/lib/rv32imacxw/ilp32\libg_nano.a(lib_a-findfp.o)
                0x000000000000274c                __sfp
 .text._fwalk_reent
                0x00000000000027e8       0x6a c:/mounriver/mounriver_studio/toolchain/risc-v embedded gcc/bin/../lib/gcc/riscv-none-embed/8.2.0/../../../../riscv-none-embed/lib/rv32imacxw/ilp32\libg_nano.a(lib_a-fwalk.o)
                0x00000000000027e8                _fwalk_reent
 .text._malloc_r
                0x0000000000002852       0xd4 c:/mounriver/mounriver_studio/toolchain/risc-v embedded gcc/bin/../lib/gcc/riscv-none-embed/8.2.0/../../../../riscv-none-embed/lib/rv32imacxw/ilp32\libg_nano.a(lib_a-nano-mallocr.o)
                0x0000000000002852                _malloc_r
 .text.__sfputc_r
                0x0000000000002926       0x26 c:/mounriver/mounriver_studio/toolchain/risc-v embedded gcc/bin/../lib/gcc/riscv-none-embed/8.2.0/../../../../riscv-none-embed/lib/rv32imacxw/ilp32\libg_nano.a(lib_a-nano-vfprintf.o)
 .text.__sfputs_r
                0x000000000000294c       0x40 c:/mounriver/mounriver_studio/toolchain/risc-v embedded gcc/bin/../lib/gcc/riscv-none-embed/8.2.0/../../../../riscv-none-embed/lib/rv32imacxw/ilp32\libg_nano.a(lib_a-nano-vfprintf.o)
                0x000000000000294c                __sfputs_r
 .text._vfprintf_r
                0x000000000000298c      0x28a c:/mounriver/mounriver_studio/toolchain/risc-v embedded gcc/bin/../lib/gcc/riscv-none-embed/8.2.0/../../../../riscv-none-embed/lib/rv32imacxw/ilp32\libg_nano.a(lib_a-nano-vfprintf.o)
                0x000000000000298c                _vfprintf_r
                0x000000000000298c                _vfiprintf_r
 .text._printf_common
                0x0000000000002c16      0x10c c:/mounriver/mounriver_studio/toolchain/risc-v embedded gcc/bin/../lib/gcc/riscv-none-embed/8.2.0/../../../../riscv-none-embed/lib/rv32imacxw/ilp32\libg_nano.a(lib_a-nano-vfprintf_i.o)
                0x0000000000002c16                _printf_common
 .text._printf_i
                0x0000000000002d22      0x2a2 c:/mounriver/mounriver_studio/toolchain/risc-v embedded gcc/bin/../lib/gcc/riscv-none-embed/8.2.0/../../../../riscv-none-embed/lib/rv32imacxw/ilp32\libg_nano.a(lib_a-nano-vfprintf_i.o)
                0x0000000000002d22                _printf_i
 .text._sbrk_r  0x0000000000002fc4       0x2a c:/mounriver/mounriver_studio/toolchain/risc-v embedded gcc/bin/../lib/gcc/riscv-none-embed/8.2.0/../../../../riscv-none-embed/lib/rv32imacxw/ilp32\libg_nano.a(lib_a-sbrkr.o)
                0x0000000000002fc4                _sbrk_r
 .text.__sread  0x0000000000002fee       0x2c c:/mounriver/mounriver_studio/toolchain/risc-v embedded gcc/bin/../lib/gcc/riscv-none-embed/8.2.0/../../../../riscv-none-embed/lib/rv32imacxw/ilp32\libg_nano.a(lib_a-stdio.o)
                0x0000000000002fee                __sread
 .text.__swrite
                0x000000000000301a       0x48 c:/mounriver/mounriver_studio/toolchain/risc-v embedded gcc/bin/../lib/gcc/riscv-none-embed/8.2.0/../../../../riscv-none-embed/lib/rv32imacxw/ilp32\libg_nano.a(lib_a-stdio.o)
                0x000000000000301a                __swrite
 .text.__sseek  0x0000000000003062       0x30 c:/mounriver/mounriver_studio/toolchain/risc-v embedded gcc/bin/../lib/gcc/riscv-none-embed/8.2.0/../../../../riscv-none-embed/lib/rv32imacxw/ilp32\libg_nano.a(lib_a-stdio.o)
                0x0000000000003062                __sseek
 .text.__sclose
                0x0000000000003092        0x6 c:/mounriver/mounriver_studio/toolchain/risc-v embedded gcc/bin/../lib/gcc/riscv-none-embed/8.2.0/../../../../riscv-none-embed/lib/rv32imacxw/ilp32\libg_nano.a(lib_a-stdio.o)
                0x0000000000003092                __sclose
 .text.__swbuf_r
                0x0000000000003098       0xbe c:/mounriver/mounriver_studio/toolchain/risc-v embedded gcc/bin/../lib/gcc/riscv-none-embed/8.2.0/../../../../riscv-none-embed/lib/rv32imacxw/ilp32\libg_nano.a(lib_a-wbuf.o)
                0x0000000000003098                __swbuf_r
 .text._write_r
                0x0000000000003156       0x2e c:/mounriver/mounriver_studio/toolchain/risc-v embedded gcc/bin/../lib/gcc/riscv-none-embed/8.2.0/../../../../riscv-none-embed/lib/rv32imacxw/ilp32\libg_nano.a(lib_a-writer.o)
                0x0000000000003156                _write_r
 .text.__swsetup_r
                0x0000000000003184       0xfe c:/mounriver/mounriver_studio/toolchain/risc-v embedded gcc/bin/../lib/gcc/riscv-none-embed/8.2.0/../../../../riscv-none-embed/lib/rv32imacxw/ilp32\libg_nano.a(lib_a-wsetup.o)
                0x0000000000003184                __swsetup_r
 .text._close_r
                0x0000000000003282       0x28 c:/mounriver/mounriver_studio/toolchain/risc-v embedded gcc/bin/../lib/gcc/riscv-none-embed/8.2.0/../../../../riscv-none-embed/lib/rv32imacxw/ilp32\libg_nano.a(lib_a-closer.o)
                0x0000000000003282                _close_r
 .text.__sflush_r
                0x00000000000032aa      0x130 c:/mounriver/mounriver_studio/toolchain/risc-v embedded gcc/bin/../lib/gcc/riscv-none-embed/8.2.0/../../../../riscv-none-embed/lib/rv32imacxw/ilp32\libg_nano.a(lib_a-fflush.o)
                0x00000000000032aa                __sflush_r
 .text._fflush_r
                0x00000000000033da       0x68 c:/mounriver/mounriver_studio/toolchain/risc-v embedded gcc/bin/../lib/gcc/riscv-none-embed/8.2.0/../../../../riscv-none-embed/lib/rv32imacxw/ilp32\libg_nano.a(lib_a-fflush.o)
                0x00000000000033da                _fflush_r
 .text._lseek_r
                0x0000000000003442       0x2c c:/mounriver/mounriver_studio/toolchain/risc-v embedded gcc/bin/../lib/gcc/riscv-none-embed/8.2.0/../../../../riscv-none-embed/lib/rv32imacxw/ilp32\libg_nano.a(lib_a-lseekr.o)
                0x0000000000003442                _lseek_r
 .text.__swhatbuf_r
                0x000000000000346e       0x56 c:/mounriver/mounriver_studio/toolchain/risc-v embedded gcc/bin/../lib/gcc/riscv-none-embed/8.2.0/../../../../riscv-none-embed/lib/rv32imacxw/ilp32\libg_nano.a(lib_a-makebuf.o)
                0x000000000000346e                __swhatbuf_r
 .text.__smakebuf_r
                0x00000000000034c4       0x90 c:/mounriver/mounriver_studio/toolchain/risc-v embedded gcc/bin/../lib/gcc/riscv-none-embed/8.2.0/../../../../riscv-none-embed/lib/rv32imacxw/ilp32\libg_nano.a(lib_a-makebuf.o)
                0x00000000000034c4                __smakebuf_r
 .text.memchr   0x0000000000003554       0x18 c:/mounriver/mounriver_studio/toolchain/risc-v embedded gcc/bin/../lib/gcc/riscv-none-embed/8.2.0/../../../../riscv-none-embed/lib/rv32imacxw/ilp32\libg_nano.a(lib_a-memchr.o)
                0x0000000000003554                memchr
 .text.__malloc_lock
                0x000000000000356c        0x2 c:/mounriver/mounriver_studio/toolchain/risc-v embedded gcc/bin/../lib/gcc/riscv-none-embed/8.2.0/../../../../riscv-none-embed/lib/rv32imacxw/ilp32\libg_nano.a(lib_a-mlock.o)
                0x000000000000356c                __malloc_lock
 .text.__malloc_unlock
                0x000000000000356e        0x2 c:/mounriver/mounriver_studio/toolchain/risc-v embedded gcc/bin/../lib/gcc/riscv-none-embed/8.2.0/../../../../riscv-none-embed/lib/rv32imacxw/ilp32\libg_nano.a(lib_a-mlock.o)
                0x000000000000356e                __malloc_unlock
 .text._free_r  0x0000000000003570       0xa4 c:/mounriver/mounriver_studio/toolchain/risc-v embedded gcc/bin/../lib/gcc/riscv-none-embed/8.2.0/../../../../riscv-none-embed/lib/rv32imacxw/ilp32\libg_nano.a(lib_a-nano-freer.o)
                0x0000000000003570                _free_r
 .text._read_r  0x0000000000003614       0x2c c:/mounriver/mounriver_studio/toolchain/risc-v embedded gcc/bin/../lib/gcc/riscv-none-embed/8.2.0/../../../../riscv-none-embed/lib/rv32imacxw/ilp32\libg_nano.a(lib_a-readr.o)
                0x0000000000003614                _read_r
 .text._fstat_r
                0x0000000000003640       0x2a c:/mounriver/mounriver_studio/toolchain/risc-v embedded gcc/bin/../lib/gcc/riscv-none-embed/8.2.0/../../../../riscv-none-embed/lib/rv32imacxw/ilp32\libg_nano.a(lib_a-fstatr.o)
                0x0000000000003640                _fstat_r
 .text._isatty_r
                0x000000000000366a       0x28 c:/mounriver/mounriver_studio/toolchain/risc-v embedded gcc/bin/../lib/gcc/riscv-none-embed/8.2.0/../../../../riscv-none-embed/lib/rv32imacxw/ilp32\libg_nano.a(lib_a-isattyr.o)
                0x000000000000366a                _isatty_r
 .text._close   0x0000000000003692        0xc c:/mounriver/mounriver_studio/toolchain/risc-v embedded gcc/bin/../lib/gcc/riscv-none-embed/8.2.0/../../../../riscv-none-embed/lib/rv32imacxw/ilp32\libnosys.a(close.o)
                0x0000000000003692                _close
 .text._fstat   0x000000000000369e        0xc c:/mounriver/mounriver_studio/toolchain/risc-v embedded gcc/bin/../lib/gcc/riscv-none-embed/8.2.0/../../../../riscv-none-embed/lib/rv32imacxw/ilp32\libnosys.a(fstat.o)
                0x000000000000369e                _fstat
 .text._isatty  0x00000000000036aa        0xc c:/mounriver/mounriver_studio/toolchain/risc-v embedded gcc/bin/../lib/gcc/riscv-none-embed/8.2.0/../../../../riscv-none-embed/lib/rv32imacxw/ilp32\libnosys.a(isatty.o)
                0x00000000000036aa                _isatty
 .text._lseek   0x00000000000036b6        0xc c:/mounriver/mounriver_studio/toolchain/risc-v embedded gcc/bin/../lib/gcc/riscv-none-embed/8.2.0/../../../../riscv-none-embed/lib/rv32imacxw/ilp32\libnosys.a(lseek.o)
                0x00000000000036b6                _lseek
 .text._read    0x00000000000036c2        0xc c:/mounriver/mounriver_studio/toolchain/risc-v embedded gcc/bin/../lib/gcc/riscv-none-embed/8.2.0/../../../../riscv-none-embed/lib/rv32imacxw/ilp32\libnosys.a(read.o)
                0x00000000000036c2                _read
 *(.rodata)
 *(.rodata*)
 *fill*         0x00000000000036ce        0x2 
 .rodata.USBD_ConfigDescriptor
                0x00000000000036d0       0x43 ./User/USBLIB/CONFIG/usb_desc.o
                0x00000000000036d0                USBD_ConfigDescriptor
 *fill*         0x0000000000003713        0x1 
 .rodata.USBD_DeviceDescriptor
                0x0000000000003714       0x12 ./User/USBLIB/CONFIG/usb_desc.o
                0x0000000000003714                USBD_DeviceDescriptor
 *fill*         0x0000000000003726        0x2 
 .rodata.USBD_StringProduct
                0x0000000000003728       0x16 ./User/USBLIB/CONFIG/usb_desc.o
                0x0000000000003728                USBD_StringProduct
 *fill*         0x000000000000373e        0x2 
 .rodata.USBD_StringVendor
                0x0000000000003740        0xe ./User/USBLIB/CONFIG/usb_desc.o
                0x0000000000003740                USBD_StringVendor
 *fill*         0x000000000000374e        0x2 
 .rodata.Resume
                0x0000000000003750       0x18 ./User/USBLIB/CONFIG/usb_pwr.o
 .rodata.main.str1.4
                0x0000000000003768       0x54 ./User/Main.o
 .rodata.__sf_fake_stderr
                0x00000000000037bc       0x20 c:/mounriver/mounriver_studio/toolchain/risc-v embedded gcc/bin/../lib/gcc/riscv-none-embed/8.2.0/../../../../riscv-none-embed/lib/rv32imacxw/ilp32\libg_nano.a(lib_a-findfp.o)
                0x00000000000037bc                __sf_fake_stderr
 .rodata.__sf_fake_stdin
                0x00000000000037dc       0x20 c:/mounriver/mounriver_studio/toolchain/risc-v embedded gcc/bin/../lib/gcc/riscv-none-embed/8.2.0/../../../../riscv-none-embed/lib/rv32imacxw/ilp32\libg_nano.a(lib_a-findfp.o)
                0x00000000000037dc                __sf_fake_stdin
 .rodata.__sf_fake_stdout
                0x00000000000037fc       0x20 c:/mounriver/mounriver_studio/toolchain/risc-v embedded gcc/bin/../lib/gcc/riscv-none-embed/8.2.0/../../../../riscv-none-embed/lib/rv32imacxw/ilp32\libg_nano.a(lib_a-findfp.o)
                0x00000000000037fc                __sf_fake_stdout
 .rodata._vfprintf_r.str1.4
                0x000000000000381c       0x13 c:/mounriver/mounriver_studio/toolchain/risc-v embedded gcc/bin/../lib/gcc/riscv-none-embed/8.2.0/../../../../riscv-none-embed/lib/rv32imacxw/ilp32\libg_nano.a(lib_a-nano-vfprintf.o)
 *fill*         0x000000000000382f        0x1 
 .rodata._printf_i.str1.4
                0x0000000000003830       0x28 c:/mounriver/mounriver_studio/toolchain/risc-v embedded gcc/bin/../lib/gcc/riscv-none-embed/8.2.0/../../../../riscv-none-embed/lib/rv32imacxw/ilp32\libg_nano.a(lib_a-nano-vfprintf_i.o)
                                         0x25 (size before relaxing)
 *(.gnu.linkonce.t.*)
                0x0000000000003858                . = ALIGN (0x4)

.rela.dyn       0x0000000000003858        0x0
 .rela.init     0x0000000000003858        0x0 ./User/USBLIB/USB-Driver/src/usb_core.o
 .rela.vector   0x0000000000003858        0x0 ./User/USBLIB/USB-Driver/src/usb_core.o
 .rela.text.handle_reset
                0x0000000000003858        0x0 ./User/USBLIB/USB-Driver/src/usb_core.o
 .rela.text._sbrk
                0x0000000000003858        0x0 ./User/USBLIB/USB-Driver/src/usb_core.o
 .rela.sdata.curbrk.4673
                0x0000000000003858        0x0 ./User/USBLIB/USB-Driver/src/usb_core.o
 .rela.text._vfprintf_r
                0x0000000000003858        0x0 ./User/USBLIB/USB-Driver/src/usb_core.o
 .rela.text._sbrk_r
                0x0000000000003858        0x0 ./User/USBLIB/USB-Driver/src/usb_core.o
 .rela.text._write_r
                0x0000000000003858        0x0 ./User/USBLIB/USB-Driver/src/usb_core.o
 .rela.text._close_r
                0x0000000000003858        0x0 ./User/USBLIB/USB-Driver/src/usb_core.o
 .rela.text._lseek_r
                0x0000000000003858        0x0 ./User/USBLIB/USB-Driver/src/usb_core.o
 .rela.text._read_r
                0x0000000000003858        0x0 ./User/USBLIB/USB-Driver/src/usb_core.o
 .rela.text._fstat_r
                0x0000000000003858        0x0 ./User/USBLIB/USB-Driver/src/usb_core.o
 .rela.text._isatty_r
                0x0000000000003858        0x0 ./User/USBLIB/USB-Driver/src/usb_core.o
 .rela.text._close
                0x0000000000003858        0x0 ./User/USBLIB/USB-Driver/src/usb_core.o
 .rela.text._fstat
                0x0000000000003858        0x0 ./User/USBLIB/USB-Driver/src/usb_core.o
 .rela.text._isatty
                0x0000000000003858        0x0 ./User/USBLIB/USB-Driver/src/usb_core.o
 .rela.text._lseek
                0x0000000000003858        0x0 ./User/USBLIB/USB-Driver/src/usb_core.o
 .rela.text._read
                0x0000000000003858        0x0 ./User/USBLIB/USB-Driver/src/usb_core.o

.fini           0x0000000000003858        0x0
 *(SORT_NONE(.fini))
                0x0000000000003858                . = ALIGN (0x4)
                [!provide]                        PROVIDE (_etext = .)
                [!provide]                        PROVIDE (_eitcm = .)

.preinit_array  0x0000000000003858        0x0
                [!provide]                        PROVIDE (__preinit_array_start = .)
 *(.preinit_array)
                [!provide]                        PROVIDE (__preinit_array_end = .)

.init_array     0x0000000000003858        0x0
                [!provide]                        PROVIDE (__init_array_start = .)
 *(SORT_BY_INIT_PRIORITY(.init_array.*) SORT_BY_INIT_PRIORITY(.ctors.*))
 *(.init_array EXCLUDE_FILE(*crtend?.o *crtend.o *crtbegin?.o *crtbegin.o) .ctors)
                [!provide]                        PROVIDE (__init_array_end = .)

.fini_array     0x0000000000003858        0x0
                [!provide]                        PROVIDE (__fini_array_start = .)
 *(SORT_BY_INIT_PRIORITY(.fini_array.*) SORT_BY_INIT_PRIORITY(.dtors.*))
 *(.fini_array EXCLUDE_FILE(*crtend?.o *crtend.o *crtbegin?.o *crtbegin.o) .dtors)
                [!provide]                        PROVIDE (__fini_array_end = .)

.ctors
 *crtbegin.o(.ctors)
 *crtbegin?.o(.ctors)
 *(EXCLUDE_FILE(*crtend?.o *crtend.o) .ctors)
 *(SORT_BY_NAME(.ctors.*))
 *(.ctors)

.dtors
 *crtbegin.o(.dtors)
 *crtbegin?.o(.dtors)
 *(EXCLUDE_FILE(*crtend?.o *crtend.o) .dtors)
 *(SORT_BY_NAME(.dtors.*))
 *(.dtors)

.dalign         0x0000000020000000        0x0 load address 0x0000000000003858
                0x0000000020000000                . = ALIGN (0x4)
                0x0000000020000000                PROVIDE (_data_vma = .)

.dlalign        0x0000000000003858        0x0
                0x0000000000003858                . = ALIGN (0x4)
                0x0000000000003858                PROVIDE (_data_lma = .)

.data           0x0000000020000000      0x188 load address 0x0000000000003858
 *(.gnu.linkonce.r.*)
 *(.data .data.*)
 .data.USBD_StringSerial
                0x0000000020000000       0x16 ./User/USBLIB/CONFIG/usb_desc.o
                0x0000000020000000                USBD_StringSerial
 *fill*         0x0000000020000016        0x2 
 .data.pEpInt_IN
                0x0000000020000018       0x1c ./User/USBLIB/CONFIG/usb_istr.o
                0x0000000020000018                pEpInt_IN
 .data.pEpInt_OUT
                0x0000000020000034       0x1c ./User/USBLIB/CONFIG/usb_istr.o
                0x0000000020000034                pEpInt_OUT
 .data.Device_Property
                0x0000000020000050       0x30 ./User/USBLIB/CONFIG/usb_prop.o
                0x0000000020000050                Device_Property
 .data.String_Descriptor
                0x0000000020000080       0x20 ./User/USBLIB/CONFIG/usb_prop.o
                0x0000000020000080                String_Descriptor
 .data.User_Standard_Requests
                0x00000000200000a0       0x24 ./User/USBLIB/CONFIG/usb_prop.o
                0x00000000200000a0                User_Standard_Requests
 .data.AHBPrescTable
                0x00000000200000c4       0x10 ./User/system_ch32v20x.o
                0x00000000200000c4                AHBPrescTable
 .data.APBAHBPrescTable
                0x00000000200000d4       0x10 ./Peripheral/src/ch32v20x_rcc.o
 .data.impure_data
                0x00000000200000e4       0x60 c:/mounriver/mounriver_studio/toolchain/risc-v embedded gcc/bin/../lib/gcc/riscv-none-embed/8.2.0/../../../../riscv-none-embed/lib/rv32imacxw/ilp32\libg_nano.a(lib_a-impure.o)
 *(.gnu.linkonce.d.*)
                0x0000000020000148                . = ALIGN (0x8)
 *fill*         0x0000000020000144        0x4 
                0x0000000020000948                PROVIDE (__global_pointer$ = (. + 0x800))
 *(.sdata .sdata.*)
 .sdata.USBD_Endp3_Busy
                0x0000000020000148        0x1 ./User/USBLIB/CONFIG/usb_endp.o
                0x0000000020000148                USBD_Endp3_Busy
 .sdata.usbNotReady
                0x0000000020000149        0x1 ./User/USBLIB/CONFIG/usb_endp.o
                0x0000000020000149                usbNotReady
 *fill*         0x000000002000014a        0x2 
 .sdata.Config_Descriptor
                0x000000002000014c        0x8 ./User/USBLIB/CONFIG/usb_prop.o
                0x000000002000014c                Config_Descriptor
 .sdata.Device_Descriptor
                0x0000000020000154        0x8 ./User/USBLIB/CONFIG/usb_prop.o
                0x0000000020000154                Device_Descriptor
 .sdata.Device_Table
                0x000000002000015c        0x2 ./User/USBLIB/CONFIG/usb_prop.o
                0x000000002000015c                Device_Table
 *fill*         0x000000002000015e        0x2 
 .sdata.cdc_comconfig
                0x0000000020000160        0x8 ./User/USBLIB/CONFIG/usb_prop.o
                0x0000000020000160                cdc_comconfig
 .sdata.fSuspendEnabled
                0x0000000020000168        0x4 ./User/USBLIB/CONFIG/usb_pwr.o
                0x0000000020000168                fSuspendEnabled
 .sdata.SystemCoreClock
                0x000000002000016c        0x4 ./User/system_ch32v20x.o
                0x000000002000016c                SystemCoreClock
 .sdata.ADCPrescTable
                0x0000000020000170        0x4 ./Peripheral/src/ch32v20x_rcc.o
 .sdata.curbrk.4673
                0x0000000020000174        0x4 ./Debug/debug.o
 .sdata._impure_ptr
                0x0000000020000178        0x4 c:/mounriver/mounriver_studio/toolchain/risc-v embedded gcc/bin/../lib/gcc/riscv-none-embed/8.2.0/../../../../riscv-none-embed/lib/rv32imacxw/ilp32\libg_nano.a(lib_a-impure.o)
                0x0000000020000178                _impure_ptr
 *(.sdata2.*)
 .sdata2.USBD_StringLangID
                0x000000002000017c        0x4 ./User/USBLIB/CONFIG/usb_desc.o
                0x000000002000017c                USBD_StringLangID
 .sdata2._global_impure_ptr
                0x0000000020000180        0x4 c:/mounriver/mounriver_studio/toolchain/risc-v embedded gcc/bin/../lib/gcc/riscv-none-embed/8.2.0/../../../../riscv-none-embed/lib/rv32imacxw/ilp32\libg_nano.a(lib_a-impure.o)
                0x0000000020000180                _global_impure_ptr
 *(.gnu.linkonce.s.*)
                0x0000000020000188                . = ALIGN (0x8)
 *fill*         0x0000000020000184        0x4 
 *(.srodata.cst16)
 *(.srodata.cst8)
 *(.srodata.cst4)
 *(.srodata.cst2)
 *(.srodata .srodata.*)
                0x0000000020000188                . = ALIGN (0x4)
                0x0000000020000188                PROVIDE (_edata = .)

.bss            0x0000000020000188      0x1d4 load address 0x00000000000039e0
                0x0000000020000188                . = ALIGN (0x4)
                0x0000000020000188                PROVIDE (_sbss = .)
 *(.sbss*)
 .sbss.Data_Mul_MaxPacketSize
                0x0000000020000188        0x4 ./User/USBLIB/USB-Driver/src/usb_core.o
                0x0000000020000188                Data_Mul_MaxPacketSize
 .sbss.StatusInfo
                0x000000002000018c        0x2 ./User/USBLIB/USB-Driver/src/usb_core.o
                0x000000002000018c                StatusInfo
 .sbss.EPindex  0x000000002000018e        0x1 ./User/USBLIB/USB-Driver/src/usb_init.o
                0x000000002000018e                EPindex
 *fill*         0x000000002000018f        0x1 
 .sbss.pInformation
                0x0000000020000190        0x4 ./User/USBLIB/USB-Driver/src/usb_init.o
                0x0000000020000190                pInformation
 .sbss.pProperty
                0x0000000020000194        0x4 ./User/USBLIB/USB-Driver/src/usb_init.o
                0x0000000020000194                pProperty
 .sbss.pUser_Standard_Requests
                0x0000000020000198        0x4 ./User/USBLIB/USB-Driver/src/usb_init.o
                0x0000000020000198                pUser_Standard_Requests
 .sbss.wInterrupt_Mask
                0x000000002000019c        0x2 ./User/USBLIB/USB-Driver/src/usb_init.o
                0x000000002000019c                wInterrupt_Mask
 .sbss.SaveRState
                0x000000002000019e        0x2 ./User/USBLIB/USB-Driver/src/usb_int.o
                0x000000002000019e                SaveRState
 .sbss.SaveTState
                0x00000000200001a0        0x2 ./User/USBLIB/USB-Driver/src/usb_int.o
                0x00000000200001a0                SaveTState
 .sbss.rxDataHead
                0x00000000200001a2        0x1 ./User/USBLIB/CONFIG/usb_endp.o
                0x00000000200001a2                rxDataHead
 .sbss.rxDataTail
                0x00000000200001a3        0x1 ./User/USBLIB/CONFIG/usb_endp.o
                0x00000000200001a3                rxDataTail
 .sbss.txCount  0x00000000200001a4        0x1 ./User/USBLIB/CONFIG/usb_endp.o
                0x00000000200001a4                txCount
 *fill*         0x00000000200001a5        0x1 
 .sbss.Ep0RxBlks
                0x00000000200001a6        0x2 ./User/USBLIB/CONFIG/usb_istr.o
                0x00000000200001a6                Ep0RxBlks
 .sbss.bIntPackSOF
                0x00000000200001a8        0x1 ./User/USBLIB/CONFIG/usb_istr.o
                0x00000000200001a8                bIntPackSOF
 *fill*         0x00000000200001a9        0x3 
 .sbss.esof_counter
                0x00000000200001ac        0x4 ./User/USBLIB/CONFIG/usb_istr.o
                0x00000000200001ac                esof_counter
 .sbss.wCNTR    0x00000000200001b0        0x4 ./User/USBLIB/CONFIG/usb_istr.o
                0x00000000200001b0                wCNTR
 .sbss.wIstr    0x00000000200001b4        0x2 ./User/USBLIB/CONFIG/usb_istr.o
                0x00000000200001b4                wIstr
 *fill*         0x00000000200001b6        0x2 
 .sbss.ResumeS  0x00000000200001b8        0x8 ./User/USBLIB/CONFIG/usb_pwr.o
                0x00000000200001b8                ResumeS
 .sbss.bDeviceState
                0x00000000200001c0        0x4 ./User/USBLIB/CONFIG/usb_pwr.o
                0x00000000200001c0                bDeviceState
 .sbss.remotewakeupon
                0x00000000200001c4        0x4 ./User/USBLIB/CONFIG/usb_pwr.o
                0x00000000200001c4                remotewakeupon
 .sbss.MCU_Version
                0x00000000200001c8        0x1 ./Peripheral/src/ch32v20x_gpio.o
                0x00000000200001c8                MCU_Version
 *fill*         0x00000000200001c9        0x3 
 .sbss.NVIC_Priority_Group
                0x00000000200001cc        0x4 ./Peripheral/src/ch32v20x_misc.o
                0x00000000200001cc                NVIC_Priority_Group
 .sbss.p_ms     0x00000000200001d0        0x2 ./Debug/debug.o
 .sbss.p_us     0x00000000200001d2        0x1 ./Debug/debug.o
 *fill*         0x00000000200001d3        0x1 
 .sbss.__malloc_free_list
                0x00000000200001d4        0x4 c:/mounriver/mounriver_studio/toolchain/risc-v embedded gcc/bin/../lib/gcc/riscv-none-embed/8.2.0/../../../../riscv-none-embed/lib/rv32imacxw/ilp32\libg_nano.a(lib_a-nano-mallocr.o)
                0x00000000200001d4                __malloc_free_list
 .sbss.__malloc_sbrk_start
                0x00000000200001d8        0x4 c:/mounriver/mounriver_studio/toolchain/risc-v embedded gcc/bin/../lib/gcc/riscv-none-embed/8.2.0/../../../../riscv-none-embed/lib/rv32imacxw/ilp32\libg_nano.a(lib_a-nano-mallocr.o)
                0x00000000200001d8                __malloc_sbrk_start
 *(.gnu.linkonce.sb.*)
 *(.bss*)
 .bss.Device_Info
                0x00000000200001dc       0x1c ./User/USBLIB/USB-Driver/src/usb_init.o
                0x00000000200001dc                Device_Info
 .bss.rxData    0x00000000200001f8      0x100 ./User/USBLIB/CONFIG/usb_endp.o
                0x00000000200001f8                rxData
 .bss.txData    0x00000000200002f8       0x40 ./User/USBLIB/CONFIG/usb_endp.o
                0x00000000200002f8                txData
 .bss.EP        0x0000000020000338       0x20 ./User/USBLIB/CONFIG/usb_pwr.o
                0x0000000020000338                EP
 *(.gnu.linkonce.b.*)
 *(COMMON*)
 COMMON         0x0000000020000358        0x4 c:/mounriver/mounriver_studio/toolchain/risc-v embedded gcc/bin/../lib/gcc/riscv-none-embed/8.2.0/../../../../riscv-none-embed/lib/rv32imacxw/ilp32\libg_nano.a(lib_a-reent.o)
                0x0000000020000358                errno
                0x000000002000035c                . = ALIGN (0x4)
                0x000000002000035c                PROVIDE (_ebss = .)
                0x000000002000035c                PROVIDE (_end = _ebss)
                [!provide]                        PROVIDE (end = .)

.stack          0x0000000020004800      0x800
                0x0000000020004800                PROVIDE (_heap_end = .)
                0x0000000020004800                . = ALIGN (0x4)
                [!provide]                        PROVIDE (_susrstack = .)
                0x0000000020005000                . = (. + __stack_size)
 *fill*         0x0000000020004800      0x800 
                0x0000000020005000                PROVIDE (_eusrstack = .)
OUTPUT(SimulateCDC.elf elf32-littleriscv)

.debug_info     0x0000000000000000    0x16305
 .debug_info    0x0000000000000000     0x1802 ./User/USBLIB/USB-Driver/src/usb_core.o
 .debug_info    0x0000000000001802      0xde5 ./User/USBLIB/USB-Driver/src/usb_init.o
 .debug_info    0x00000000000025e7      0xef1 ./User/USBLIB/USB-Driver/src/usb_int.o
 .debug_info    0x00000000000034d8      0xe81 ./User/USBLIB/USB-Driver/src/usb_mem.o
 .debug_info    0x0000000000004359     0x19df ./User/USBLIB/USB-Driver/src/usb_regs.o
 .debug_info    0x0000000000005d38      0xeeb ./User/USBLIB/USB-Driver/src/usb_sil.o
 .debug_info    0x0000000000006c23     0x127b ./User/USBLIB/CONFIG/hw_config.o
 .debug_info    0x0000000000007e9e      0xe83 ./User/USBLIB/CONFIG/usb_desc.o
 .debug_info    0x0000000000008d21     0x12a9 ./User/USBLIB/CONFIG/usb_endp.o
 .debug_info    0x0000000000009fca      0xf3b ./User/USBLIB/CONFIG/usb_istr.o
 .debug_info    0x000000000000af05     0x1517 ./User/USBLIB/CONFIG/usb_prop.o
 .debug_info    0x000000000000c41c      0xfe1 ./User/USBLIB/CONFIG/usb_pwr.o
 .debug_info    0x000000000000d3fd     0x126d ./User/Main.o
 .debug_info    0x000000000000e66a      0x962 ./User/ch32v20x_it.o
 .debug_info    0x000000000000efcc      0xb89 ./User/system_ch32v20x.o
 .debug_info    0x000000000000fb55     0x1105 ./User/usb_serial.o
 .debug_info    0x0000000000010c5a       0x22 ./Startup/startup_ch32v20x_D6.o
 .debug_info    0x0000000000010c7c     0x1354 ./Peripheral/src/ch32v20x_gpio.o
 .debug_info    0x0000000000011fd0      0xe6c ./Peripheral/src/ch32v20x_misc.o
 .debug_info    0x0000000000012e3c     0x125c ./Peripheral/src/ch32v20x_rcc.o
 .debug_info    0x0000000000014098     0x1340 ./Peripheral/src/ch32v20x_usart.o
 .debug_info    0x00000000000153d8      0xf2d ./Debug/debug.o

.debug_abbrev   0x0000000000000000     0x3e9a
 .debug_abbrev  0x0000000000000000      0x553 ./User/USBLIB/USB-Driver/src/usb_core.o
 .debug_abbrev  0x0000000000000553      0x223 ./User/USBLIB/USB-Driver/src/usb_init.o
 .debug_abbrev  0x0000000000000776      0x279 ./User/USBLIB/USB-Driver/src/usb_int.o
 .debug_abbrev  0x00000000000009ef      0x25a ./User/USBLIB/USB-Driver/src/usb_mem.o
 .debug_abbrev  0x0000000000000c49      0x3b2 ./User/USBLIB/USB-Driver/src/usb_regs.o
 .debug_abbrev  0x0000000000000ffb      0x2a0 ./User/USBLIB/USB-Driver/src/usb_sil.o
 .debug_abbrev  0x000000000000129b      0x2c7 ./User/USBLIB/CONFIG/hw_config.o
 .debug_abbrev  0x0000000000001562      0x205 ./User/USBLIB/CONFIG/usb_desc.o
 .debug_abbrev  0x0000000000001767      0x3f0 ./User/USBLIB/CONFIG/usb_endp.o
 .debug_abbrev  0x0000000000001b57      0x2af ./User/USBLIB/CONFIG/usb_istr.o
 .debug_abbrev  0x0000000000001e06      0x3ce ./User/USBLIB/CONFIG/usb_prop.o
 .debug_abbrev  0x00000000000021d4      0x2fa ./User/USBLIB/CONFIG/usb_pwr.o
 .debug_abbrev  0x00000000000024ce      0x2c5 ./User/Main.o
 .debug_abbrev  0x0000000000002793      0x1cf ./User/ch32v20x_it.o
 .debug_abbrev  0x0000000000002962      0x2c0 ./User/system_ch32v20x.o
 .debug_abbrev  0x0000000000002c22      0x2ec ./User/usb_serial.o
 .debug_abbrev  0x0000000000002f0e       0x12 ./Startup/startup_ch32v20x_D6.o
 .debug_abbrev  0x0000000000002f20      0x34b ./Peripheral/src/ch32v20x_gpio.o
 .debug_abbrev  0x000000000000326b      0x2ea ./Peripheral/src/ch32v20x_misc.o
 .debug_abbrev  0x0000000000003555      0x351 ./Peripheral/src/ch32v20x_rcc.o
 .debug_abbrev  0x00000000000038a6      0x312 ./Peripheral/src/ch32v20x_usart.o
 .debug_abbrev  0x0000000000003bb8      0x2e2 ./Debug/debug.o

.debug_loc      0x0000000000000000     0x3b10
 .debug_loc     0x0000000000000000      0xa1e ./User/USBLIB/USB-Driver/src/usb_core.o
 .debug_loc     0x0000000000000a1e       0xfa ./User/USBLIB/USB-Driver/src/usb_int.o
 .debug_loc     0x0000000000000b18      0x1dc ./User/USBLIB/USB-Driver/src/usb_mem.o
 .debug_loc     0x0000000000000cf4      0xb6f ./User/USBLIB/USB-Driver/src/usb_regs.o
 .debug_loc     0x0000000000001863       0xc4 ./User/USBLIB/USB-Driver/src/usb_sil.o
 .debug_loc     0x0000000000001927       0x3c ./User/USBLIB/CONFIG/hw_config.o
 .debug_loc     0x0000000000001963      0x106 ./User/USBLIB/CONFIG/usb_endp.o
 .debug_loc     0x0000000000001a69       0x42 ./User/USBLIB/CONFIG/usb_istr.o
 .debug_loc     0x0000000000001aab      0x1ca ./User/USBLIB/CONFIG/usb_prop.o
 .debug_loc     0x0000000000001c75      0x139 ./User/USBLIB/CONFIG/usb_pwr.o
 .debug_loc     0x0000000000001dae       0x49 ./User/Main.o
 .debug_loc     0x0000000000001df7       0xac ./User/system_ch32v20x.o
 .debug_loc     0x0000000000001ea3      0x37c ./User/usb_serial.o
 .debug_loc     0x000000000000221f      0x8a1 ./Peripheral/src/ch32v20x_gpio.o
 .debug_loc     0x0000000000002ac0       0x2d ./Peripheral/src/ch32v20x_misc.o
 .debug_loc     0x0000000000002aed      0x797 ./Peripheral/src/ch32v20x_rcc.o
 .debug_loc     0x0000000000003284      0x715 ./Peripheral/src/ch32v20x_usart.o
 .debug_loc     0x0000000000003999      0x177 ./Debug/debug.o

.debug_aranges  0x0000000000000000      0x8c8
 .debug_aranges
                0x0000000000000000       0x98 ./User/USBLIB/USB-Driver/src/usb_core.o
 .debug_aranges
                0x0000000000000098       0x20 ./User/USBLIB/USB-Driver/src/usb_init.o
 .debug_aranges
                0x00000000000000b8       0x28 ./User/USBLIB/USB-Driver/src/usb_int.o
 .debug_aranges
                0x00000000000000e0       0x28 ./User/USBLIB/USB-Driver/src/usb_mem.o
 .debug_aranges
                0x0000000000000108      0x1a0 ./User/USBLIB/USB-Driver/src/usb_regs.o
 .debug_aranges
                0x00000000000002a8       0x30 ./User/USBLIB/USB-Driver/src/usb_sil.o
 .debug_aranges
                0x00000000000002d8       0x48 ./User/USBLIB/CONFIG/hw_config.o
 .debug_aranges
                0x0000000000000320       0x18 ./User/USBLIB/CONFIG/usb_desc.o
 .debug_aranges
                0x0000000000000338       0x70 ./User/USBLIB/CONFIG/usb_endp.o
 .debug_aranges
                0x00000000000003a8       0x20 ./User/USBLIB/CONFIG/usb_istr.o
 .debug_aranges
                0x00000000000003c8       0x78 ./User/USBLIB/CONFIG/usb_prop.o
 .debug_aranges
                0x0000000000000440       0x40 ./User/USBLIB/CONFIG/usb_pwr.o
 .debug_aranges
                0x0000000000000480       0x28 ./User/Main.o
 .debug_aranges
                0x00000000000004a8       0x28 ./User/ch32v20x_it.o
 .debug_aranges
                0x00000000000004d0       0x28 ./User/system_ch32v20x.o
 .debug_aranges
                0x00000000000004f8       0x60 ./User/usb_serial.o
 .debug_aranges
                0x0000000000000558       0x30 ./Startup/startup_ch32v20x_D6.o
 .debug_aranges
                0x0000000000000588       0xb0 ./Peripheral/src/ch32v20x_gpio.o
 .debug_aranges
                0x0000000000000638       0x28 ./Peripheral/src/ch32v20x_misc.o
 .debug_aranges
                0x0000000000000660      0x128 ./Peripheral/src/ch32v20x_rcc.o
 .debug_aranges
                0x0000000000000788       0xf0 ./Peripheral/src/ch32v20x_usart.o
 .debug_aranges
                0x0000000000000878       0x50 ./Debug/debug.o

.debug_ranges   0x0000000000000000      0xb18
 .debug_ranges  0x0000000000000000      0x148 ./User/USBLIB/USB-Driver/src/usb_core.o
 .debug_ranges  0x0000000000000148       0x10 ./User/USBLIB/USB-Driver/src/usb_init.o
 .debug_ranges  0x0000000000000158       0x60 ./User/USBLIB/USB-Driver/src/usb_int.o
 .debug_ranges  0x00000000000001b8       0x18 ./User/USBLIB/USB-Driver/src/usb_mem.o
 .debug_ranges  0x00000000000001d0      0x338 ./User/USBLIB/USB-Driver/src/usb_regs.o
 .debug_ranges  0x0000000000000508       0x20 ./User/USBLIB/USB-Driver/src/usb_sil.o
 .debug_ranges  0x0000000000000528       0x38 ./User/USBLIB/CONFIG/hw_config.o
 .debug_ranges  0x0000000000000560       0xa0 ./User/USBLIB/CONFIG/usb_endp.o
 .debug_ranges  0x0000000000000600       0x10 ./User/USBLIB/CONFIG/usb_istr.o
 .debug_ranges  0x0000000000000610       0x68 ./User/USBLIB/CONFIG/usb_prop.o
 .debug_ranges  0x0000000000000678       0x30 ./User/USBLIB/CONFIG/usb_pwr.o
 .debug_ranges  0x00000000000006a8       0x50 ./User/Main.o
 .debug_ranges  0x00000000000006f8       0x18 ./User/ch32v20x_it.o
 .debug_ranges  0x0000000000000710       0x38 ./User/system_ch32v20x.o
 .debug_ranges  0x0000000000000748       0x88 ./User/usb_serial.o
 .debug_ranges  0x00000000000007d0       0x28 ./Startup/startup_ch32v20x_D6.o
 .debug_ranges  0x00000000000007f8       0xa0 ./Peripheral/src/ch32v20x_gpio.o
 .debug_ranges  0x0000000000000898       0x48 ./Peripheral/src/ch32v20x_misc.o
 .debug_ranges  0x00000000000008e0      0x118 ./Peripheral/src/ch32v20x_rcc.o
 .debug_ranges  0x00000000000009f8       0xe0 ./Peripheral/src/ch32v20x_usart.o
 .debug_ranges  0x0000000000000ad8       0x40 ./Debug/debug.o

.debug_line     0x0000000000000000     0xca80
 .debug_line    0x0000000000000000     0x1aad ./User/USBLIB/USB-Driver/src/usb_core.o
 .debug_line    0x0000000000001aad      0x334 ./User/USBLIB/USB-Driver/src/usb_init.o
 .debug_line    0x0000000000001de1      0x97d ./User/USBLIB/USB-Driver/src/usb_int.o
 .debug_line    0x000000000000275e      0x45a ./User/USBLIB/USB-Driver/src/usb_mem.o
 .debug_line    0x0000000000002bb8     0x11cf ./User/USBLIB/USB-Driver/src/usb_regs.o
 .debug_line    0x0000000000003d87      0x3ca ./User/USBLIB/USB-Driver/src/usb_sil.o
 .debug_line    0x0000000000004151      0x6ee ./User/USBLIB/CONFIG/hw_config.o
 .debug_line    0x000000000000483f      0x2cf ./User/USBLIB/CONFIG/usb_desc.o
 .debug_line    0x0000000000004b0e      0x9bd ./User/USBLIB/CONFIG/usb_endp.o
 .debug_line    0x00000000000054cb      0x6cf ./User/USBLIB/CONFIG/usb_istr.o
 .debug_line    0x0000000000005b9a      0x8b3 ./User/USBLIB/CONFIG/usb_prop.o
 .debug_line    0x000000000000644d      0x856 ./User/USBLIB/CONFIG/usb_pwr.o
 .debug_line    0x0000000000006ca3      0x7e5 ./User/Main.o
 .debug_line    0x0000000000007488      0x264 ./User/ch32v20x_it.o
 .debug_line    0x00000000000076ec      0x704 ./User/system_ch32v20x.o
 .debug_line    0x0000000000007df0      0x6fa ./User/usb_serial.o
 .debug_line    0x00000000000084ea      0x16a ./Startup/startup_ch32v20x_D6.o
 .debug_line    0x0000000000008654     0x16ab ./Peripheral/src/ch32v20x_gpio.o
 .debug_line    0x0000000000009cff      0x47d ./Peripheral/src/ch32v20x_misc.o
 .debug_line    0x000000000000a17c     0x120f ./Peripheral/src/ch32v20x_rcc.o
 .debug_line    0x000000000000b38b      0xf16 ./Peripheral/src/ch32v20x_usart.o
 .debug_line    0x000000000000c2a1      0x7df ./Debug/debug.o

.debug_str      0x0000000000000000     0x2ddf
 .debug_str     0x0000000000000000      0xdd1 ./User/USBLIB/USB-Driver/src/usb_core.o
                                        0xf99 (size before relaxing)
 .debug_str     0x0000000000000dd1       0x32 ./User/USBLIB/USB-Driver/src/usb_init.o
                                        0xa06 (size before relaxing)
 .debug_str     0x0000000000000e03       0x68 ./User/USBLIB/USB-Driver/src/usb_int.o
                                        0xa64 (size before relaxing)
 .debug_str     0x0000000000000e6b       0x58 ./User/USBLIB/USB-Driver/src/usb_mem.o
                                        0xa54 (size before relaxing)
 .debug_str     0x0000000000000ec3      0x389 ./User/USBLIB/USB-Driver/src/usb_regs.o
                                        0xddc (size before relaxing)
 .debug_str     0x000000000000124c       0x7e ./User/USBLIB/USB-Driver/src/usb_sil.o
                                        0xaac (size before relaxing)
 .debug_str     0x00000000000012ca      0x5af ./User/USBLIB/CONFIG/hw_config.o
                                        0xf98 (size before relaxing)
 .debug_str     0x0000000000001879       0x21 ./User/USBLIB/CONFIG/usb_desc.o
                                        0xa6a (size before relaxing)
 .debug_str     0x000000000000189a      0x143 ./User/USBLIB/CONFIG/usb_endp.o
                                        0xc45 (size before relaxing)
 .debug_str     0x00000000000019dd       0xc4 ./User/USBLIB/CONFIG/usb_istr.o
                                        0xaea (size before relaxing)
 .debug_str     0x0000000000001aa1      0x1b1 ./User/USBLIB/CONFIG/usb_prop.o
                                        0xe0e (size before relaxing)
 .debug_str     0x0000000000001c52       0x63 ./User/USBLIB/CONFIG/usb_pwr.o
                                        0xb82 (size before relaxing)
 .debug_str     0x0000000000001cb5      0x1d4 ./User/Main.o
                                        0xc64 (size before relaxing)
 .debug_str     0x0000000000001e89       0x34 ./User/ch32v20x_it.o
                                        0x5db (size before relaxing)
 .debug_str     0x0000000000001ebd       0xdd ./User/system_ch32v20x.o
                                        0x6f1 (size before relaxing)
 .debug_str     0x0000000000001f9a       0x99 ./User/usb_serial.o
                                        0xaa9 (size before relaxing)
 .debug_str     0x0000000000002033       0x76 ./Startup/startup_ch32v20x_D6.o
                                         0xd7 (size before relaxing)
 .debug_str     0x00000000000020a9      0x2bf ./Peripheral/src/ch32v20x_gpio.o
                                        0xa2a (size before relaxing)
 .debug_str     0x0000000000002368      0x173 ./Peripheral/src/ch32v20x_misc.o
                                        0xaec (size before relaxing)
 .debug_str     0x00000000000024db      0x3e6 ./Peripheral/src/ch32v20x_rcc.o
                                        0xb2a (size before relaxing)
 .debug_str     0x00000000000028c1      0x444 ./Peripheral/src/ch32v20x_usart.o
                                        0xb58 (size before relaxing)
 .debug_str     0x0000000000002d05       0xda ./Debug/debug.o
                                        0x97f (size before relaxing)

.comment        0x0000000000000000       0x33
 .comment       0x0000000000000000       0x33 ./User/USBLIB/USB-Driver/src/usb_core.o
                                         0x34 (size before relaxing)
 .comment       0x0000000000000033       0x34 ./User/USBLIB/USB-Driver/src/usb_init.o
 .comment       0x0000000000000033       0x34 ./User/USBLIB/USB-Driver/src/usb_int.o
 .comment       0x0000000000000033       0x34 ./User/USBLIB/USB-Driver/src/usb_mem.o
 .comment       0x0000000000000033       0x34 ./User/USBLIB/USB-Driver/src/usb_regs.o
 .comment       0x0000000000000033       0x34 ./User/USBLIB/USB-Driver/src/usb_sil.o
 .comment       0x0000000000000033       0x34 ./User/USBLIB/CONFIG/hw_config.o
 .comment       0x0000000000000033       0x34 ./User/USBLIB/CONFIG/usb_desc.o
 .comment       0x0000000000000033       0x34 ./User/USBLIB/CONFIG/usb_endp.o
 .comment       0x0000000000000033       0x34 ./User/USBLIB/CONFIG/usb_istr.o
 .comment       0x0000000000000033       0x34 ./User/USBLIB/CONFIG/usb_prop.o
 .comment       0x0000000000000033       0x34 ./User/USBLIB/CONFIG/usb_pwr.o
 .comment       0x0000000000000033       0x34 ./User/Main.o
 .comment       0x0000000000000033       0x34 ./User/ch32v20x_it.o
 .comment       0x0000000000000033       0x34 ./User/system_ch32v20x.o
 .comment       0x0000000000000033       0x34 ./User/usb_serial.o
 .comment       0x0000000000000033       0x34 ./Peripheral/src/ch32v20x_gpio.o
 .comment       0x0000000000000033       0x34 ./Peripheral/src/ch32v20x_misc.o
 .comment       0x0000000000000033       0x34 ./Peripheral/src/ch32v20x_rcc.o
 .comment       0x0000000000000033       0x34 ./Peripheral/src/ch32v20x_usart.o
 .comment       0x0000000000000033       0x34 ./Debug/debug.o

.debug_frame    0x0000000000000000     0x1c8c
 .debug_frame   0x0000000000000000      0x204 ./User/USBLIB/USB-Driver/src/usb_core.o
 .debug_frame   0x0000000000000204       0x2c ./User/USBLIB/USB-Driver/src/usb_init.o
 .debug_frame   0x0000000000000230       0x78 ./User/USBLIB/USB-Driver/src/usb_int.o
 .debug_frame   0x00000000000002a8       0x30 ./User/USBLIB/USB-Driver/src/usb_mem.o
 .debug_frame   0x00000000000002d8      0x438 ./User/USBLIB/USB-Driver/src/usb_regs.o
 .debug_frame   0x0000000000000710       0x68 ./User/USBLIB/USB-Driver/src/usb_sil.o
 .debug_frame   0x0000000000000778       0xa0 ./User/USBLIB/CONFIG/hw_config.o
 .debug_frame   0x0000000000000818      0x134 ./User/USBLIB/CONFIG/usb_endp.o
 .debug_frame   0x000000000000094c       0x3c ./User/USBLIB/CONFIG/usb_istr.o
 .debug_frame   0x0000000000000988      0x164 ./User/USBLIB/CONFIG/usb_prop.o
 .debug_frame   0x0000000000000aec       0x88 ./User/USBLIB/CONFIG/usb_pwr.o
 .debug_frame   0x0000000000000b74       0x60 ./User/Main.o
 .debug_frame   0x0000000000000bd4       0x30 ./User/ch32v20x_it.o
 .debug_frame   0x0000000000000c04       0x3c ./User/system_ch32v20x.o
 .debug_frame   0x0000000000000c40      0x10c ./User/usb_serial.o
 .debug_frame   0x0000000000000d4c      0x170 ./Peripheral/src/ch32v20x_gpio.o
 .debug_frame   0x0000000000000ebc       0x30 ./Peripheral/src/ch32v20x_misc.o
 .debug_frame   0x0000000000000eec      0x244 ./Peripheral/src/ch32v20x_rcc.o
 .debug_frame   0x0000000000001130      0x1e4 ./Peripheral/src/ch32v20x_usart.o
 .debug_frame   0x0000000000001314       0xb8 ./Debug/debug.o
 .debug_frame   0x00000000000013cc       0x54 c:/mounriver/mounriver_studio/toolchain/risc-v embedded gcc/bin/../lib/gcc/riscv-none-embed/8.2.0/../../../../riscv-none-embed/lib/rv32imacxw/ilp32\libg_nano.a(lib_a-printf.o)
 .debug_frame   0x0000000000001420      0x148 c:/mounriver/mounriver_studio/toolchain/risc-v embedded gcc/bin/../lib/gcc/riscv-none-embed/8.2.0/../../../../riscv-none-embed/lib/rv32imacxw/ilp32\libg_nano.a(lib_a-findfp.o)
 .debug_frame   0x0000000000001568       0x88 c:/mounriver/mounriver_studio/toolchain/risc-v embedded gcc/bin/../lib/gcc/riscv-none-embed/8.2.0/../../../../riscv-none-embed/lib/rv32imacxw/ilp32\libg_nano.a(lib_a-fwalk.o)
 .debug_frame   0x00000000000015f0       0x40 c:/mounriver/mounriver_studio/toolchain/risc-v embedded gcc/bin/../lib/gcc/riscv-none-embed/8.2.0/../../../../riscv-none-embed/lib/rv32imacxw/ilp32\libg_nano.a(lib_a-nano-mallocr.o)
 .debug_frame   0x0000000000001630       0xd0 c:/mounriver/mounriver_studio/toolchain/risc-v embedded gcc/bin/../lib/gcc/riscv-none-embed/8.2.0/../../../../riscv-none-embed/lib/rv32imacxw/ilp32\libg_nano.a(lib_a-nano-vfprintf.o)
 .debug_frame   0x0000000000001700       0x8c c:/mounriver/mounriver_studio/toolchain/risc-v embedded gcc/bin/../lib/gcc/riscv-none-embed/8.2.0/../../../../riscv-none-embed/lib/rv32imacxw/ilp32\libg_nano.a(lib_a-nano-vfprintf_i.o)
 .debug_frame   0x000000000000178c       0x30 c:/mounriver/mounriver_studio/toolchain/risc-v embedded gcc/bin/../lib/gcc/riscv-none-embed/8.2.0/../../../../riscv-none-embed/lib/rv32imacxw/ilp32\libg_nano.a(lib_a-sbrkr.o)
 .debug_frame   0x00000000000017bc       0xa4 c:/mounriver/mounriver_studio/toolchain/risc-v embedded gcc/bin/../lib/gcc/riscv-none-embed/8.2.0/../../../../riscv-none-embed/lib/rv32imacxw/ilp32\libg_nano.a(lib_a-stdio.o)
 .debug_frame   0x0000000000001860       0x50 c:/mounriver/mounriver_studio/toolchain/risc-v embedded gcc/bin/../lib/gcc/riscv-none-embed/8.2.0/../../../../riscv-none-embed/lib/rv32imacxw/ilp32\libg_nano.a(lib_a-wbuf.o)
 .debug_frame   0x00000000000018b0       0x30 c:/mounriver/mounriver_studio/toolchain/risc-v embedded gcc/bin/../lib/gcc/riscv-none-embed/8.2.0/../../../../riscv-none-embed/lib/rv32imacxw/ilp32\libg_nano.a(lib_a-writer.o)
 .debug_frame   0x00000000000018e0       0x3c c:/mounriver/mounriver_studio/toolchain/risc-v embedded gcc/bin/../lib/gcc/riscv-none-embed/8.2.0/../../../../riscv-none-embed/lib/rv32imacxw/ilp32\libg_nano.a(lib_a-wsetup.o)
 .debug_frame   0x000000000000191c       0x30 c:/mounriver/mounriver_studio/toolchain/risc-v embedded gcc/bin/../lib/gcc/riscv-none-embed/8.2.0/../../../../riscv-none-embed/lib/rv32imacxw/ilp32\libg_nano.a(lib_a-closer.o)
 .debug_frame   0x000000000000194c       0x7c c:/mounriver/mounriver_studio/toolchain/risc-v embedded gcc/bin/../lib/gcc/riscv-none-embed/8.2.0/../../../../riscv-none-embed/lib/rv32imacxw/ilp32\libg_nano.a(lib_a-fflush.o)
 .debug_frame   0x00000000000019c8       0x30 c:/mounriver/mounriver_studio/toolchain/risc-v embedded gcc/bin/../lib/gcc/riscv-none-embed/8.2.0/../../../../riscv-none-embed/lib/rv32imacxw/ilp32\libg_nano.a(lib_a-lseekr.o)
 .debug_frame   0x00000000000019f8       0x64 c:/mounriver/mounriver_studio/toolchain/risc-v embedded gcc/bin/../lib/gcc/riscv-none-embed/8.2.0/../../../../riscv-none-embed/lib/rv32imacxw/ilp32\libg_nano.a(lib_a-makebuf.o)
 .debug_frame   0x0000000000001a5c       0x20 c:/mounriver/mounriver_studio/toolchain/risc-v embedded gcc/bin/../lib/gcc/riscv-none-embed/8.2.0/../../../../riscv-none-embed/lib/rv32imacxw/ilp32\libg_nano.a(lib_a-memchr.o)
 .debug_frame   0x0000000000001a7c       0x30 c:/mounriver/mounriver_studio/toolchain/risc-v embedded gcc/bin/../lib/gcc/riscv-none-embed/8.2.0/../../../../riscv-none-embed/lib/rv32imacxw/ilp32\libg_nano.a(lib_a-mlock.o)
 .debug_frame   0x0000000000001aac       0x40 c:/mounriver/mounriver_studio/toolchain/risc-v embedded gcc/bin/../lib/gcc/riscv-none-embed/8.2.0/../../../../riscv-none-embed/lib/rv32imacxw/ilp32\libg_nano.a(lib_a-nano-freer.o)
 .debug_frame   0x0000000000001aec       0x30 c:/mounriver/mounriver_studio/toolchain/risc-v embedded gcc/bin/../lib/gcc/riscv-none-embed/8.2.0/../../../../riscv-none-embed/lib/rv32imacxw/ilp32\libg_nano.a(lib_a-readr.o)
 .debug_frame   0x0000000000001b1c       0x70 c:/mounriver/mounriver_studio/toolchain/risc-v embedded gcc/bin/../lib/gcc/riscv-none-embed/8.2.0/../../../../riscv-none-embed/lib/rv32imacxw/ilp32\libg_nano.a(lib_a-reent.o)
 .debug_frame   0x0000000000001b8c       0x30 c:/mounriver/mounriver_studio/toolchain/risc-v embedded gcc/bin/../lib/gcc/riscv-none-embed/8.2.0/../../../../riscv-none-embed/lib/rv32imacxw/ilp32\libg_nano.a(lib_a-fstatr.o)
 .debug_frame   0x0000000000001bbc       0x30 c:/mounriver/mounriver_studio/toolchain/risc-v embedded gcc/bin/../lib/gcc/riscv-none-embed/8.2.0/../../../../riscv-none-embed/lib/rv32imacxw/ilp32\libg_nano.a(lib_a-isattyr.o)
 .debug_frame   0x0000000000001bec       0x20 c:/mounriver/mounriver_studio/toolchain/risc-v embedded gcc/bin/../lib/gcc/riscv-none-embed/8.2.0/../../../../riscv-none-embed/lib/rv32imacxw/ilp32\libnosys.a(close.o)
 .debug_frame   0x0000000000001c0c       0x20 c:/mounriver/mounriver_studio/toolchain/risc-v embedded gcc/bin/../lib/gcc/riscv-none-embed/8.2.0/../../../../riscv-none-embed/lib/rv32imacxw/ilp32\libnosys.a(fstat.o)
 .debug_frame   0x0000000000001c2c       0x20 c:/mounriver/mounriver_studio/toolchain/risc-v embedded gcc/bin/../lib/gcc/riscv-none-embed/8.2.0/../../../../riscv-none-embed/lib/rv32imacxw/ilp32\libnosys.a(isatty.o)
 .debug_frame   0x0000000000001c4c       0x20 c:/mounriver/mounriver_studio/toolchain/risc-v embedded gcc/bin/../lib/gcc/riscv-none-embed/8.2.0/../../../../riscv-none-embed/lib/rv32imacxw/ilp32\libnosys.a(lseek.o)
 .debug_frame   0x0000000000001c6c       0x20 c:/mounriver/mounriver_studio/toolchain/risc-v embedded gcc/bin/../lib/gcc/riscv-none-embed/8.2.0/../../../../riscv-none-embed/lib/rv32imacxw/ilp32\libnosys.a(read.o)

.stab           0x0000000000000000       0x84
 .stab          0x0000000000000000       0x24 c:/mounriver/mounriver_studio/toolchain/risc-v embedded gcc/bin/../lib/gcc/riscv-none-embed/8.2.0/../../../../riscv-none-embed/lib/rv32imacxw/ilp32\libnosys.a(close.o)
 .stab          0x0000000000000024       0x18 c:/mounriver/mounriver_studio/toolchain/risc-v embedded gcc/bin/../lib/gcc/riscv-none-embed/8.2.0/../../../../riscv-none-embed/lib/rv32imacxw/ilp32\libnosys.a(fstat.o)
                                         0x24 (size before relaxing)
 .stab          0x000000000000003c       0x18 c:/mounriver/mounriver_studio/toolchain/risc-v embedded gcc/bin/../lib/gcc/riscv-none-embed/8.2.0/../../../../riscv-none-embed/lib/rv32imacxw/ilp32\libnosys.a(isatty.o)
                                         0x24 (size before relaxing)
 .stab          0x0000000000000054       0x18 c:/mounriver/mounriver_studio/toolchain/risc-v embedded gcc/bin/../lib/gcc/riscv-none-embed/8.2.0/../../../../riscv-none-embed/lib/rv32imacxw/ilp32\libnosys.a(lseek.o)
                                         0x24 (size before relaxing)
 .stab          0x000000000000006c       0x18 c:/mounriver/mounriver_studio/toolchain/risc-v embedded gcc/bin/../lib/gcc/riscv-none-embed/8.2.0/../../../../riscv-none-embed/lib/rv32imacxw/ilp32\libnosys.a(read.o)
                                         0x24 (size before relaxing)

.stabstr        0x0000000000000000      0x117
 .stabstr       0x0000000000000000      0x117 c:/mounriver/mounriver_studio/toolchain/risc-v embedded gcc/bin/../lib/gcc/riscv-none-embed/8.2.0/../../../../riscv-none-embed/lib/rv32imacxw/ilp32\libnosys.a(close.o)
